Archive member included because of file (symbol)

../../ecrobot/../ecrobot/libecrobot.a(ecrobot_HiTechnic.o)
                              build/tetrix.o (ecrobot_init_tetrix)
../../ecrobot/../ecrobot/libecrobot.a(ecrobot_interface.o)
                              ../../ecrobot/../ecrobot/libecrobot.a(ecrobot_HiTechnic.o) (ecrobot_init_i2c)
../../ecrobot/../ecrobot/libecrobot.a(colorsensor.o)
                              ../../ecrobot/../ecrobot/libecrobot.a(ecrobot_interface.o) (colorsensor_init)
../../ecrobot/../ecrobot/libecrobot.a(osek_hook.o)
                              build/kernel/osctl.o (StartupHook)
../../ecrobot/../ecrobot/libecrobot.a(uart.oram)
                              build/config/at91sam7s-gnu/irq.oram (uart_isr_C_0)
../../ecrobot/../ecrobot/libecrobot.a(systick.oram)
                              build/syslib/at91sam7s-gnu/lego_nxt/hw_sys_timer.oram (systick_low_priority_C)
../../ecrobot/../ecrobot/libecrobot.a(byte_fifo.oram)
                              ../../ecrobot/../ecrobot/libecrobot.a(uart.oram) (byte_fifo_init)
../../ecrobot/../ecrobot/libecrobot.a(aic.oram)
                              ../../ecrobot/../ecrobot/libecrobot.a(uart.oram) (aic_set_vector)
../../ecrobot/../ecrobot/libecrobot.a(udp.oram)
                              build/config/at91sam7s-gnu/irq.oram (udp_isr_C)
../../ecrobot/../ecrobot/libecrobot.a(twi.oram)
                              build/config/at91sam7s-gnu/irq.oram (twi_isr_C)
../../ecrobot/../ecrobot/libecrobot.a(nxt_spi.oram)
                              build/config/at91sam7s-gnu/irq.oram (spi_isr_C)
../../ecrobot/../ecrobot/libecrobot.a(nxt_motors.oram)
                              ../../ecrobot/../ecrobot/libecrobot.a(ecrobot_interface.o) (nxt_motor_get_count)
../../ecrobot/../ecrobot/libecrobot.a(data_abort.oram)
                              build/ecrobot_init.o (data_abort_C)
../../ecrobot/../ecrobot/libecrobot.a(display.oram)
                              build/ecrobot_base.o (display_update)
../../ecrobot/../ecrobot/libecrobot.a(i2c.oram)
                              build/config/at91sam7s-gnu/irq.oram (i2c_timer_isr_C)
../../ecrobot/../ecrobot/libecrobot.a(sound.oram)
                              ../../ecrobot/../ecrobot/libecrobot.a(ecrobot_interface.o) (sound_freq_vol)
../../ecrobot/../ecrobot/libecrobot.a(bt.oram)
                              build/ecrobot_bluetooth.o (bt_send)
../../ecrobot/../ecrobot/libecrobot.a(nxt_avr.oram)
                              build/ecrobot_base.o (nxt_avr_power_down)
../../ecrobot/../ecrobot/libecrobot.a(sensors.oram)
                              ../../ecrobot/../ecrobot/libecrobot.a(ecrobot_interface.o) (set_digi0)
../../ecrobot/../ecrobot/libecrobot.a(sensors1.oram)
                              ../../ecrobot/../ecrobot/libecrobot.a(colorsensor.o) (sp_read)
../../ecrobot/../ecrobot/libecrobot.a(nxt_lcd.oram)
                              ../../ecrobot/../ecrobot/libecrobot.a(display.oram) (nxt_lcd_force_update)
../../ecrobot/../ecrobot/libecrobot.a(flash_loader.oram)
                              build/ecrobot_base.o (set_flash_request)
../../ecrobot/../ecrobot/libecrobot.a(interrupts.oram)
                              ../../ecrobot/../ecrobot/libecrobot.a(uart.oram) (interrupts_get_and_disable)
../../ecrobot/../ecrobot/libecrobot.a(nxtosek_splash.obmp)
                              build/ecrobot_base.o (nxtosek_splash_bmp_start)
../../ecrobot/../ecrobot/libecrobot.a(ecrobot_usb.o)
                              ../../ecrobot/../ecrobot/libecrobot.a(flash_loader.oram) (ecrobot_init_usb)
../../ecrobot/../ecrobot/libecrobot.a(flashprog.oram)
                              ../../ecrobot/../ecrobot/libecrobot.a(flash_loader.oram) (flash_write_page)
/home/adrian/CodeSourcery/Sourcery_CodeBench_Lite_for_ARM_EABI/bin/../lib/gcc/arm-none-eabi/4.6.3/thumb/libgcc.a(_thumb1_case_uqi.o)
                              ../../ecrobot/../ecrobot/libecrobot.a(uart.oram) (__gnu_thumb1_case_uqi)
/home/adrian/CodeSourcery/Sourcery_CodeBench_Lite_for_ARM_EABI/bin/../lib/gcc/arm-none-eabi/4.6.3/thumb/libgcc.a(_thumb1_case_uhi.o)
                              ../../ecrobot/../ecrobot/libecrobot.a(i2c.oram) (__gnu_thumb1_case_uhi)
/home/adrian/CodeSourcery/Sourcery_CodeBench_Lite_for_ARM_EABI/bin/../lib/gcc/arm-none-eabi/4.6.3/thumb/libgcc.a(_udivsi3.o)
                              build/ecrobot_base.o (__aeabi_uidiv)
/home/adrian/CodeSourcery/Sourcery_CodeBench_Lite_for_ARM_EABI/bin/../lib/gcc/arm-none-eabi/4.6.3/thumb/libgcc.a(_divsi3.o)
                              ../../ecrobot/../ecrobot/libecrobot.a(uart.oram) (__aeabi_idiv)
/home/adrian/CodeSourcery/Sourcery_CodeBench_Lite_for_ARM_EABI/bin/../lib/gcc/arm-none-eabi/4.6.3/thumb/libgcc.a(_dvmd_tls.o)
                              /home/adrian/CodeSourcery/Sourcery_CodeBench_Lite_for_ARM_EABI/bin/../lib/gcc/arm-none-eabi/4.6.3/thumb/libgcc.a(_udivsi3.o) (__aeabi_idiv0)
[...]
Memory Configuration

Name             Origin             Length             Attributes
header_ram       0x001ffff0         0x00000010
vector_ram       0x00200000         0x00000040
ram              0x00200040         0x0000ffc0
*default*        0x00000000         0xffffffff

Linker script and memory map

LOAD build/kernel/alarm.o
LOAD build/kernel/event.o
LOAD build/kernel/interrupt.o
LOAD build/kernel/osctl.o
LOAD build/kernel/resource.o
LOAD build/kernel/task.o
LOAD build/kernel/task_manage.o
LOAD build/config/at91sam7s-gnu/cpu_config.o
LOAD build/config/at91sam7s-gnu/lego_nxt/sys_config.o
LOAD build/./kernel_cfg.o
LOAD build/syscalls.o
LOAD build/ecrobot_bluetooth.o
LOAD build/ecrobot_base.o
LOAD build/ecrobot.o
LOAD build/tetrix.o
LOAD build/syslib/at91sam7s-gnu/lego_nxt/hw_sys_timer.oram
LOAD build/nxtvm/platform/nxt/vectors.o
LOAD build/config/at91sam7s-gnu/debug.o
LOAD build/config/at91sam7s-gnu/lego_nxt/sys_support.o
LOAD build/nxt_binary_header.o
LOAD build/nxt_entry_point.o
LOAD build/ecrobot_init.o
LOAD build/config/at91sam7s-gnu/cpu_support.oram
LOAD build/config/at91sam7s-gnu/irq.oram
LOAD ../../ecrobot/../c++/liblejososek.a
LOAD ../../ecrobot/../ecrobot/libecrobot.a
LOAD /home/adrian/CodeSourcery/Sourcery_CodeBench_Lite_for_ARM_EABI/bin/../lib/gcc/arm-none-eabi/4.6.3/../../../../arm-none-eabi/lib/thumb/libstdc++.a
LOAD /home/adrian/CodeSourcery/Sourcery_CodeBench_Lite_for_ARM_EABI/bin/../lib/gcc/arm-none-eabi/4.6.3/../../../../arm-none-eabi/lib/thumb/libm.a
START GROUP
LOAD /home/adrian/CodeSourcery/Sourcery_CodeBench_Lite_for_ARM_EABI/bin/../lib/gcc/arm-none-eabi/4.6.3/thumb/libgcc.a
LOAD /home/adrian/CodeSourcery/Sourcery_CodeBench_Lite_for_ARM_EABI/bin/../lib/gcc/arm-none-eabi/4.6.3/../../../../arm-none-eabi/lib/thumb/libc.a
END GROUP
                0x00200000                RAM_BASE = 0x200000
                0x00010000                RAM_SIZE = 0x10000

.header         0x001ffff0       0x10
 *nxt_binary_header.o(*.text *.text.*)
 .text          0x001ffff0       0x10 build/nxt_binary_header.o
                0x00200000                . = ALIGN (0x10)

.vectors        0x00200000       0x40
 vectors.o(*.text *.text.*)
 .text          0x00200000       0x38 build/nxtvm/platform/nxt/vectors.o
                0x00200040                . = ALIGN (0x10)
 *fill*         0x00200038        0x8 00
                0x00200000                __vectors_ram_start__ = ADDR (.vectors)
                0x00200040                __vectors_ram_end__ = (ADDR (.vectors) + SIZEOF (.vectors))
                0x00200000                __vectors_load_start__ = LOADADDR (.vectors)
                0x00200040                __vectors_load_end__ = (LOADADDR (.vectors) + SIZEOF (.vectors))

.entry          0x00200040       0x40
 *nxt_entry_point.o(*.text *.text.*)
 .text          0x00200040       0x38 build/nxt_entry_point.o
                0x00200040                NXT_Entry_Point
                0x00200080                . = ALIGN (0x10)
 *fill*         0x00200078        0x8 00

.init           0x00200080      0x280
 *ecrobot_init.o(*.text *.text.*)
 .text          0x00200080      0x280 build/ecrobot_init.o
                0x00200080                start
                0x002001ec                undef_handler
                0x002001f0                swi_handler
                0x002001f4                prefetch_abort_handler
                0x002001f8                data_abort_handler
                0x00200214                reserved_handler
                0x00200300                . = ALIGN (0x10)

.ram_text       0x00200300     0x2f20
                0x00200300                . = ALIGN (0x10)
 *.oram(*.text *.text.* *.glue*)
 .text.systick_isr_C1
                0x00200300       0x28 build/syslib/at91sam7s-gnu/lego_nxt/hw_sys_timer.oram
                0x00200300                systick_isr_C1
 *fill*         0x00200328        0x8 00
 .text          0x00200330      0x230 build/config/at91sam7s-gnu/cpu_support.oram
                0x00200330                dispatch
                0x00200370                activate_r
                0x002003a0                exit_and_dispatch
                0x002003b0                start_dispatch
                0x0020046c                _interrupt
                0x002004dc                int_return
                0x00200508                disable_int
                0x00200510                enable_int
                0x00200518                nop
 .text          0x00200560      0x2c0 build/config/at91sam7s-gnu/irq.oram
                0x00200560                default_isr
                0x00200560                default_fiq
                0x00200560                spurious_isr
                0x00200564                systick_isr_entry
                0x002005ac                systick_low_priority_entry
                0x002005ec                udp_isr_entry
                0x0020062c                spi_isr_entry
                0x0020066c                twi_isr_entry
                0x002006ac                sound_isr_entry
                0x002006ec                uart_isr_entry_0
                0x0020072c                uart_isr_entry_1
                0x0020076c                nxt_motor_isr_entry
                0x002007ac                i2c_timer_isr_entry
 .text.uart_process_isr
                0x00200820       0x74 ../../ecrobot/../ecrobot/libecrobot.a(uart.oram)
 .text.uart_isr_C_0
                0x00200894        0xe ../../ecrobot/../ecrobot/libecrobot.a(uart.oram)
                0x00200894                uart_isr_C_0
 .text.uart_isr_C_1
                0x002008a2        0xe ../../ecrobot/../ecrobot/libecrobot.a(uart.oram)
                0x002008a2                uart_isr_C_1
 .text.systick_low_priority_C
                0x002008b0       0x1c ../../ecrobot/../ecrobot/libecrobot.a(systick.oram)
                0x002008b0                systick_low_priority_C
 .text.systick_isr_C
                0x002008cc       0x24 ../../ecrobot/../ecrobot/libecrobot.a(systick.oram)
                0x002008cc                systick_isr_C
 .text.systick_get_ms
                0x002008f0        0xc ../../ecrobot/../ecrobot/libecrobot.a(systick.oram)
                0x002008f0                systick_get_ms
 .text.systick_wait_ms
                0x002008fc       0x1c ../../ecrobot/../ecrobot/libecrobot.a(systick.oram)
                0x002008fc                systick_wait_ms
 .text.systick_wait_ns
                0x00200918       0x1c ../../ecrobot/../ecrobot/libecrobot.a(systick.oram)
                0x00200918                systick_wait_ns
 .text.systick_init
                0x00200934       0x58 ../../ecrobot/../ecrobot/libecrobot.a(systick.oram)
                0x00200934                systick_init
 .text.systick_suspend
                0x0020098c        0xe ../../ecrobot/../ecrobot/libecrobot.a(systick.oram)
                0x0020098c                systick_suspend
 .text.systick_resume
                0x0020099a        0xe ../../ecrobot/../ecrobot/libecrobot.a(systick.oram)
                0x0020099a                systick_resume
 .text.byte_fifo_put
                0x002009a8       0x4a ../../ecrobot/../ecrobot/libecrobot.a(byte_fifo.oram)
                0x002009a8                byte_fifo_put
 .text.byte_fifo_get
                0x002009f2       0x2c ../../ecrobot/../ecrobot/libecrobot.a(byte_fifo.oram)
                0x002009f2                byte_fifo_get
 *fill*         0x00200a1e        0x2 00
 .text.aic_initialise
                0x00200a20       0x5c ../../ecrobot/../ecrobot/libecrobot.a(aic.oram)
                0x00200a20                aic_initialise
 .text.aic_set_vector
                0x00200a7c       0x30 ../../ecrobot/../ecrobot/libecrobot.a(aic.oram)
                0x00200a7c                aic_set_vector
 .text.aic_mask_on
                0x00200aac       0x24 ../../ecrobot/../ecrobot/libecrobot.a(aic.oram)
                0x00200aac                aic_mask_on
 .text.aic_mask_off
                0x00200ad0       0x24 ../../ecrobot/../ecrobot/libecrobot.a(aic.oram)
                0x00200ad0                aic_mask_off
 .text.aic_clear
                0x00200af4       0x24 ../../ecrobot/../ecrobot/libecrobot.a(aic.oram)
                0x00200af4                aic_clear
 .text.reset    0x00200b18       0x4c ../../ecrobot/../ecrobot/libecrobot.a(udp.oram)
 .text.udp_send_null
                0x00200b64       0x2c ../../ecrobot/../ecrobot/libecrobot.a(udp.oram)
 .text.udp_send_stall
                0x00200b90       0x2c ../../ecrobot/../ecrobot/libecrobot.a(udp.oram)
 .text.udp_send_control
                0x00200bbc       0x54 ../../ecrobot/../ecrobot/libecrobot.a(udp.oram)
 .text.udp_isr_C
                0x00200c10      0x72c ../../ecrobot/../ecrobot/libecrobot.a(udp.oram)
                0x00200c10                udp_isr_C
 .text.twi_status
                0x0020133c       0x1c ../../ecrobot/../ecrobot/libecrobot.a(twi.oram)
                0x0020133c                twi_status
 .text.twi_isr_C
                0x00201358       0xbc ../../ecrobot/../ecrobot/libecrobot.a(twi.oram)
                0x00201358                twi_isr_C
 .text.twi_reset
                0x00201414       0xc4 ../../ecrobot/../ecrobot/libecrobot.a(twi.oram)
                0x00201414                twi_reset
 .text.twi_init
                0x002014d8       0x4c ../../ecrobot/../ecrobot/libecrobot.a(twi.oram)
                0x002014d8                twi_init
 .text.twi_start_read
                0x00201524       0x5c ../../ecrobot/../ecrobot/libecrobot.a(twi.oram)
                0x00201524                twi_start_read
 .text.twi_start_write
                0x00201580       0x5c ../../ecrobot/../ecrobot/libecrobot.a(twi.oram)
                0x00201580                twi_start_write
 .text.spi_set_mode
                0x002015dc       0x3c ../../ecrobot/../ecrobot/libecrobot.a(nxt_spi.oram)
 .text.spi_isr_C
                0x00201618       0x6c ../../ecrobot/../ecrobot/libecrobot.a(nxt_spi.oram)
                0x00201618                spi_isr_C
 .text.nxt_spi_init
                0x00201684      0x140 ../../ecrobot/../ecrobot/libecrobot.a(nxt_spi.oram)
                0x00201684                nxt_spi_init
 .text.nxt_spi_write
                0x002017c4       0x40 ../../ecrobot/../ecrobot/libecrobot.a(nxt_spi.oram)
                0x002017c4                nxt_spi_write
 .text.nxt_spi_set_display
                0x00201804       0x14 ../../ecrobot/../ecrobot/libecrobot.a(nxt_spi.oram)
                0x00201804                nxt_spi_set_display
 .text.nxt_spi_refresh
                0x00201818       0x28 ../../ecrobot/../ecrobot/libecrobot.a(nxt_spi.oram)
                0x00201818                nxt_spi_refresh
 .text.nxt_motor_set_count
                0x00201840       0x14 ../../ecrobot/../ecrobot/libecrobot.a(nxt_motors.oram)
                0x00201840                nxt_motor_set_count
 .text.nxt_motor_1kHz_process
                0x00201854       0x2c ../../ecrobot/../ecrobot/libecrobot.a(nxt_motors.oram)
                0x00201854                nxt_motor_1kHz_process
 .text.nxt_motor_quad_decode
                0x00201880       0x48 ../../ecrobot/../ecrobot/libecrobot.a(nxt_motors.oram)
                0x00201880                nxt_motor_quad_decode
 .text.nxt_motor_isr_C
                0x002018c8       0x84 ../../ecrobot/../ecrobot/libecrobot.a(nxt_motors.oram)
                0x002018c8                nxt_motor_isr_C
 .text.nxt_motor_init
                0x0020194c       0x78 ../../ecrobot/../ecrobot/libecrobot.a(nxt_motors.oram)
                0x0020194c                nxt_motor_init
 .text.data_abort_C
                0x002019c4       0x7c ../../ecrobot/../ecrobot/libecrobot.a(data_abort.oram)
                0x002019c4                data_abort_C
 .text.display_update
                0x00201a40       0x18 ../../ecrobot/../ecrobot/libecrobot.a(display.oram)
                0x00201a40                display_update
 .text.display_force_update
                0x00201a58        0xc ../../ecrobot/../ecrobot/libecrobot.a(display.oram)
                0x00201a58                display_force_update
 .text.display_clear
                0x00201a64       0x24 ../../ecrobot/../ecrobot/libecrobot.a(display.oram)
                0x00201a64                display_clear
 .text.display_goto_xy
                0x00201a88       0x14 ../../ecrobot/../ecrobot/libecrobot.a(display.oram)
                0x00201a88                display_goto_xy
 .text.display_char
                0x00201a9c       0x58 ../../ecrobot/../ecrobot/libecrobot.a(display.oram)
                0x00201a9c                display_char
 .text.display_string
                0x00201af4       0x40 ../../ecrobot/../ecrobot/libecrobot.a(display.oram)
                0x00201af4                display_string
 .text.display_unsigned_worker
                0x00201b34       0x72 ../../ecrobot/../ecrobot/libecrobot.a(display.oram)
 *fill*         0x00201ba6        0x2 00
 .text.display_hex
                0x00201ba8       0x4c ../../ecrobot/../ecrobot/libecrobot.a(display.oram)
                0x00201ba8                display_hex
 .text.display_unsigned
                0x00201bf4        0xe ../../ecrobot/../ecrobot/libecrobot.a(display.oram)
                0x00201bf4                display_unsigned
 .text.display_int
                0x00201c02       0x16 ../../ecrobot/../ecrobot/libecrobot.a(display.oram)
                0x00201c02                display_int
 .text.display_bitmap_copy
                0x00201c18       0x50 ../../ecrobot/../ecrobot/libecrobot.a(display.oram)
                0x00201c18                display_bitmap_copy
 .text.display_init
                0x00201c68       0x48 ../../ecrobot/../ecrobot/libecrobot.a(display.oram)
                0x00201c68                display_init
 .text.i2c_timer_isr_C
                0x00201cb0      0x2f0 ../../ecrobot/../ecrobot/libecrobot.a(i2c.oram)
                0x00201cb0                i2c_timer_isr_C
 .text.i2c_disable
                0x00201fa0       0x24 ../../ecrobot/../ecrobot/libecrobot.a(i2c.oram)
                0x00201fa0                i2c_disable
 .text.i2c_enable
                0x00201fc4       0x50 ../../ecrobot/../ecrobot/libecrobot.a(i2c.oram)
                0x00201fc4                i2c_enable
 .text.i2c_init
                0x00202014       0xb0 ../../ecrobot/../ecrobot/libecrobot.a(i2c.oram)
                0x00202014                i2c_init
 .text.i2c_busy
                0x002020c4       0x28 ../../ecrobot/../ecrobot/libecrobot.a(i2c.oram)
                0x002020c4                i2c_busy
 .text.i2c_start_transaction
                0x002020ec       0xe8 ../../ecrobot/../ecrobot/libecrobot.a(i2c.oram)
                0x002020ec                i2c_start_transaction
 .text.sound_interrupt_enable
                0x002021d4       0x1c ../../ecrobot/../ecrobot/libecrobot.a(sound.oram)
                0x002021d4                sound_interrupt_enable
 .text.sound_interrupt_disable
                0x002021f0       0x14 ../../ecrobot/../ecrobot/libecrobot.a(sound.oram)
                0x002021f0                sound_interrupt_disable
 .text.sound_enable
                0x00202204       0x10 ../../ecrobot/../ecrobot/libecrobot.a(sound.oram)
                0x00202204                sound_enable
 .text.sound_disable
                0x00202214       0x10 ../../ecrobot/../ecrobot/libecrobot.a(sound.oram)
                0x00202214                sound_disable
 .text.sound_init
                0x00202224       0xac ../../ecrobot/../ecrobot/libecrobot.a(sound.oram)
                0x00202224                sound_init
 .text.sound_fill_sample_buffer
                0x002022d0       0xc8 ../../ecrobot/../ecrobot/libecrobot.a(sound.oram)
                0x002022d0                sound_fill_sample_buffer
 .text.sound_isr_C
                0x00202398       0xf8 ../../ecrobot/../ecrobot/libecrobot.a(sound.oram)
                0x00202398                sound_isr_C
 .text.bt_init  0x00202490      0x1d4 ../../ecrobot/../ecrobot/libecrobot.a(bt.oram)
                0x00202490                bt_init
 .text.nxt_avr_power_down
                0x00202664       0x10 ../../ecrobot/../ecrobot/libecrobot.a(nxt_avr.oram)
                0x00202664                nxt_avr_power_down
 .text.nxt_avr_link_init
                0x00202674       0x20 ../../ecrobot/../ecrobot/libecrobot.a(nxt_avr.oram)
                0x00202674                nxt_avr_link_init
 .text.nxt_avr_init
                0x00202694       0x68 ../../ecrobot/../ecrobot/libecrobot.a(nxt_avr.oram)
                0x00202694                nxt_avr_init
 .text.nxt_avr_1kHz_update
                0x002026fc      0x1b0 ../../ecrobot/../ecrobot/libecrobot.a(nxt_avr.oram)
                0x002026fc                nxt_avr_1kHz_update
 .text.buttons_get
                0x002028ac        0xc ../../ecrobot/../ecrobot/libecrobot.a(nxt_avr.oram)
                0x002028ac                buttons_get
 .text.battery_voltage
                0x002028b8       0x20 ../../ecrobot/../ecrobot/libecrobot.a(nxt_avr.oram)
                0x002028b8                battery_voltage
 .text.nxt_avr_set_input_power
                0x002028d8       0x3c ../../ecrobot/../ecrobot/libecrobot.a(nxt_avr.oram)
                0x002028d8                nxt_avr_set_input_power
 .text.unset_digi0
                0x00202914       0x48 ../../ecrobot/../ecrobot/libecrobot.a(sensors.oram)
                0x00202914                unset_digi0
 .text.unset_digi1
                0x0020295c       0x48 ../../ecrobot/../ecrobot/libecrobot.a(sensors.oram)
                0x0020295c                unset_digi1
 .text.init_sensors
                0x002029a4       0x58 ../../ecrobot/../ecrobot/libecrobot.a(sensors.oram)
                0x002029a4                init_sensors
 .text.nxt_lcd_command
                0x002029fc       0x16 ../../ecrobot/../ecrobot/libecrobot.a(nxt_lcd.oram)
                0x002029fc                nxt_lcd_command
 .text.nxt_lcd_set_col
                0x00202a12       0x1e ../../ecrobot/../ecrobot/libecrobot.a(nxt_lcd.oram)
                0x00202a12                nxt_lcd_set_col
 .text.nxt_lcd_set_multiplex_rate
                0x00202a30       0x14 ../../ecrobot/../ecrobot/libecrobot.a(nxt_lcd.oram)
                0x00202a30                nxt_lcd_set_multiplex_rate
 .text.nxt_lcd_set_page_address
                0x00202a44       0x14 ../../ecrobot/../ecrobot/libecrobot.a(nxt_lcd.oram)
                0x00202a44                nxt_lcd_set_page_address
 .text.nxt_lcd_set_pot
                0x00202a58       0x18 ../../ecrobot/../ecrobot/libecrobot.a(nxt_lcd.oram)
                0x00202a58                nxt_lcd_set_pot
 .text.nxt_lcd_set_ram_address_control
                0x00202a70       0x14 ../../ecrobot/../ecrobot/libecrobot.a(nxt_lcd.oram)
                0x00202a70                nxt_lcd_set_ram_address_control
 .text.nxt_lcd_enable
                0x00202a84       0x14 ../../ecrobot/../ecrobot/libecrobot.a(nxt_lcd.oram)
                0x00202a84                nxt_lcd_enable
 .text.nxt_lcd_set_map_control
                0x00202a98       0x16 ../../ecrobot/../ecrobot/libecrobot.a(nxt_lcd.oram)
                0x00202a98                nxt_lcd_set_map_control
 .text.nxt_lcd_reset
                0x00202aae        0xe ../../ecrobot/../ecrobot/libecrobot.a(nxt_lcd.oram)
                0x00202aae                nxt_lcd_reset
 .text.nxt_lcd_set_bias_ratio
                0x00202abc       0x14 ../../ecrobot/../ecrobot/libecrobot.a(nxt_lcd.oram)
                0x00202abc                nxt_lcd_set_bias_ratio
 .text.nxt_lcd_force_update
                0x00202ad0       0x30 ../../ecrobot/../ecrobot/libecrobot.a(nxt_lcd.oram)
                0x00202ad0                nxt_lcd_force_update
 .text.nxt_lcd_update
                0x00202b00        0xc ../../ecrobot/../ecrobot/libecrobot.a(nxt_lcd.oram)
                0x00202b00                nxt_lcd_update
 .text.nxt_lcd_power_up
                0x00202b0c       0x48 ../../ecrobot/../ecrobot/libecrobot.a(nxt_lcd.oram)
                0x00202b0c                nxt_lcd_power_up
 .text.nxt_lcd_power_down
                0x00202b54        0xc ../../ecrobot/../ecrobot/libecrobot.a(nxt_lcd.oram)
                0x00202b54                nxt_lcd_power_down
 .text.nxt_lcd_init
                0x00202b60       0x18 ../../ecrobot/../ecrobot/libecrobot.a(nxt_lcd.oram)
                0x00202b60                nxt_lcd_init
 .text.verify_flash_page
                0x00202b78       0x2e ../../ecrobot/../ecrobot/libecrobot.a(flash_loader.oram)
 *fill*         0x00202ba6        0x2 00
 .text.set_flash_request
                0x00202ba8       0x38 ../../ecrobot/../ecrobot/libecrobot.a(flash_loader.oram)
                0x00202ba8                set_flash_request
 .text.nxt_device_init
                0x00202be0       0x38 ../../ecrobot/../ecrobot/libecrobot.a(flash_loader.oram)
                0x00202be0                nxt_device_init
 .text          0x00202c18       0x68 ../../ecrobot/../ecrobot/libecrobot.a(interrupts.oram)
                0x00202c18                interrupts_get_and_disable
                0x00202c3c                interrupts_enable
                0x00202c4c                fiq_get_and_disable
                0x00202c70                fiq_enable
 .text.get_ms   0x00202c80        0xc ../../ecrobot/../ecrobot/libecrobot.a(flashprog.oram)
 .text.flash_write_page
                0x00202c8c       0xbc ../../ecrobot/../ecrobot/libecrobot.a(flashprog.oram)
                0x00202c8c                flash_write_page
 .text.flash_write_page.stub
                0x00202d48       0x28 linker stubs
                0x00202d70                . = ALIGN (0x10)
 *fill*         0x00202d78        0x8 00
 *.oram(*.rodata *.rodata.*)
 .rodata.dd     0x00202d80       0x12 ../../ecrobot/../ecrobot/libecrobot.a(udp.oram)
 .rodata.ld     0x00202d92        0x4 ../../ecrobot/../ecrobot/libecrobot.a(udp.oram)
 .rodata.cfd    0x00202d96       0x20 ../../ecrobot/../ecrobot/libecrobot.a(udp.oram)
 .rodata.str1.1
                0x00202db6       0x1d ../../ecrobot/../ecrobot/libecrobot.a(data_abort.oram)
 .rodata.str1.1
                0x00202dd3       0x67 ../../ecrobot/../ecrobot/libecrobot.a(display.oram)
 .rodata.font   0x00202e3a      0x280 ../../ecrobot/../ecrobot/libecrobot.a(display.oram)
 *fill*         0x002030ba        0x2 00
 .rodata.i2c_pin
                0x002030bc       0x20 ../../ecrobot/../ecrobot/libecrobot.a(i2c.oram)
 .rodata        0x002030dc        0x9 ../../ecrobot/../ecrobot/libecrobot.a(sound.oram)
 *fill*         0x002030e5        0x3 00
 .rodata.sample_pattern
                0x002030e8       0x84 ../../ecrobot/../ecrobot/libecrobot.a(sound.oram)
                0x002030e8                sample_pattern
 .rodata.silence
                0x0020316c       0x40 ../../ecrobot/../ecrobot/libecrobot.a(sound.oram)
                0x0020316c                silence
 .rodata.avr_brainwash_string
                0x002031ac       0x30 ../../ecrobot/../ecrobot/libecrobot.a(nxt_avr.oram)
                0x002031ac                avr_brainwash_string
 .rodata        0x002031dc       0x20 ../../ecrobot/../ecrobot/libecrobot.a(sensors.oram)
 .rodata.str1.1
                0x002031fc       0x21 ../../ecrobot/../ecrobot/libecrobot.a(flash_loader.oram)
                0x00203220                . = ALIGN (0x10)
 *fill*         0x0020321d        0x3 00
                0x00200300                __ramtext_ram_start__ = ADDR (.ram_text)
                0x00203220                __ramtext_ram_end__ = (ADDR (.ram_text) + SIZEOF (.ram_text))
                0x00200300                __ramtext_load_start__ = LOADADDR (.ram_text)
                0x00203220                __ramtext_load_end__ = (__ramtext_load_start__ + SIZEOF (.ram_text))

.wav_data       0x00203220        0x0
 *.owav(*.data *.data.*)
                0x00203220                . = ALIGN (0x10)

.bmp_data       0x00203220      0x440
 *.obmp(*.data *.data.*)
 .data          0x00203220      0x43e ../../ecrobot/../ecrobot/libecrobot.a(nxtosek_splash.obmp)
                0x00203220                nxtosek_splash_bmp_start
                0x0020365e                nxtosek_splash_bmp_end
                0x00203660                . = ALIGN (0x10)
 *fill*         0x0020365e        0x2 00

.spr_data       0x00203660        0x0
 *.ospr(*.data *.data.*)
                0x00203660                . = ALIGN (0x10)

.data           0x00203660      0x480
 *(*.data *.data.*)
 .data.deviceStatus
                0x00203660        0x1 ../../ecrobot/../ecrobot/libecrobot.a(ecrobot_interface.o)
 .data.named    0x00203661       0x22 ../../ecrobot/../ecrobot/libecrobot.a(udp.oram)
 .data.snd      0x00203683       0x1a ../../ecrobot/../ecrobot/libecrobot.a(udp.oram)
 *fill*         0x0020369d        0x3 00
 .data.configured
                0x002036a0        0x4 ../../ecrobot/../ecrobot/libecrobot.a(udp.oram)
 .bss.data      0x002036a4        0x4 ../../ecrobot/../ecrobot/libecrobot.a(nxt_spi.oram)
                0x002036a4                data
 .data.mode     0x002036a8        0x1 ../../ecrobot/../ecrobot/libecrobot.a(nxt_spi.oram)
                0x002036a8                mode
 *fill*         0x002036a9        0x3 00
 .data.display_auto_update
                0x002036ac        0x4 ../../ecrobot/../ecrobot/libecrobot.a(display.oram)
                0x002036ac                display_auto_update
 .data          0x002036b0      0x430 /home/adrian/CodeSourcery/Sourcery_CodeBench_Lite_for_ARM_EABI/bin/../lib/gcc/arm-none-eabi/4.6.3/../../../../arm-none-eabi/lib/thumb/libc.a(lib_a-impure.o)
                0x002036b0                _impure_ptr
                0x00203ae0                . = ALIGN (0x10)
                0x00203660                __data_ram_start__ = ADDR (.data)
                0x00203ae0                __data_ram_end__ = (ADDR (.data) + SIZEOF (.data))
                0x00203660                __data_load_start__ = LOADADDR (.data)
                0x00203ae0                __data_load_end__ = (__data_load_start__ + SIZEOF (.data))

.igot.plt       0x00203ae0        0x0
 .igot.plt      0x00000000        0x0 build/kernel/alarm.o

.text           0x00203ae0     0x15e0
                0x00203ae0                . = ALIGN (0x10)
 *(*.text *.text.* *.glue*)
 .glue_7        0x00000000        0x0 linker stubs
 .glue_7t       0x00000000        0x0 linker stubs
 .text.enqueue_alarm
                0x00203ae0       0x80 build/kernel/alarm.o
 .text.alarm_initialize
                0x00203b60       0x94 build/kernel/alarm.o
                0x00203b60                alarm_initialize
 .text.SignalCounter
                0x00203bf4      0x120 build/kernel/alarm.o
                0x00203bf4                SignalCounter
 .text.call_posttaskhook
                0x00203d14       0x24 build/kernel/osctl.o
                0x00203d14                call_posttaskhook
 .text.call_pretaskhook
                0x00203d38       0x24 build/kernel/osctl.o
                0x00203d38                call_pretaskhook
 .text.StartOS  0x00203d5c       0x54 build/kernel/osctl.o
                0x00203d5c                StartOS
 .text.ShutdownOS
                0x00203db0       0x48 build/kernel/osctl.o
                0x00203db0                ShutdownOS
 .text.call_errorhook
                0x00203df8       0x6c build/kernel/osctl.o
                0x00203df8                call_errorhook
 .text.make_runnable
                0x00203e64       0x98 build/kernel/task.o
                0x00203e64                make_runnable
 .text.make_active
                0x00203efc       0x74 build/kernel/task.o
                0x00203efc                make_active
 .text.task_initialize
                0x00203f70       0x80 build/kernel/task.o
                0x00203f70                task_initialize
 .text.search_schedtsk
                0x00203ff0       0x80 build/kernel/task.o
                0x00203ff0                search_schedtsk
 .text.ActivateTask
                0x00204070       0x88 build/kernel/task_manage.o
                0x00204070                ActivateTask
 .text.TerminateTask
                0x002040f8       0x70 build/kernel/task_manage.o
                0x002040f8                TerminateTask
 .text.cpu_initialize
                0x00204168        0x2 build/config/at91sam7s-gnu/cpu_config.o
                0x00204168                cpu_initialize
 .text.cpu_terminate
                0x0020416a        0x2 build/config/at91sam7s-gnu/cpu_config.o
                0x0020416a                cpu_terminate
 .text.sys_initialize
                0x0020416c        0x2 build/config/at91sam7s-gnu/lego_nxt/sys_config.o
                0x0020416c                sys_initialize
 .text.sys_exit
                0x0020416e        0x2 build/config/at91sam7s-gnu/lego_nxt/sys_config.o
                0x0020416e                sys_exit
 .text._activate_alarm_cyclic_alarm
                0x00204170        0xe build/./kernel_cfg.o
 .text.object_initialize
                0x0020417e       0x10 build/./kernel_cfg.o
                0x0020417e                object_initialize
 *fill*         0x0020418e        0x2 00
 .text.init_OS_flag
                0x00204190        0xc build/ecrobot_base.o
                0x00204190                init_OS_flag
 .text.set_OS_flag
                0x0020419c        0xc build/ecrobot_base.o
                0x0020419c                set_OS_flag
 .text.get_OS_flag
                0x002041a8        0xc build/ecrobot_base.o
                0x002041a8                get_OS_flag
 .text.cpp_constructor
                0x002041b4       0x28 build/ecrobot_base.o
                0x002041b4                cpp_constructor
 .text.cpp_destructor
                0x002041dc        0xe build/ecrobot_base.o
                0x002041dc                cpp_destructor
 *fill*         0x002041ea        0x2 00
 .text.execution_mode
                0x002041ec       0x14 build/ecrobot_base.o
                0x002041ec                execution_mode
 .text.show_splash_screen
                0x00204200       0x8c build/ecrobot_base.o
                0x00204200                show_splash_screen
 .text.show_main_screen
                0x0020428c       0x48 build/ecrobot_base.o
                0x0020428c                show_main_screen
 .text.display_status_bar
                0x002042d4       0x5c build/ecrobot_base.o
                0x002042d4                display_status_bar
 .text.add_status_info
                0x00204330       0x64 build/ecrobot_base.o
                0x00204330                add_status_info
 .text.restart_NXT
                0x00204394       0x2e build/ecrobot_base.o
                0x00204394                restart_NXT
 .text.shutdown_NXT
                0x002043c2       0x2e build/ecrobot_base.o
                0x002043c2                shutdown_NXT
 .text.check_NXT_buttons
                0x002043f0       0x3c build/ecrobot_base.o
                0x002043f0                check_NXT_buttons
 .text.startup.main
                0x0020442c      0x108 build/ecrobot.o
                0x0020442c                main
 .text.ecrobot_device_initialize
                0x00204534        0xe build/tetrix.o
                0x00204534                ecrobot_device_initialize
 .text.ecrobot_device_terminate
                0x00204542        0xe build/tetrix.o
                0x00204542                ecrobot_device_terminate
 .text.user_1ms_isr_type2
                0x00204550       0x1c build/tetrix.o
                0x00204550                user_1ms_isr_type2
 .text.TaskMainTask1
                0x0020456c      0x11c build/tetrix.o
                0x0020456c                TaskMainTask1
 .text.ecrobot_init_tetrix
                0x00204688        0xe ../../ecrobot/../ecrobot/libecrobot.a(ecrobot_HiTechnic.o)
                0x00204688                ecrobot_init_tetrix
 *fill*         0x00204696        0x2 00
 .text.ecrobot_tetrix_motors
                0x00204698       0x30 ../../ecrobot/../ecrobot/libecrobot.a(ecrobot_HiTechnic.o)
                0x00204698                ecrobot_tetrix_motors
 .text.ecrobot_tetrix_servos
                0x002046c8       0x5c ../../ecrobot/../ecrobot/libecrobot.a(ecrobot_HiTechnic.o)
                0x002046c8                ecrobot_tetrix_servos
 .text.ecrobot_tetrix_battery
                0x00204724       0x2c ../../ecrobot/../ecrobot/libecrobot.a(ecrobot_HiTechnic.o)
                0x00204724                ecrobot_tetrix_battery
 .text.ecrobot_term_tetrix
                0x00204750        0xc ../../ecrobot/../ecrobot/libecrobot.a(ecrobot_HiTechnic.o)
                0x00204750                ecrobot_term_tetrix
 .text.ecrobot_init_i2c
                0x0020475c       0x24 ../../ecrobot/../ecrobot/libecrobot.a(ecrobot_interface.o)
                0x0020475c                ecrobot_init_i2c
 .text.ecrobot_wait_i2c_ready
                0x00204780       0x30 ../../ecrobot/../ecrobot/libecrobot.a(ecrobot_interface.o)
                0x00204780                ecrobot_wait_i2c_ready
 .text.ecrobot_send_i2c
                0x002047b0       0x32 ../../ecrobot/../ecrobot/libecrobot.a(ecrobot_interface.o)
                0x002047b0                ecrobot_send_i2c
 .text.ecrobot_read_i2c
                0x002047e2       0x34 ../../ecrobot/../ecrobot/libecrobot.a(ecrobot_interface.o)
                0x002047e2                ecrobot_read_i2c
 .text.ecrobot_term_i2c
                0x00204816        0xc ../../ecrobot/../ecrobot/libecrobot.a(ecrobot_interface.o)
                0x00204816                ecrobot_term_i2c
 *fill*         0x00204822        0x2 00
 .text.ecrobot_get_battery_voltage
                0x00204824        0xc ../../ecrobot/../ecrobot/libecrobot.a(ecrobot_interface.o)
                0x00204824                ecrobot_get_battery_voltage
 .text.ecrobot_init_nxtstate
                0x00204830       0x28 ../../ecrobot/../ecrobot/libecrobot.a(ecrobot_interface.o)
                0x00204830                ecrobot_init_nxtstate
 .text.ecrobot_get_button_state
                0x00204858        0xc ../../ecrobot/../ecrobot/libecrobot.a(ecrobot_interface.o)
                0x00204858                ecrobot_get_button_state
 .text.ecrobot_poll_nxtstate
                0x00204864       0x60 ../../ecrobot/../ecrobot/libecrobot.a(ecrobot_interface.o)
                0x00204864                ecrobot_poll_nxtstate
 .text.ecrobot_setDeviceInitialized
                0x002048c4       0x18 ../../ecrobot/../ecrobot/libecrobot.a(ecrobot_interface.o)
                0x002048c4                ecrobot_setDeviceInitialized
 .text.ecrobot_initDeviceStatus
                0x002048dc        0xc ../../ecrobot/../ecrobot/libecrobot.a(ecrobot_interface.o)
                0x002048dc                ecrobot_initDeviceStatus
 .text.ecrobot_bmp2lcd
                0x002048e8      0x1a8 ../../ecrobot/../ecrobot/libecrobot.a(ecrobot_interface.o)
                0x002048e8                ecrobot_bmp2lcd
 .text.StartupHook
                0x00204a90        0x2 ../../ecrobot/../ecrobot/libecrobot.a(osek_hook.o)
                0x00204a90                StartupHook
 .text.PreTaskHook
                0x00204a92        0x2 ../../ecrobot/../ecrobot/libecrobot.a(osek_hook.o)
                0x00204a92                PreTaskHook
 .text.PostTaskHook
                0x00204a94        0x2 ../../ecrobot/../ecrobot/libecrobot.a(osek_hook.o)
                0x00204a94                PostTaskHook
 .text.ErrorHook
                0x00204a96        0x2 ../../ecrobot/../ecrobot/libecrobot.a(osek_hook.o)
                0x00204a96                ErrorHook
 .text.ShutdownHook
                0x00204a98        0x2 ../../ecrobot/../ecrobot/libecrobot.a(osek_hook.o)
                0x00204a98                ShutdownHook
 *fill*         0x00204a9a        0x2 00
 .text          0x00204a9c       0x14 /home/adrian/CodeSourcery/Sourcery_CodeBench_Lite_for_ARM_EABI/bin/../lib/gcc/arm-none-eabi/4.6.3/thumb/libgcc.a(_thumb1_case_uqi.o)
                0x00204a9c                __gnu_thumb1_case_uqi
 .text          0x00204ab0       0x14 /home/adrian/CodeSourcery/Sourcery_CodeBench_Lite_for_ARM_EABI/bin/../lib/gcc/arm-none-eabi/4.6.3/thumb/libgcc.a(_thumb1_case_uhi.o)
                0x00204ab0                __gnu_thumb1_case_uhi
 .text          0x00204ac4      0x11c /home/adrian/CodeSourcery/Sourcery_CodeBench_Lite_for_ARM_EABI/bin/../lib/gcc/arm-none-eabi/4.6.3/thumb/libgcc.a(_udivsi3.o)
                0x00204ac4                __udivsi3
                0x00204ac4                __aeabi_uidiv
                0x00204bc0                __aeabi_uidivmod
 .text          0x00204be0      0x150 /home/adrian/CodeSourcery/Sourcery_CodeBench_Lite_for_ARM_EABI/bin/../lib/gcc/arm-none-eabi/4.6.3/thumb/libgcc.a(_divsi3.o)
                0x00204be0                __aeabi_idiv
                0x00204be0                __divsi3
                0x00204d10                __aeabi_idivmod
 .text          0x00204d30        0x4 /home/adrian/CodeSourcery/Sourcery_CodeBench_Lite_for_ARM_EABI/bin/../lib/gcc/arm-none-eabi/4.6.3/thumb/libgcc.a(_dvmd_tls.o)
                0x00204d30                __aeabi_ldiv0
                0x00204d30                __aeabi_idiv0
 .text          0x00204d34       0x4c /home/adrian/CodeSourcery/Sourcery_CodeBench_Lite_for_ARM_EABI/bin/../lib/gcc/arm-none-eabi/4.6.3/thumb/libgcc.a(_muldi3.o)
                0x00204d34                __aeabi_lmul
                0x00204d34                __muldi3
 .text          0x00204d80       0x10 /home/adrian/CodeSourcery/Sourcery_CodeBench_Lite_for_ARM_EABI/bin/../lib/gcc/arm-none-eabi/4.6.3/../../../../arm-none-eabi/lib/thumb/libc.a(lib_a-cxa_finalize.o)
                0x00204d80                __cxa_finalize
 .text          0x00204d90       0x90 /home/adrian/CodeSourcery/Sourcery_CodeBench_Lite_for_ARM_EABI/bin/../lib/gcc/arm-none-eabi/4.6.3/../../../../arm-none-eabi/lib/thumb/libc.a(lib_a-memset.o)
                0x00204d90                memset
 .text          0x00204e20       0x50 /home/adrian/CodeSourcery/Sourcery_CodeBench_Lite_for_ARM_EABI/bin/../lib/gcc/arm-none-eabi/4.6.3/../../../../arm-none-eabi/lib/thumb/libc.a(lib_a-rand.o)
                0x00204e20                srand
                0x00204e30                rand
 .text          0x00204e70       0x10 /home/adrian/CodeSourcery/Sourcery_CodeBench_Lite_for_ARM_EABI/bin/../lib/gcc/arm-none-eabi/4.6.3/../../../../arm-none-eabi/lib/thumb/libc.a(lib_a-strcpy.o)
                0x00204e70                strcpy
 .text          0x00204e80       0x10 /home/adrian/CodeSourcery/Sourcery_CodeBench_Lite_for_ARM_EABI/bin/../lib/gcc/arm-none-eabi/4.6.3/../../../../arm-none-eabi/lib/thumb/libc.a(lib_a-strlen.o)
                0x00204e80                strlen
 .text          0x00204e90      0x114 /home/adrian/CodeSourcery/Sourcery_CodeBench_Lite_for_ARM_EABI/bin/../lib/gcc/arm-none-eabi/4.6.3/../../../../arm-none-eabi/lib/thumb/libc.a(lib_a-__call_atexit.o)
                0x00204e90                __call_exitprocs
 *fill*         0x00204fa4        0x4 00
 .text.stub     0x00204fa8       0x1c linker stubs
                0x00204fd0                . = ALIGN (0x10)
 *fill*         0x00204fc8        0x8 00
 *(*.rodata *.rodata.*)
 .rodata.search_table.3735
                0x00204fd0        0xf build/kernel/task.o
 *fill*         0x00204fdf        0x1 00
 .rodata.alminib_almval
                0x00204fe0        0x4 build/./kernel_cfg.o
                0x00204fe0                alminib_almval
 .rodata.alminib_cntid
                0x00204fe4        0x1 build/./kernel_cfg.o
                0x00204fe4                alminib_cntid
 .rodata.tinib_maxact
                0x00204fe5        0x1 build/./kernel_cfg.o
                0x00204fe5                tinib_maxact
 *fill*         0x00204fe6        0x2 00
 .rodata.cntinib_tickbase
                0x00204fe8        0x4 build/./kernel_cfg.o
                0x00204fe8                cntinib_tickbase
 .rodata.tnum_task
                0x00204fec        0x1 build/./kernel_cfg.o
                0x00204fec                tnum_task
 *fill*         0x00204fed        0x3 00
 .rodata.cntinib_maxval
                0x00204ff0        0x4 build/./kernel_cfg.o
                0x00204ff0                cntinib_maxval
 .rodata.tinib_stksz
                0x00204ff4        0x2 build/./kernel_cfg.o
                0x00204ff4                tinib_stksz
 *fill*         0x00204ff6        0x2 00
 .rodata.alminib_cycle
                0x00204ff8        0x4 build/./kernel_cfg.o
                0x00204ff8                alminib_cycle
 .rodata.tinib_inipri
                0x00204ffc        0x1 build/./kernel_cfg.o
                0x00204ffc                tinib_inipri
 *fill*         0x00204ffd        0x3 00
 .rodata.cntinib_maxval2
                0x00205000        0x4 build/./kernel_cfg.o
                0x00205000                cntinib_maxval2
 .rodata.tinib_stk
                0x00205004        0x4 build/./kernel_cfg.o
                0x00205004                tinib_stk
 .rodata.tnum_exttask
                0x00205008        0x1 build/./kernel_cfg.o
                0x00205008                tnum_exttask
 .rodata.tnum_counter
                0x00205009        0x1 build/./kernel_cfg.o
                0x00205009                tnum_counter
 .rodata.tinib_exepri
                0x0020500a        0x1 build/./kernel_cfg.o
                0x0020500a                tinib_exepri
 .rodata.tinib_autoact
                0x0020500b        0x1 build/./kernel_cfg.o
                0x0020500b                tinib_autoact
 .rodata.SysTimerCnt
                0x0020500c        0x1 build/./kernel_cfg.o
                0x0020500c                SysTimerCnt
 .rodata.tnum_alarm
                0x0020500d        0x1 build/./kernel_cfg.o
                0x0020500d                tnum_alarm
 *fill*         0x0020500e        0x2 00
 .rodata.alminib_cback
                0x00205010        0x4 build/./kernel_cfg.o
                0x00205010                alminib_cback
 .rodata.tinib_task
                0x00205014        0x4 build/./kernel_cfg.o
                0x00205014                tinib_task
 .rodata.alminib_autosta
                0x00205018        0x1 build/./kernel_cfg.o
                0x00205018                alminib_autosta
 .rodata.str1.1
                0x00205019       0x6c build/ecrobot_base.o
 *fill*         0x00205085        0x3 00
 .rodata.exec_addr
                0x00205088        0x4 build/ecrobot_base.o
                0x00205088                exec_addr
 .rodata.str1.1
                0x0020508c       0x2a build/tetrix.o
 *fill*         0x002050b6        0x2 00
 .rodata        0x002050b8        0x4 /home/adrian/CodeSourcery/Sourcery_CodeBench_Lite_for_ARM_EABI/bin/../lib/gcc/arm-none-eabi/4.6.3/../../../../arm-none-eabi/lib/thumb/libc.a(lib_a-impure.o)
                0x002050b8                _global_impure_ptr
 .rodata.str1.4
                0x002050bc        0x4 /home/adrian/CodeSourcery/Sourcery_CodeBench_Lite_for_ARM_EABI/bin/../lib/gcc/arm-none-eabi/4.6.3/../../../../arm-none-eabi/lib/thumb/libc.a(lib_a-impure.o)
                0x002050c0                . = ALIGN (0x10)
 *(*.gnu.linkonce.* .gcc_except_table)
                0x002050c0                . = ALIGN (0x10)

.vfp11_veneer   0x002050c0        0x0
 .vfp11_veneer  0x00000000        0x0 linker stubs

.v4_bx          0x002050c0        0x0
 .v4_bx         0x00000000        0x0 linker stubs

.iplt           0x002050c0        0x0
 .iplt          0x00000000        0x0 build/kernel/alarm.o

.rel.dyn        0x002050c0        0x0
 .rel.iplt      0x00000000        0x0 build/kernel/alarm.o

.tors           0x002050c0        0x0
                0x002050c0                . = ALIGN (0x10)
                0x002050c0                __ctor_begin = .
 *(*.ctors*)
                0x002050c0                __ctor_end = .
                0x002050c0                . = ALIGN (0x10)
                0x002050c0                __dtor_begin = .
 *(*.dtors*)
                0x002050c0                __dtor_end = .
                0x002050c0                . = ALIGN (0x10)

.bss            0x002050c0     0x1020
 *(*.bss *.bss.*)
 .bss.ready_queue_first
                0x002050c0       0x10 build/kernel/task.o
 .bss.ready_primap
                0x002050d0        0x2 build/kernel/task.o
 .bss.ready_queue_last
                0x002050d2       0x10 build/kernel/task.o
 *fill*         0x002050e2        0x2 00
 .bss._stack_Task1
                0x002050e4      0x200 build/./kernel_cfg.o
 .bss.lcd.5466  0x002052e4      0x320 build/ecrobot_base.o
 .bss.status_bar_position
                0x00205604        0x4 build/ecrobot_base.o
 .bss.last_act_time.5508
                0x00205608        0x4 build/ecrobot_base.o
 .bss.status_bar
                0x0020560c       0x10 build/ecrobot_base.o
 .bss.OS_flag   0x0020561c        0x4 build/ecrobot_base.o
 .bss.buf.5031  0x00205620        0x2 ../../ecrobot/../ecrobot/libecrobot.a(ecrobot_HiTechnic.o)
 .bss.buf.5013  0x00205622        0x4 ../../ecrobot/../ecrobot/libecrobot.a(ecrobot_HiTechnic.o)
 .bss.buf.5026  0x00205626        0x8 ../../ecrobot/../ecrobot/libecrobot.a(ecrobot_HiTechnic.o)
 *fill*         0x0020562e        0x2 00
 .bss.ecrobot_inputs
                0x00205630        0x8 ../../ecrobot/../ecrobot/libecrobot.a(ecrobot_interface.o)
 .bss.buttons_states
                0x00205638       0x14 ../../ecrobot/../ecrobot/libecrobot.a(ecrobot_interface.o)
 .bss.buttons_i
                0x0020564c        0x4 ../../ecrobot/../ecrobot/libecrobot.a(ecrobot_interface.o)
 .bss.systick_ms
                0x00205650        0x4 ../../ecrobot/../ecrobot/libecrobot.a(systick.oram)
 .bss.newAddress
                0x00205654        0x4 ../../ecrobot/../ecrobot/libecrobot.a(udp.oram)
 .bss.outCnt    0x00205658        0x4 ../../ecrobot/../ecrobot/libecrobot.a(udp.oram)
 .bss.currentConfig
                0x0020565c        0x1 ../../ecrobot/../ecrobot/libecrobot.a(udp.oram)
 *fill*         0x0020565d        0x3 00
 .bss.outPtr    0x00205660        0x4 ../../ecrobot/../ecrobot/libecrobot.a(udp.oram)
 .bss.currentFeatures
                0x00205664        0x4 ../../ecrobot/../ecrobot/libecrobot.a(udp.oram)
 .bss.delayedEnable
                0x00205668        0x1 ../../ecrobot/../ecrobot/libecrobot.a(udp.oram)
 *fill*         0x00205669        0x3 00
 .bss.currentRxBank
                0x0020566c        0x4 ../../ecrobot/../ecrobot/libecrobot.a(udp.oram)
 .bss.twi_state
                0x00205670        0x1 ../../ecrobot/../ecrobot/libecrobot.a(twi.oram)
 *fill*         0x00205671        0x3 00
 .bss.twi_ptr   0x00205674        0x4 ../../ecrobot/../ecrobot/libecrobot.a(twi.oram)
 .bss.twi_pending
                0x00205678        0x4 ../../ecrobot/../ecrobot/libecrobot.a(twi.oram)
 .bss.twi_mask  0x0020567c        0x4 ../../ecrobot/../ecrobot/libecrobot.a(twi.oram)
 .bss.dirty     0x00205680        0x1 ../../ecrobot/../ecrobot/libecrobot.a(nxt_spi.oram)
                0x00205680                dirty
 .bss.page      0x00205681        0x1 ../../ecrobot/../ecrobot/libecrobot.a(nxt_spi.oram)
                0x00205681                page
 *fill*         0x00205682        0x2 00
 .bss.display   0x00205684        0x4 ../../ecrobot/../ecrobot/libecrobot.a(nxt_spi.oram)
                0x00205684                display
 .bss.motor     0x00205688       0x30 ../../ecrobot/../ecrobot/libecrobot.a(nxt_motors.oram)
 .bss.nxt_motor_initialised
                0x002056b8        0x4 ../../ecrobot/../ecrobot/libecrobot.a(nxt_motors.oram)
 .bss.interrupts_this_period
                0x002056bc        0x4 ../../ecrobot/../ecrobot/libecrobot.a(nxt_motors.oram)
 .bss.display_array
                0x002056c0      0x388 ../../ecrobot/../ecrobot/libecrobot.a(display.oram)
 .bss.display_tick
                0x00205a48        0x4 ../../ecrobot/../ecrobot/libecrobot.a(display.oram)
                0x00205a48                display_tick
 .bss.i2c_port  0x00205a4c      0x170 ../../ecrobot/../ecrobot/libecrobot.a(i2c.oram)
 .bss.i2c_int_count
                0x00205bbc        0x4 ../../ecrobot/../ecrobot/libecrobot.a(i2c.oram)
 .bss.sound_mode
                0x00205bc0        0x1 ../../ecrobot/../ecrobot/libecrobot.a(sound.oram)
                0x00205bc0                sound_mode
 .bss.in_buf    0x00205bc1      0x100 ../../ecrobot/../ecrobot/libecrobot.a(bt.oram)
 .bss.out_buf_ptr
                0x00205cc1        0x1 ../../ecrobot/../ecrobot/libecrobot.a(bt.oram)
 *fill*         0x00205cc2        0x2 00
 .bss.buf_ptr   0x00205cc4        0x4 ../../ecrobot/../ecrobot/libecrobot.a(bt.oram)
 .bss.in_buf_in_ptr
                0x00205cc8        0x1 ../../ecrobot/../ecrobot/libecrobot.a(bt.oram)
 *fill*         0x00205cc9        0x3 00
 .bss.in_buf_idx
                0x00205ccc        0x4 ../../ecrobot/../ecrobot/libecrobot.a(bt.oram)
 .bss.update_count
                0x00205cd0        0x4 ../../ecrobot/../ecrobot/libecrobot.a(nxt_avr.oram)
 .bss.debounce_state
                0x00205cd4        0x2 ../../ecrobot/../ecrobot/libecrobot.a(nxt_avr.oram)
 .bss.button_state
                0x00205cd6        0x2 ../../ecrobot/../ecrobot/libecrobot.a(nxt_avr.oram)
 .bss.from_buf  0x00205cd8        0x4 ../../ecrobot/../ecrobot/libecrobot.a(nxt_avr.oram)
 .bss.io_from_avr
                0x00205cdc        0x4 ../../ecrobot/../ecrobot/libecrobot.a(nxt_avr.oram)
 .bss.data_from_avr
                0x00205ce0       0x1a ../../ecrobot/../ecrobot/libecrobot.a(nxt_avr.oram)
 .bss.debounce_cnt
                0x00205cfa        0x2 ../../ecrobot/../ecrobot/libecrobot.a(nxt_avr.oram)
 .bss.nxt_avr_stats
                0x00205cfc       0x14 ../../ecrobot/../ecrobot/libecrobot.a(nxt_avr.oram)
 .bss.link_state
                0x00205d10        0x4 ../../ecrobot/../ecrobot/libecrobot.a(nxt_avr.oram)
 .bss.io_to_avr
                0x00205d14        0x8 ../../ecrobot/../ecrobot/libecrobot.a(nxt_avr.oram)
 .bss.prev_buttons
                0x00205d1c        0x2 ../../ecrobot/../ecrobot/libecrobot.a(nxt_avr.oram)
 .bss.data_to_avr
                0x00205d1e        0x9 ../../ecrobot/../ecrobot/libecrobot.a(nxt_avr.oram)
 *fill*         0x00205d27        0x1 00
 .bss.display   0x00205d28        0x4 ../../ecrobot/../ecrobot/libecrobot.a(nxt_lcd.oram)
                0x00205d30                . = ALIGN (0x10)
 *fill*         0x00205d2c        0x4 00
                0x00205d30                __bss_end__ = .
 COMMON         0x00205d30        0x2 build/kernel/interrupt.o
                0x00205d30                runisr
                0x00205d31                sus_all_cnt
 *fill*         0x00205d32        0x2 00
 COMMON         0x00205d34       0x10 build/kernel/osctl.o
                0x00205d34                callevel
                0x00205d35                _errorhook_svcid
                0x00205d36                appmode
                0x00205d38                _errorhook_par1
                0x00205d3c                _errorhook_par3
                0x00205d40                _errorhook_par2
 COMMON         0x00205d44        0x3 build/kernel/task.o
                0x00205d44                runtsk
                0x00205d45                schedtsk
                0x00205d46                nextpri
 *fill*         0x00205d47        0x1 00
 COMMON         0x00205d48       0x2c build/./kernel_cfg.o
                0x00205d48                tcb_waievt
                0x00205d4c                rescb_prevpri
                0x00205d4d                almcb_prev
                0x00205d4e                tcb_lastres
                0x00205d50                almcb_almval
                0x00205d54                tcxb_pc
                0x00205d58                tcb_next
                0x00205d59                tcb_curpri
                0x00205d5a                tcb_tstat
                0x00205d5b                isrcb_lastres
                0x00205d5c                cntcb_almque
                0x00205d5d                rescb_prevres
                0x00205d5e                tcb_actcnt
                0x00205d60                tcb_curevt
                0x00205d64                almcb_cycle
                0x00205d68                tcxb_sp
                0x00205d6c                almcb_next
                0x00205d70                cntcb_curval
 COMMON         0x00205d74       0x44 ../../ecrobot/../ecrobot/libecrobot.a(uart.oram)
                0x00205d74                uart
 COMMON         0x00205db8        0x4 ../../ecrobot/../ecrobot/libecrobot.a(data_abort.oram)
                0x00205db8                data_abort_pc
 COMMON         0x00205dbc        0x8 ../../ecrobot/../ecrobot/libecrobot.a(display.oram)
                0x00205dbc                display_x
                0x00205dc0                display_y
 COMMON         0x00205dc4      0x31c ../../ecrobot/../ecrobot/libecrobot.a(sound.oram)
                0x00205dc4                sample
                0x002050c0                __bss_start__ = ADDR (.bss)
                0x002060e0                __bss_end__ = (ADDR (.bss) + SIZEOF (.bss))
                0x002060e0                PROVIDE (end, .)

.heap_area      0x002060e0     0x9a98
                0x0020fb78                . = (. + (0x20fb78 - end))
 *fill*         0x002060e0     0x9a98 00

.stack          0x0020fb78      0x488
                0x0020fbf8                . = (. + 0x80)
 *fill*         0x0020fb78       0x80 00
                0x0020fc00                . = ALIGN (0x10)
 *fill*         0x0020fbf8        0x8 00
                0x0020fc00                __irq_stack__ = .
                0x0020fc00                __system_stack_bottom__ = .
                0x00210000                . = (. + 0x400)
 *fill*         0x0020fc00      0x400 00
                0x00210000                . = ALIGN (0x10)
                0x00210000                __system_stack__ = .
                0x00210000                __system_stack_top__ = .
                0x0020fb78                __stack_start__ = ADDR (.stack)
                0x00210000                __stack_end__ = (ADDR (.stack) + SIZEOF (.stack))
OUTPUT(tetrix_rxe.elf elf32-littlearm)

.comment        0x00000000       0x30
 .comment       0x00000000       0x30 build/kernel/alarm.o
                                 0x31 (size before relaxing)
 .comment       0x00000000       0x31 build/kernel/interrupt.o
 .comment       0x00000000       0x31 build/kernel/osctl.o
 .comment       0x00000000       0x31 build/kernel/task.o
 .comment       0x00000000       0x31 build/kernel/task_manage.o
 .comment       0x00000000       0x31 build/config/at91sam7s-gnu/cpu_config.o
 .comment       0x00000000       0x31 build/config/at91sam7s-gnu/lego_nxt/sys_config.o
 .comment       0x00000000       0x31 build/./kernel_cfg.o
 .comment       0x00000000       0x31 build/ecrobot_base.o
 .comment       0x00000000       0x31 build/ecrobot.o
 .comment       0x00000000       0x31 build/tetrix.o
 .comment       0x00000000       0x31 build/syslib/at91sam7s-gnu/lego_nxt/hw_sys_timer.oram
 .comment       0x00000000       0x31 ../../ecrobot/../ecrobot/libecrobot.a(ecrobot_HiTechnic.o)
 .comment       0x00000000       0x31 ../../ecrobot/../ecrobot/libecrobot.a(ecrobot_interface.o)
 .comment       0x00000000       0x31 ../../ecrobot/../ecrobot/libecrobot.a(osek_hook.o)
 .comment       0x00000000       0x31 ../../ecrobot/../ecrobot/libecrobot.a(uart.oram)
 .comment       0x00000000       0x31 ../../ecrobot/../ecrobot/libecrobot.a(systick.oram)
 .comment       0x00000000       0x31 ../../ecrobot/../ecrobot/libecrobot.a(byte_fifo.oram)
 .comment       0x00000000       0x31 ../../ecrobot/../ecrobot/libecrobot.a(aic.oram)
 .comment       0x00000000       0x31 ../../ecrobot/../ecrobot/libecrobot.a(udp.oram)
 .comment       0x00000000       0x31 ../../ecrobot/../ecrobot/libecrobot.a(twi.oram)
 .comment       0x00000000       0x31 ../../ecrobot/../ecrobot/libecrobot.a(nxt_spi.oram)
 .comment       0x00000000       0x31 ../../ecrobot/../ecrobot/libecrobot.a(nxt_motors.oram)
 .comment       0x00000000       0x31 ../../ecrobot/../ecrobot/libecrobot.a(data_abort.oram)
 .comment       0x00000000       0x31 ../../ecrobot/../ecrobot/libecrobot.a(display.oram)
 .comment       0x00000000       0x31 ../../ecrobot/../ecrobot/libecrobot.a(i2c.oram)
 .comment       0x00000000       0x31 ../../ecrobot/../ecrobot/libecrobot.a(sound.oram)
 .comment       0x00000000       0x31 ../../ecrobot/../ecrobot/libecrobot.a(bt.oram)
 .comment       0x00000000       0x31 ../../ecrobot/../ecrobot/libecrobot.a(nxt_avr.oram)
 .comment       0x00000000       0x31 ../../ecrobot/../ecrobot/libecrobot.a(sensors.oram)
 .comment       0x00000000       0x31 ../../ecrobot/../ecrobot/libecrobot.a(nxt_lcd.oram)
 .comment       0x00000000       0x31 ../../ecrobot/../ecrobot/libecrobot.a(flash_loader.oram)
 .comment       0x00000000       0x31 ../../ecrobot/../ecrobot/libecrobot.a(flashprog.oram)

.ARM.attributes
                0x00000000       0x2e
 .ARM.attributes
                0x00000000       0x32 build/kernel/alarm.o
 .ARM.attributes
                0x00000032       0x32 build/kernel/interrupt.o
 .ARM.attributes
                0x00000064       0x32 build/kernel/osctl.o
 .ARM.attributes
                0x00000096       0x32 build/kernel/task.o
 .ARM.attributes
                0x000000c8       0x32 build/kernel/task_manage.o
 .ARM.attributes
                0x000000fa       0x32 build/config/at91sam7s-gnu/cpu_config.o
 .ARM.attributes
                0x0000012c       0x32 build/config/at91sam7s-gnu/lego_nxt/sys_config.o
 .ARM.attributes
                0x0000015e       0x32 build/./kernel_cfg.o
 .ARM.attributes
                0x00000190       0x32 build/ecrobot_base.o
 .ARM.attributes
                0x000001c2       0x32 build/ecrobot.o
 .ARM.attributes
                0x000001f4       0x32 build/tetrix.o
 .ARM.attributes
                0x00000226       0x32 build/syslib/at91sam7s-gnu/lego_nxt/hw_sys_timer.oram
 .ARM.attributes
                0x00000258       0x22 build/nxt_binary_header.o
 .ARM.attributes
                0x0000027a       0x22 build/nxt_entry_point.o
 .ARM.attributes
                0x0000029c       0x22 build/ecrobot_init.o
 .ARM.attributes
                0x000002be       0x22 build/config/at91sam7s-gnu/cpu_support.oram
 .ARM.attributes
                0x000002e0       0x22 build/config/at91sam7s-gnu/irq.oram
 .ARM.attributes
                0x00000302       0x32 ../../ecrobot/../ecrobot/libecrobot.a(ecrobot_HiTechnic.o)
 .ARM.attributes
                0x00000334       0x32 ../../ecrobot/../ecrobot/libecrobot.a(ecrobot_interface.o)
 .ARM.attributes
                0x00000366       0x32 ../../ecrobot/../ecrobot/libecrobot.a(osek_hook.o)
 .ARM.attributes
                0x00000398       0x32 ../../ecrobot/../ecrobot/libecrobot.a(uart.oram)
 .ARM.attributes
                0x000003ca       0x32 ../../ecrobot/../ecrobot/libecrobot.a(systick.oram)
 .ARM.attributes
                0x000003fc       0x32 ../../ecrobot/../ecrobot/libecrobot.a(byte_fifo.oram)
 .ARM.attributes
                0x0000042e       0x32 ../../ecrobot/../ecrobot/libecrobot.a(aic.oram)
 .ARM.attributes
                0x00000460       0x32 ../../ecrobot/../ecrobot/libecrobot.a(udp.oram)
 .ARM.attributes
                0x00000492       0x32 ../../ecrobot/../ecrobot/libecrobot.a(twi.oram)
 .ARM.attributes
                0x000004c4       0x32 ../../ecrobot/../ecrobot/libecrobot.a(nxt_spi.oram)
 .ARM.attributes
                0x000004f6       0x32 ../../ecrobot/../ecrobot/libecrobot.a(nxt_motors.oram)
 .ARM.attributes
                0x00000528       0x32 ../../ecrobot/../ecrobot/libecrobot.a(data_abort.oram)
 .ARM.attributes
                0x0000055a       0x32 ../../ecrobot/../ecrobot/libecrobot.a(display.oram)
 .ARM.attributes
                0x0000058c       0x32 ../../ecrobot/../ecrobot/libecrobot.a(i2c.oram)
 .ARM.attributes
                0x000005be       0x32 ../../ecrobot/../ecrobot/libecrobot.a(sound.oram)
 .ARM.attributes
                0x000005f0       0x32 ../../ecrobot/../ecrobot/libecrobot.a(bt.oram)
 .ARM.attributes
                0x00000622       0x32 ../../ecrobot/../ecrobot/libecrobot.a(nxt_avr.oram)
 .ARM.attributes
                0x00000654       0x32 ../../ecrobot/../ecrobot/libecrobot.a(sensors.oram)
 .ARM.attributes
                0x00000686       0x32 ../../ecrobot/../ecrobot/libecrobot.a(nxt_lcd.oram)
 .ARM.attributes
                0x000006b8       0x32 ../../ecrobot/../ecrobot/libecrobot.a(flash_loader.oram)
 .ARM.attributes
                0x000006ea       0x22 ../../ecrobot/../ecrobot/libecrobot.a(interrupts.oram)
 .ARM.attributes
                0x0000070c       0x32 ../../ecrobot/../ecrobot/libecrobot.a(flashprog.oram)
 .ARM.attributes
                0x0000073e       0x18 /home/adrian/CodeSourcery/Sourcery_CodeBench_Lite_for_ARM_EABI/bin/../lib/gcc/arm-none-eabi/4.6.3/thumb/libgcc.a(_thumb1_case_uqi.o)
 .ARM.attributes
                0x00000756       0x18 /home/adrian/CodeSourcery/Sourcery_CodeBench_Lite_for_ARM_EABI/bin/../lib/gcc/arm-none-eabi/4.6.3/thumb/libgcc.a(_thumb1_case_uhi.o)
 .ARM.attributes
                0x0000076e       0x1a /home/adrian/CodeSourcery/Sourcery_CodeBench_Lite_for_ARM_EABI/bin/../lib/gcc/arm-none-eabi/4.6.3/thumb/libgcc.a(_udivsi3.o)
 .ARM.attributes
                0x00000788       0x1a /home/adrian/CodeSourcery/Sourcery_CodeBench_Lite_for_ARM_EABI/bin/../lib/gcc/arm-none-eabi/4.6.3/thumb/libgcc.a(_divsi3.o)
 .ARM.attributes
                0x000007a2       0x18 /home/adrian/CodeSourcery/Sourcery_CodeBench_Lite_for_ARM_EABI/bin/../lib/gcc/arm-none-eabi/4.6.3/thumb/libgcc.a(_dvmd_tls.o)
 .ARM.attributes
                0x000007ba       0x32 /home/adrian/CodeSourcery/Sourcery_CodeBench_Lite_for_ARM_EABI/bin/../lib/gcc/arm-none-eabi/4.6.3/thumb/libgcc.a(_muldi3.o)
 .ARM.attributes
                0x000007ec       0x32 /home/adrian/CodeSourcery/Sourcery_CodeBench_Lite_for_ARM_EABI/bin/../lib/gcc/arm-none-eabi/4.6.3/../../../../arm-none-eabi/lib/thumb/libc.a(lib_a-cxa_finalize.o)
 .ARM.attributes
                0x0000081e       0x32 /home/adrian/CodeSourcery/Sourcery_CodeBench_Lite_for_ARM_EABI/bin/../lib/gcc/arm-none-eabi/4.6.3/../../../../arm-none-eabi/lib/thumb/libc.a(lib_a-memset.o)
 .ARM.attributes
                0x00000850       0x32 /home/adrian/CodeSourcery/Sourcery_CodeBench_Lite_for_ARM_EABI/bin/../lib/gcc/arm-none-eabi/4.6.3/../../../../arm-none-eabi/lib/thumb/libc.a(lib_a-rand.o)
 .ARM.attributes
                0x00000882       0x32 /home/adrian/CodeSourcery/Sourcery_CodeBench_Lite_for_ARM_EABI/bin/../lib/gcc/arm-none-eabi/4.6.3/../../../../arm-none-eabi/lib/thumb/libc.a(lib_a-strcpy.o)
 .ARM.attributes
                0x000008b4       0x32 /home/adrian/CodeSourcery/Sourcery_CodeBench_Lite_for_ARM_EABI/bin/../lib/gcc/arm-none-eabi/4.6.3/../../../../arm-none-eabi/lib/thumb/libc.a(lib_a-strlen.o)
 .ARM.attributes
                0x000008e6       0x32 /home/adrian/CodeSourcery/Sourcery_CodeBench_Lite_for_ARM_EABI/bin/../lib/gcc/arm-none-eabi/4.6.3/../../../../arm-none-eabi/lib/thumb/libc.a(lib_a-__call_atexit.o)
 .ARM.attributes
                0x00000918       0x32 /home/adrian/CodeSourcery/Sourcery_CodeBench_Lite_for_ARM_EABI/bin/../lib/gcc/arm-none-eabi/4.6.3/../../../../arm-none-eabi/lib/thumb/libc.a(lib_a-impure.o)
 .ARM.attributes
                0x0000094a       0x22 build/nxtvm/platform/nxt/vectors.o

.debug_frame    0x00000000      0x190
 .debug_frame   0x00000000       0x20 /home/adrian/CodeSourcery/Sourcery_CodeBench_Lite_for_ARM_EABI/bin/../lib/gcc/arm-none-eabi/4.6.3/thumb/libgcc.a(_udivsi3.o)
 .debug_frame   0x00000020       0x20 /home/adrian/CodeSourcery/Sourcery_CodeBench_Lite_for_ARM_EABI/bin/../lib/gcc/arm-none-eabi/4.6.3/thumb/libgcc.a(_divsi3.o)
 .debug_frame   0x00000040       0x30 /home/adrian/CodeSourcery/Sourcery_CodeBench_Lite_for_ARM_EABI/bin/../lib/gcc/arm-none-eabi/4.6.3/thumb/libgcc.a(_muldi3.o)
 .debug_frame   0x00000070       0x28 /home/adrian/CodeSourcery/Sourcery_CodeBench_Lite_for_ARM_EABI/bin/../lib/gcc/arm-none-eabi/4.6.3/../../../../arm-none-eabi/lib/thumb/libc.a(lib_a-cxa_finalize.o)
 .debug_frame   0x00000098       0x2c /home/adrian/CodeSourcery/Sourcery_CodeBench_Lite_for_ARM_EABI/bin/../lib/gcc/arm-none-eabi/4.6.3/../../../../arm-none-eabi/lib/thumb/libc.a(lib_a-memset.o)
 .debug_frame   0x000000c4       0x38 /home/adrian/CodeSourcery/Sourcery_CodeBench_Lite_for_ARM_EABI/bin/../lib/gcc/arm-none-eabi/4.6.3/../../../../arm-none-eabi/lib/thumb/libc.a(lib_a-rand.o)
 .debug_frame   0x000000fc       0x20 /home/adrian/CodeSourcery/Sourcery_CodeBench_Lite_for_ARM_EABI/bin/../lib/gcc/arm-none-eabi/4.6.3/../../../../arm-none-eabi/lib/thumb/libc.a(lib_a-strcpy.o)
 .debug_frame   0x0000011c       0x20 /home/adrian/CodeSourcery/Sourcery_CodeBench_Lite_for_ARM_EABI/bin/../lib/gcc/arm-none-eabi/4.6.3/../../../../arm-none-eabi/lib/thumb/libc.a(lib_a-strlen.o)
 .debug_frame   0x0000013c       0x54 /home/adrian/CodeSourcery/Sourcery_CodeBench_Lite_for_ARM_EABI/bin/../lib/gcc/arm-none-eabi/4.6.3/../../../../arm-none-eabi/lib/thumb/libc.a(lib_a-__call_atexit.o)

Cross Reference Table

Symbol                                            File
ActivateTask                                      build/kernel/task_manage.o
                                                  build/./kernel_cfg.o
CancelAlarm                                       build/kernel/alarm.o
ChainTask                                         build/kernel/task_manage.o
ClearEvent                                        build/kernel/event.o
DisableAllInterrupts                              build/kernel/interrupt.o
EnableAllInterrupts                               build/kernel/interrupt.o
ErrorHook                                         ../../ecrobot/../ecrobot/libecrobot.a(osek_hook.o)
                                                  build/kernel/osctl.o
GetActiveApplicationMode                          build/kernel/osctl.o
GetAlarm                                          build/kernel/alarm.o
GetAlarmBase                                      build/kernel/alarm.o
GetEvent                                          build/kernel/event.o
GetResource                                       build/kernel/resource.o
GetTaskID                                         build/kernel/task_manage.o
GetTaskState                                      build/kernel/task_manage.o
NXT_COLORSENSOR_PROTOCOLS                         ../../ecrobot/../ecrobot/libecrobot.a(ecrobot_interface.o)
NXT_Entry_Point                                   build/nxt_entry_point.o
                                                  build/nxt_binary_header.o
PostTaskHook                                      ../../ecrobot/../ecrobot/libecrobot.a(osek_hook.o)
                                                  build/config/at91sam7s-gnu/cpu_support.oram
                                                  build/kernel/osctl.o
PreTaskHook                                       ../../ecrobot/../ecrobot/libecrobot.a(osek_hook.o)
                                                  build/config/at91sam7s-gnu/cpu_support.oram
                                                  build/kernel/osctl.o
ReleaseResource                                   build/kernel/resource.o
ResumeAllInterrupts                               build/kernel/interrupt.o
ResumeOSInterrupts                                build/kernel/interrupt.o
Schedule                                          build/kernel/task_manage.o
SetAbsAlarm                                       build/kernel/alarm.o
SetEvent                                          build/kernel/event.o
SetRelAlarm                                       build/kernel/alarm.o
ShutdownHook                                      ../../ecrobot/../ecrobot/libecrobot.a(osek_hook.o)
                                                  build/kernel/osctl.o
ShutdownOS                                        build/kernel/osctl.o
                                                  build/tetrix.o
SignalCounter                                     build/kernel/alarm.o
                                                  build/tetrix.o
StartOS                                           build/kernel/osctl.o
                                                  build/ecrobot.o
StartupHook                                       ../../ecrobot/../ecrobot/libecrobot.a(osek_hook.o)
                                                  build/kernel/osctl.o
SuspendAllInterrupts                              build/kernel/interrupt.o
SuspendOSInterrupts                               build/kernel/interrupt.o
SysTimerCnt                                       build/./kernel_cfg.o
                                                  build/tetrix.o
Task1                                             build/./kernel_cfg.o
TaskMainTask1                                     build/tetrix.o
                                                  build/./kernel_cfg.o
TerminateTask                                     build/kernel/task_manage.o
                                                  build/tetrix.o
WaitEvent                                         build/kernel/event.o
__adddf3                                          /home/adrian/CodeSourcery/Sourcery_CodeBench_Lite_for_ARM_EABI/bin/../lib/gcc/arm-none-eabi/4.6.3/thumb/libgcc.a(_arm_addsubdf3.o)
__aeabi_cdcmpeq                                   /home/adrian/CodeSourcery/Sourcery_CodeBench_Lite_for_ARM_EABI/bin/../lib/gcc/arm-none-eabi/4.6.3/thumb/libgcc.a(_arm_cmpdf2.o)
__aeabi_cdcmple                                   /home/adrian/CodeSourcery/Sourcery_CodeBench_Lite_for_ARM_EABI/bin/../lib/gcc/arm-none-eabi/4.6.3/thumb/libgcc.a(_arm_cmpdf2.o)
__aeabi_cdrcmple                                  /home/adrian/CodeSourcery/Sourcery_CodeBench_Lite_for_ARM_EABI/bin/../lib/gcc/arm-none-eabi/4.6.3/thumb/libgcc.a(_arm_cmpdf2.o)
__aeabi_dadd                                      /home/adrian/CodeSourcery/Sourcery_CodeBench_Lite_for_ARM_EABI/bin/../lib/gcc/arm-none-eabi/4.6.3/thumb/libgcc.a(_arm_addsubdf3.o)
__aeabi_dcmpeq                                    /home/adrian/CodeSourcery/Sourcery_CodeBench_Lite_for_ARM_EABI/bin/../lib/gcc/arm-none-eabi/4.6.3/thumb/libgcc.a(_arm_cmpdf2.o)
__aeabi_dcmpge                                    /home/adrian/CodeSourcery/Sourcery_CodeBench_Lite_for_ARM_EABI/bin/../lib/gcc/arm-none-eabi/4.6.3/thumb/libgcc.a(_arm_cmpdf2.o)
__aeabi_dcmpgt                                    /home/adrian/CodeSourcery/Sourcery_CodeBench_Lite_for_ARM_EABI/bin/../lib/gcc/arm-none-eabi/4.6.3/thumb/libgcc.a(_arm_cmpdf2.o)
                                                  ../../ecrobot/../ecrobot/libecrobot.a(colorsensor.o)
__aeabi_dcmple                                    /home/adrian/CodeSourcery/Sourcery_CodeBench_Lite_for_ARM_EABI/bin/../lib/gcc/arm-none-eabi/4.6.3/thumb/libgcc.a(_arm_cmpdf2.o)
__aeabi_dcmplt                                    /home/adrian/CodeSourcery/Sourcery_CodeBench_Lite_for_ARM_EABI/bin/../lib/gcc/arm-none-eabi/4.6.3/thumb/libgcc.a(_arm_cmpdf2.o)
__aeabi_ddiv                                      /home/adrian/CodeSourcery/Sourcery_CodeBench_Lite_for_ARM_EABI/bin/../lib/gcc/arm-none-eabi/4.6.3/thumb/libgcc.a(_arm_muldivdf3.o)
__aeabi_dmul                                      /home/adrian/CodeSourcery/Sourcery_CodeBench_Lite_for_ARM_EABI/bin/../lib/gcc/arm-none-eabi/4.6.3/thumb/libgcc.a(_arm_muldivdf3.o)
                                                  ../../ecrobot/../ecrobot/libecrobot.a(colorsensor.o)
__aeabi_drsub                                     /home/adrian/CodeSourcery/Sourcery_CodeBench_Lite_for_ARM_EABI/bin/../lib/gcc/arm-none-eabi/4.6.3/thumb/libgcc.a(_arm_addsubdf3.o)
__aeabi_dsub                                      /home/adrian/CodeSourcery/Sourcery_CodeBench_Lite_for_ARM_EABI/bin/../lib/gcc/arm-none-eabi/4.6.3/thumb/libgcc.a(_arm_addsubdf3.o)
__aeabi_f2d                                       /home/adrian/CodeSourcery/Sourcery_CodeBench_Lite_for_ARM_EABI/bin/../lib/gcc/arm-none-eabi/4.6.3/thumb/libgcc.a(_arm_addsubdf3.o)
__aeabi_i2d                                       /home/adrian/CodeSourcery/Sourcery_CodeBench_Lite_for_ARM_EABI/bin/../lib/gcc/arm-none-eabi/4.6.3/thumb/libgcc.a(_arm_addsubdf3.o)
                                                  ../../ecrobot/../ecrobot/libecrobot.a(colorsensor.o)
__aeabi_idiv                                      /home/adrian/CodeSourcery/Sourcery_CodeBench_Lite_for_ARM_EABI/bin/../lib/gcc/arm-none-eabi/4.6.3/thumb/libgcc.a(_divsi3.o)
                                                  ../../ecrobot/../ecrobot/libecrobot.a(sound.oram)
                                                  ../../ecrobot/../ecrobot/libecrobot.a(uart.oram)
__aeabi_idiv0                                     /home/adrian/CodeSourcery/Sourcery_CodeBench_Lite_for_ARM_EABI/bin/../lib/gcc/arm-none-eabi/4.6.3/thumb/libgcc.a(_dvmd_tls.o)
                                                  /home/adrian/CodeSourcery/Sourcery_CodeBench_Lite_for_ARM_EABI/bin/../lib/gcc/arm-none-eabi/4.6.3/thumb/libgcc.a(_divsi3.o)
                                                  /home/adrian/CodeSourcery/Sourcery_CodeBench_Lite_for_ARM_EABI/bin/../lib/gcc/arm-none-eabi/4.6.3/thumb/libgcc.a(_udivsi3.o)
__aeabi_idivmod                                   /home/adrian/CodeSourcery/Sourcery_CodeBench_Lite_for_ARM_EABI/bin/../lib/gcc/arm-none-eabi/4.6.3/thumb/libgcc.a(_divsi3.o)
                                                  ../../ecrobot/../ecrobot/libecrobot.a(sound.oram)
                                                  build/tetrix.o
__aeabi_l2d                                       /home/adrian/CodeSourcery/Sourcery_CodeBench_Lite_for_ARM_EABI/bin/../lib/gcc/arm-none-eabi/4.6.3/thumb/libgcc.a(_arm_addsubdf3.o)
__aeabi_ldiv0                                     /home/adrian/CodeSourcery/Sourcery_CodeBench_Lite_for_ARM_EABI/bin/../lib/gcc/arm-none-eabi/4.6.3/thumb/libgcc.a(_dvmd_tls.o)
                                                  /home/adrian/CodeSourcery/Sourcery_CodeBench_Lite_for_ARM_EABI/bin/../lib/gcc/arm-none-eabi/4.6.3/thumb/libgcc.a(_aeabi_ldivmod.o)
__aeabi_ldivmod                                   /home/adrian/CodeSourcery/Sourcery_CodeBench_Lite_for_ARM_EABI/bin/../lib/gcc/arm-none-eabi/4.6.3/thumb/libgcc.a(_aeabi_ldivmod.o)
                                                  ../../ecrobot/../ecrobot/libecrobot.a(sound.oram)
__aeabi_lmul                                      /home/adrian/CodeSourcery/Sourcery_CodeBench_Lite_for_ARM_EABI/bin/../lib/gcc/arm-none-eabi/4.6.3/thumb/libgcc.a(_muldi3.o)
                                                  /home/adrian/CodeSourcery/Sourcery_CodeBench_Lite_for_ARM_EABI/bin/../lib/gcc/arm-none-eabi/4.6.3/../../../../arm-none-eabi/lib/thumb/libc.a(lib_a-rand.o)
                                                  /home/adrian/CodeSourcery/Sourcery_CodeBench_Lite_for_ARM_EABI/bin/../lib/gcc/arm-none-eabi/4.6.3/thumb/libgcc.a(bpabi.o)
                                                  ../../ecrobot/../ecrobot/libecrobot.a(sound.oram)
__aeabi_ui2d                                      /home/adrian/CodeSourcery/Sourcery_CodeBench_Lite_for_ARM_EABI/bin/../lib/gcc/arm-none-eabi/4.6.3/thumb/libgcc.a(_arm_addsubdf3.o)
__aeabi_uidiv                                     /home/adrian/CodeSourcery/Sourcery_CodeBench_Lite_for_ARM_EABI/bin/../lib/gcc/arm-none-eabi/4.6.3/thumb/libgcc.a(_udivsi3.o)
                                                  /home/adrian/CodeSourcery/Sourcery_CodeBench_Lite_for_ARM_EABI/bin/../lib/gcc/arm-none-eabi/4.6.3/thumb/libgcc.a(_udivdi3.o)
                                                  /home/adrian/CodeSourcery/Sourcery_CodeBench_Lite_for_ARM_EABI/bin/../lib/gcc/arm-none-eabi/4.6.3/thumb/libgcc.a(_divdi3.o)
                                                  ../../ecrobot/../ecrobot/libecrobot.a(sound.oram)
                                                  ../../ecrobot/../ecrobot/libecrobot.a(display.oram)
                                                  ../../ecrobot/../ecrobot/libecrobot.a(ecrobot_interface.o)
                                                  build/ecrobot_base.o
__aeabi_uidivmod                                  /home/adrian/CodeSourcery/Sourcery_CodeBench_Lite_for_ARM_EABI/bin/../lib/gcc/arm-none-eabi/4.6.3/thumb/libgcc.a(_udivsi3.o)
                                                  /home/adrian/CodeSourcery/Sourcery_CodeBench_Lite_for_ARM_EABI/bin/../lib/gcc/arm-none-eabi/4.6.3/thumb/libgcc.a(_udivdi3.o)
                                                  /home/adrian/CodeSourcery/Sourcery_CodeBench_Lite_for_ARM_EABI/bin/../lib/gcc/arm-none-eabi/4.6.3/thumb/libgcc.a(_divdi3.o)
                                                  ../../ecrobot/../ecrobot/libecrobot.a(display.oram)
__aeabi_ul2d                                      /home/adrian/CodeSourcery/Sourcery_CodeBench_Lite_for_ARM_EABI/bin/../lib/gcc/arm-none-eabi/4.6.3/thumb/libgcc.a(_arm_addsubdf3.o)
__bss_end__                                       build/ecrobot_init.o
__bss_start__                                     build/ecrobot_init.o
__call_exitprocs                                  /home/adrian/CodeSourcery/Sourcery_CodeBench_Lite_for_ARM_EABI/bin/../lib/gcc/arm-none-eabi/4.6.3/../../../../arm-none-eabi/lib/thumb/libc.a(lib_a-__call_atexit.o)
                                                  /home/adrian/CodeSourcery/Sourcery_CodeBench_Lite_for_ARM_EABI/bin/../lib/gcc/arm-none-eabi/4.6.3/../../../../arm-none-eabi/lib/thumb/libc.a(lib_a-cxa_finalize.o)
__clzsi2                                          /home/adrian/CodeSourcery/Sourcery_CodeBench_Lite_for_ARM_EABI/bin/../lib/gcc/arm-none-eabi/4.6.3/thumb/libgcc.a(_clzsi2.o)
                                                  /home/adrian/CodeSourcery/Sourcery_CodeBench_Lite_for_ARM_EABI/bin/../lib/gcc/arm-none-eabi/4.6.3/thumb/libgcc.a(_udivdi3.o)
                                                  /home/adrian/CodeSourcery/Sourcery_CodeBench_Lite_for_ARM_EABI/bin/../lib/gcc/arm-none-eabi/4.6.3/thumb/libgcc.a(_divdi3.o)
__cmpdf2                                          /home/adrian/CodeSourcery/Sourcery_CodeBench_Lite_for_ARM_EABI/bin/../lib/gcc/arm-none-eabi/4.6.3/thumb/libgcc.a(_arm_cmpdf2.o)
__ctor_begin                                      build/ecrobot_base.o
__ctor_end                                        build/ecrobot_base.o
__cxa_finalize                                    /home/adrian/CodeSourcery/Sourcery_CodeBench_Lite_for_ARM_EABI/bin/../lib/gcc/arm-none-eabi/4.6.3/../../../../arm-none-eabi/lib/thumb/libc.a(lib_a-cxa_finalize.o)
                                                  build/ecrobot_base.o
__data_load_end__                                 build/ecrobot_init.o
__data_load_start__                               build/ecrobot_init.o
__data_ram_start__                                build/ecrobot_init.o
__divdf3                                          /home/adrian/CodeSourcery/Sourcery_CodeBench_Lite_for_ARM_EABI/bin/../lib/gcc/arm-none-eabi/4.6.3/thumb/libgcc.a(_arm_muldivdf3.o)
__divdi3                                          /home/adrian/CodeSourcery/Sourcery_CodeBench_Lite_for_ARM_EABI/bin/../lib/gcc/arm-none-eabi/4.6.3/thumb/libgcc.a(_divdi3.o)
                                                  /home/adrian/CodeSourcery/Sourcery_CodeBench_Lite_for_ARM_EABI/bin/../lib/gcc/arm-none-eabi/4.6.3/thumb/libgcc.a(bpabi.o)
__divsi3                                          /home/adrian/CodeSourcery/Sourcery_CodeBench_Lite_for_ARM_EABI/bin/../lib/gcc/arm-none-eabi/4.6.3/thumb/libgcc.a(_divsi3.o)
__eqdf2                                           /home/adrian/CodeSourcery/Sourcery_CodeBench_Lite_for_ARM_EABI/bin/../lib/gcc/arm-none-eabi/4.6.3/thumb/libgcc.a(_arm_cmpdf2.o)
__extendsfdf2                                     /home/adrian/CodeSourcery/Sourcery_CodeBench_Lite_for_ARM_EABI/bin/../lib/gcc/arm-none-eabi/4.6.3/thumb/libgcc.a(_arm_addsubdf3.o)
__fini_array_end                                  /home/adrian/CodeSourcery/Sourcery_CodeBench_Lite_for_ARM_EABI/bin/../lib/gcc/arm-none-eabi/4.6.3/../../../../arm-none-eabi/lib/thumb/libc.a(lib_a-fini.o)
__fini_array_start                                /home/adrian/CodeSourcery/Sourcery_CodeBench_Lite_for_ARM_EABI/bin/../lib/gcc/arm-none-eabi/4.6.3/../../../../arm-none-eabi/lib/thumb/libc.a(lib_a-fini.o)
__floatdidf                                       /home/adrian/CodeSourcery/Sourcery_CodeBench_Lite_for_ARM_EABI/bin/../lib/gcc/arm-none-eabi/4.6.3/thumb/libgcc.a(_arm_addsubdf3.o)
__floatsidf                                       /home/adrian/CodeSourcery/Sourcery_CodeBench_Lite_for_ARM_EABI/bin/../lib/gcc/arm-none-eabi/4.6.3/thumb/libgcc.a(_arm_addsubdf3.o)
__floatundidf                                     /home/adrian/CodeSourcery/Sourcery_CodeBench_Lite_for_ARM_EABI/bin/../lib/gcc/arm-none-eabi/4.6.3/thumb/libgcc.a(_arm_addsubdf3.o)
__floatunsidf                                     /home/adrian/CodeSourcery/Sourcery_CodeBench_Lite_for_ARM_EABI/bin/../lib/gcc/arm-none-eabi/4.6.3/thumb/libgcc.a(_arm_addsubdf3.o)
__gedf2                                           /home/adrian/CodeSourcery/Sourcery_CodeBench_Lite_for_ARM_EABI/bin/../lib/gcc/arm-none-eabi/4.6.3/thumb/libgcc.a(_arm_cmpdf2.o)
__gnu_ldivmod_helper                              /home/adrian/CodeSourcery/Sourcery_CodeBench_Lite_for_ARM_EABI/bin/../lib/gcc/arm-none-eabi/4.6.3/thumb/libgcc.a(bpabi.o)
                                                  /home/adrian/CodeSourcery/Sourcery_CodeBench_Lite_for_ARM_EABI/bin/../lib/gcc/arm-none-eabi/4.6.3/thumb/libgcc.a(_aeabi_ldivmod.o)
__gnu_thumb1_case_uhi                             /home/adrian/CodeSourcery/Sourcery_CodeBench_Lite_for_ARM_EABI/bin/../lib/gcc/arm-none-eabi/4.6.3/thumb/libgcc.a(_thumb1_case_uhi.o)
                                                  ../../ecrobot/../ecrobot/libecrobot.a(i2c.oram)
__gnu_thumb1_case_uqi                             /home/adrian/CodeSourcery/Sourcery_CodeBench_Lite_for_ARM_EABI/bin/../lib/gcc/arm-none-eabi/4.6.3/thumb/libgcc.a(_thumb1_case_uqi.o)
                                                  ../../ecrobot/../ecrobot/libecrobot.a(sensors1.oram)
                                                  ../../ecrobot/../ecrobot/libecrobot.a(nxt_avr.oram)
                                                  ../../ecrobot/../ecrobot/libecrobot.a(uart.oram)
__gnu_uldivmod_helper                             /home/adrian/CodeSourcery/Sourcery_CodeBench_Lite_for_ARM_EABI/bin/../lib/gcc/arm-none-eabi/4.6.3/thumb/libgcc.a(bpabi.o)
__gtdf2                                           /home/adrian/CodeSourcery/Sourcery_CodeBench_Lite_for_ARM_EABI/bin/../lib/gcc/arm-none-eabi/4.6.3/thumb/libgcc.a(_arm_cmpdf2.o)
__irq_stack__                                     build/ecrobot_init.o
__ledf2                                           /home/adrian/CodeSourcery/Sourcery_CodeBench_Lite_for_ARM_EABI/bin/../lib/gcc/arm-none-eabi/4.6.3/thumb/libgcc.a(_arm_cmpdf2.o)
__libc_fini                                       /home/adrian/CodeSourcery/Sourcery_CodeBench_Lite_for_ARM_EABI/bin/../lib/gcc/arm-none-eabi/4.6.3/../../../../arm-none-eabi/lib/thumb/libc.a(lib_a-__call_atexit.o)
__libc_fini_array                                 /home/adrian/CodeSourcery/Sourcery_CodeBench_Lite_for_ARM_EABI/bin/../lib/gcc/arm-none-eabi/4.6.3/../../../../arm-none-eabi/lib/thumb/libc.a(lib_a-fini.o)
                                                  /home/adrian/CodeSourcery/Sourcery_CodeBench_Lite_for_ARM_EABI/bin/../lib/gcc/arm-none-eabi/4.6.3/../../../../arm-none-eabi/lib/thumb/libc.a(lib_a-__call_atexit.o)
__ltdf2                                           /home/adrian/CodeSourcery/Sourcery_CodeBench_Lite_for_ARM_EABI/bin/../lib/gcc/arm-none-eabi/4.6.3/thumb/libgcc.a(_arm_cmpdf2.o)
__muldf3                                          /home/adrian/CodeSourcery/Sourcery_CodeBench_Lite_for_ARM_EABI/bin/../lib/gcc/arm-none-eabi/4.6.3/thumb/libgcc.a(_arm_muldivdf3.o)
__muldi3                                          /home/adrian/CodeSourcery/Sourcery_CodeBench_Lite_for_ARM_EABI/bin/../lib/gcc/arm-none-eabi/4.6.3/thumb/libgcc.a(_muldi3.o)
__nedf2                                           /home/adrian/CodeSourcery/Sourcery_CodeBench_Lite_for_ARM_EABI/bin/../lib/gcc/arm-none-eabi/4.6.3/thumb/libgcc.a(_arm_cmpdf2.o)
__ramtext_load_end__                              build/ecrobot_init.o
__ramtext_load_start__                            build/ecrobot_init.o
__ramtext_ram_start__                             build/ecrobot_init.o
__register_exitproc                               /home/adrian/CodeSourcery/Sourcery_CodeBench_Lite_for_ARM_EABI/bin/../lib/gcc/arm-none-eabi/4.6.3/../../../../arm-none-eabi/lib/thumb/libc.a(lib_a-__atexit.o)
                                                  /home/adrian/CodeSourcery/Sourcery_CodeBench_Lite_for_ARM_EABI/bin/../lib/gcc/arm-none-eabi/4.6.3/../../../../arm-none-eabi/lib/thumb/libc.a(lib_a-atexit.o)
__stack_end__                                     build/ecrobot_init.o
__stack_start__                                   build/ecrobot_init.o
__subdf3                                          /home/adrian/CodeSourcery/Sourcery_CodeBench_Lite_for_ARM_EABI/bin/../lib/gcc/arm-none-eabi/4.6.3/thumb/libgcc.a(_arm_addsubdf3.o)
__system_stack__                                  build/config/at91sam7s-gnu/cpu_support.oram
                                                  build/ecrobot_init.o
__udivdi3                                         /home/adrian/CodeSourcery/Sourcery_CodeBench_Lite_for_ARM_EABI/bin/../lib/gcc/arm-none-eabi/4.6.3/thumb/libgcc.a(_udivdi3.o)
                                                  /home/adrian/CodeSourcery/Sourcery_CodeBench_Lite_for_ARM_EABI/bin/../lib/gcc/arm-none-eabi/4.6.3/thumb/libgcc.a(bpabi.o)
__udivsi3                                         /home/adrian/CodeSourcery/Sourcery_CodeBench_Lite_for_ARM_EABI/bin/../lib/gcc/arm-none-eabi/4.6.3/thumb/libgcc.a(_udivsi3.o)
__vectors_load_end__                              build/ecrobot_init.o
__vectors_load_start__                            build/ecrobot_init.o
__vectors_ram_start__                             build/ecrobot_init.o
_errorhook_par1                                   build/kernel/task_manage.o
                                                  build/kernel/resource.o
                                                  build/kernel/osctl.o
                                                  build/kernel/event.o
                                                  build/kernel/alarm.o
_errorhook_par2                                   build/kernel/task_manage.o
                                                  build/kernel/osctl.o
                                                  build/kernel/event.o
                                                  build/kernel/alarm.o
_errorhook_par3                                   build/kernel/osctl.o
                                                  build/kernel/alarm.o
_errorhook_svcid                                  build/kernel/osctl.o
_fini                                             /home/adrian/CodeSourcery/Sourcery_CodeBench_Lite_for_ARM_EABI/bin/../lib/gcc/arm-none-eabi/4.6.3/../../../../arm-none-eabi/lib/thumb/libc.a(lib_a-fini.o)
_global_impure_ptr                                /home/adrian/CodeSourcery/Sourcery_CodeBench_Lite_for_ARM_EABI/bin/../lib/gcc/arm-none-eabi/4.6.3/../../../../arm-none-eabi/lib/thumb/libc.a(lib_a-impure.o)
                                                  /home/adrian/CodeSourcery/Sourcery_CodeBench_Lite_for_ARM_EABI/bin/../lib/gcc/arm-none-eabi/4.6.3/../../../../arm-none-eabi/lib/thumb/libc.a(lib_a-__atexit.o)
                                                  /home/adrian/CodeSourcery/Sourcery_CodeBench_Lite_for_ARM_EABI/bin/../lib/gcc/arm-none-eabi/4.6.3/../../../../arm-none-eabi/lib/thumb/libc.a(lib_a-__call_atexit.o)
_impure_ptr                                       /home/adrian/CodeSourcery/Sourcery_CodeBench_Lite_for_ARM_EABI/bin/../lib/gcc/arm-none-eabi/4.6.3/../../../../arm-none-eabi/lib/thumb/libc.a(lib_a-impure.o)
                                                  /home/adrian/CodeSourcery/Sourcery_CodeBench_Lite_for_ARM_EABI/bin/../lib/gcc/arm-none-eabi/4.6.3/../../../../arm-none-eabi/lib/thumb/libc.a(lib_a-rand.o)
_interrupt                                        build/config/at91sam7s-gnu/cpu_support.oram
                                                  build/config/at91sam7s-gnu/irq.oram
_sbrk_r                                           build/syscalls.o
activate_r                                        build/config/at91sam7s-gnu/cpu_support.oram
                                                  build/kernel/task.o
add_status_info                                   build/ecrobot_base.o
                                                  build/ecrobot.o
                                                  build/ecrobot_bluetooth.o
aic_clear                                         ../../ecrobot/../ecrobot/libecrobot.a(aic.oram)
                                                  ../../ecrobot/../ecrobot/libecrobot.a(bt.oram)
                                                  ../../ecrobot/../ecrobot/libecrobot.a(sound.oram)
aic_initialise                                    ../../ecrobot/../ecrobot/libecrobot.a(aic.oram)
                                                  ../../ecrobot/../ecrobot/libecrobot.a(flash_loader.oram)
aic_mask_off                                      ../../ecrobot/../ecrobot/libecrobot.a(aic.oram)
                                                  ../../ecrobot/../ecrobot/libecrobot.a(bt.oram)
                                                  ../../ecrobot/../ecrobot/libecrobot.a(i2c.oram)
                                                  ../../ecrobot/../ecrobot/libecrobot.a(nxt_motors.oram)
                                                  ../../ecrobot/../ecrobot/libecrobot.a(nxt_spi.oram)
                                                  ../../ecrobot/../ecrobot/libecrobot.a(twi.oram)
                                                  ../../ecrobot/../ecrobot/libecrobot.a(udp.oram)
                                                  ../../ecrobot/../ecrobot/libecrobot.a(systick.oram)
                                                  ../../ecrobot/../ecrobot/libecrobot.a(uart.oram)
aic_mask_on                                       ../../ecrobot/../ecrobot/libecrobot.a(aic.oram)
                                                  ../../ecrobot/../ecrobot/libecrobot.a(sound.oram)
                                                  ../../ecrobot/../ecrobot/libecrobot.a(i2c.oram)
                                                  ../../ecrobot/../ecrobot/libecrobot.a(nxt_motors.oram)
                                                  ../../ecrobot/../ecrobot/libecrobot.a(nxt_spi.oram)
                                                  ../../ecrobot/../ecrobot/libecrobot.a(twi.oram)
                                                  ../../ecrobot/../ecrobot/libecrobot.a(udp.oram)
                                                  ../../ecrobot/../ecrobot/libecrobot.a(systick.oram)
                                                  ../../ecrobot/../ecrobot/libecrobot.a(uart.oram)
aic_set_vector                                    ../../ecrobot/../ecrobot/libecrobot.a(aic.oram)
                                                  ../../ecrobot/../ecrobot/libecrobot.a(sound.oram)
                                                  ../../ecrobot/../ecrobot/libecrobot.a(i2c.oram)
                                                  ../../ecrobot/../ecrobot/libecrobot.a(nxt_motors.oram)
                                                  ../../ecrobot/../ecrobot/libecrobot.a(nxt_spi.oram)
                                                  ../../ecrobot/../ecrobot/libecrobot.a(twi.oram)
                                                  ../../ecrobot/../ecrobot/libecrobot.a(udp.oram)
                                                  ../../ecrobot/../ecrobot/libecrobot.a(systick.oram)
                                                  ../../ecrobot/../ecrobot/libecrobot.a(uart.oram)
alarm_initialize                                  build/kernel/alarm.o
                                                  build/./kernel_cfg.o
almcb_almval                                      build/./kernel_cfg.o
                                                  build/kernel/alarm.o
almcb_cycle                                       build/./kernel_cfg.o
                                                  build/kernel/alarm.o
almcb_next                                        build/./kernel_cfg.o
                                                  build/kernel/alarm.o
almcb_prev                                        build/./kernel_cfg.o
                                                  build/kernel/alarm.o
alminib_almval                                    build/./kernel_cfg.o
                                                  build/kernel/alarm.o
alminib_autosta                                   build/./kernel_cfg.o
                                                  build/kernel/alarm.o
alminib_cback                                     build/./kernel_cfg.o
                                                  build/kernel/alarm.o
alminib_cntid                                     build/./kernel_cfg.o
                                                  build/kernel/alarm.o
alminib_cycle                                     build/./kernel_cfg.o
                                                  build/kernel/alarm.o
appmode                                           build/kernel/task.o
                                                  build/kernel/osctl.o
                                                  build/kernel/alarm.o
atexit                                            /home/adrian/CodeSourcery/Sourcery_CodeBench_Lite_for_ARM_EABI/bin/../lib/gcc/arm-none-eabi/4.6.3/../../../../arm-none-eabi/lib/thumb/libc.a(lib_a-atexit.o)
                                                  /home/adrian/CodeSourcery/Sourcery_CodeBench_Lite_for_ARM_EABI/bin/../lib/gcc/arm-none-eabi/4.6.3/../../../../arm-none-eabi/lib/thumb/libc.a(lib_a-__call_atexit.o)
avr_brainwash_string                              ../../ecrobot/../ecrobot/libecrobot.a(nxt_avr.oram)
battery_voltage                                   ../../ecrobot/../ecrobot/libecrobot.a(nxt_avr.oram)
                                                  ../../ecrobot/../ecrobot/libecrobot.a(ecrobot_interface.o)
bt_clear_arm7_cmd                                 ../../ecrobot/../ecrobot/libecrobot.a(bt.oram)
                                                  build/ecrobot_bluetooth.o
bt_get_mode                                       ../../ecrobot/../ecrobot/libecrobot.a(bt.oram)
bt_init                                           ../../ecrobot/../ecrobot/libecrobot.a(bt.oram)