Archive member included because of file (symbol)

../../ecrobot/../ecrobot/libecrobot.a(ecrobot_HiTechnic.o)
                              build/tetrix.o (ecrobot_init_tetrix)
../../ecrobot/../ecrobot/libecrobot.a(ecrobot_interface.o)
                              ../../ecrobot/../ecrobot/libecrobot.a(ecrobot_HiTechnic.o) (ecrobot_init_i2c)
../../ecrobot/../ecrobot/libecrobot.a(colorsensor.o)
                              ../../ecrobot/../ecrobot/libecrobot.a(ecrobot_interface.o) (colorsensor_init)
../../ecrobot/../ecrobot/libecrobot.a(osek_hook.o)
                              build/kernel/osctl.o (StartupHook)
../../ecrobot/../ecrobot/libecrobot.a(uart.oram)
                              build/config/at91sam7s-gnu/irq.oram (uart_isr_C_0)
../../ecrobot/../ecrobot/libecrobot.a(systick.oram)
                              build/syslib/at91sam7s-gnu/lego_nxt/hw_sys_timer.oram (systick_low_priority_C)
../../ecrobot/../ecrobot/libecrobot.a(byte_fifo.oram)
                              ../../ecrobot/../ecrobot/libecrobot.a(uart.oram) (byte_fifo_init)
../../ecrobot/../ecrobot/libecrobot.a(aic.oram)
                              ../../ecrobot/../ecrobot/libecrobot.a(uart.oram) (aic_set_vector)
../../ecrobot/../ecrobot/libecrobot.a(udp.oram)
                              build/config/at91sam7s-gnu/irq.oram (udp_isr_C)
../../ecrobot/../ecrobot/libecrobot.a(twi.oram)
                              build/config/at91sam7s-gnu/irq.oram (twi_isr_C)
../../ecrobot/../ecrobot/libecrobot.a(nxt_spi.oram)
                              build/config/at91sam7s-gnu/irq.oram (spi_isr_C)
../../ecrobot/../ecrobot/libecrobot.a(nxt_motors.oram)
                              ../../ecrobot/../ecrobot/libecrobot.a(ecrobot_interface.o) (nxt_motor_get_count)
../../ecrobot/../ecrobot/libecrobot.a(data_abort.oram)
                              build/ecrobot_init.o (data_abort_C)
../../ecrobot/../ecrobot/libecrobot.a(display.oram)
                              build/ecrobot_base.o (display_update)
../../ecrobot/../ecrobot/libecrobot.a(i2c.oram)
                              build/config/at91sam7s-gnu/irq.oram (i2c_timer_isr_C)
../../ecrobot/../ecrobot/libecrobot.a(sound.oram)
                              ../../ecrobot/../ecrobot/libecrobot.a(ecrobot_interface.o) (sound_freq_vol)
../../ecrobot/../ecrobot/libecrobot.a(bt.oram)
                              build/ecrobot_bluetooth.o (bt_send)
../../ecrobot/../ecrobot/libecrobot.a(nxt_avr.oram)
                              build/ecrobot_base.o (nxt_avr_power_down)
../../ecrobot/../ecrobot/libecrobot.a(sensors.oram)
                              ../../ecrobot/../ecrobot/libecrobot.a(ecrobot_interface.o) (set_digi0)
../../ecrobot/../ecrobot/libecrobot.a(sensors1.oram)
                              ../../ecrobot/../ecrobot/libecrobot.a(colorsensor.o) (sp_read)
../../ecrobot/../ecrobot/libecrobot.a(nxt_lcd.oram)
                              ../../ecrobot/../ecrobot/libecrobot.a(display.oram) (nxt_lcd_force_update)
../../ecrobot/../ecrobot/libecrobot.a(flash_loader.oram)
                              build/ecrobot_base.o (set_flash_request)
../../ecrobot/../ecrobot/libecrobot.a(interrupts.oram)
                              ../../ecrobot/../ecrobot/libecrobot.a(uart.oram) (interrupts_get_and_disable)
../../ecrobot/../ecrobot/libecrobot.a(nxtosek_splash.obmp)
                              build/ecrobot_base.o (nxtosek_splash_bmp_start)
../../ecrobot/../ecrobot/libecrobot.a(ecrobot_usb.o)
                              ../../ecrobot/../ecrobot/libecrobot.a(flash_loader.oram) (ecrobot_init_usb)
../../ecrobot/../ecrobot/libecrobot.a(flashprog.oram)
                              ../../ecrobot/../ecrobot/libecrobot.a(flash_loader.oram) (flash_write_page)
/home/adrian/CodeSourcery/Sourcery_CodeBench_Lite_for_ARM_EABI/bin/../lib/gcc/arm-none-eabi/4.6.3/thumb/libgcc.a(_thumb1_case_uqi.o)
                              ../../ecrobot/../ecrobot/libecrobot.a(uart.oram) (__gnu_thumb1_case_uqi)
/home/adrian/CodeSourcery/Sourcery_CodeBench_Lite_for_ARM_EABI/bin/../lib/gcc/arm-none-eabi/4.6.3/thumb/libgcc.a(_thumb1_case_uhi.o)
                              ../../ecrobot/../ecrobot/libecrobot.a(i2c.oram) (__gnu_thumb1_case_uhi)
/home/adrian/CodeSourcery/Sourcery_CodeBench_Lite_for_ARM_EABI/bin/../lib/gcc/arm-none-eabi/4.6.3/thumb/libgcc.a(_udivsi3.o)
                              build/ecrobot_base.o (__aeabi_uidiv)
/home/adrian/CodeSourcery/Sourcery_CodeBench_Lite_for_ARM_EABI/bin/../lib/gcc/arm-none-eabi/4.6.3/thumb/libgcc.a(_divsi3.o)
                              ../../ecrobot/../ecrobot/libecrobot.a(uart.oram) (__aeabi_idiv)
/home/adrian/CodeSourcery/Sourcery_CodeBench_Lite_for_ARM_EABI/bin/../lib/gcc/arm-none-eabi/4.6.3/thumb/libgcc.a(_dvmd_tls.o)
                              /home/adrian/CodeSourcery/Sourcery_CodeBench_Lite_for_ARM_EABI/bin/../lib/gcc/arm-none-eabi/4.6.3/thumb/libgcc.a(_udivsi3.o) (__aeabi_idiv0)
[...]
Memory Configuration

Name             Origin             Length             Attributes
rom              0x00108000         0x00038000
vector_ram       0x00200000         0x00000040
ram              0x00200040         0x0000ffc0
*default*        0x00000000         0xffffffff

Linker script and memory map

LOAD build/kernel/alarm.o
LOAD build/kernel/event.o
LOAD build/kernel/interrupt.o
LOAD build/kernel/osctl.o
LOAD build/kernel/resource.o
LOAD build/kernel/task.o
LOAD build/kernel/task_manage.o
LOAD build/config/at91sam7s-gnu/cpu_config.o
LOAD build/config/at91sam7s-gnu/lego_nxt/sys_config.o
LOAD build/./kernel_cfg.o
LOAD build/syscalls.o
LOAD build/ecrobot_bluetooth.o
LOAD build/ecrobot_base.o
LOAD build/ecrobot.o
LOAD build/tetrix.o
LOAD build/syslib/at91sam7s-gnu/lego_nxt/hw_sys_timer.oram
LOAD build/nxtvm/platform/nxt/vectors.o
LOAD build/config/at91sam7s-gnu/debug.o
LOAD build/config/at91sam7s-gnu/lego_nxt/sys_support.o
LOAD build/nxt_binary_header.o
LOAD build/nxt_entry_point.o
LOAD build/ecrobot_init.o
LOAD build/config/at91sam7s-gnu/cpu_support.oram
LOAD build/config/at91sam7s-gnu/irq.oram
LOAD ../../ecrobot/../c++/liblejososek.a
LOAD ../../ecrobot/../ecrobot/libecrobot.a
LOAD /home/adrian/CodeSourcery/Sourcery_CodeBench_Lite_for_ARM_EABI/bin/../lib/gcc/arm-none-eabi/4.6.3/../../../../arm-none-eabi/lib/thumb/libstdc++.a
LOAD /home/adrian/CodeSourcery/Sourcery_CodeBench_Lite_for_ARM_EABI/bin/../lib/gcc/arm-none-eabi/4.6.3/../../../../arm-none-eabi/lib/thumb/libm.a
START GROUP
LOAD /home/adrian/CodeSourcery/Sourcery_CodeBench_Lite_for_ARM_EABI/bin/../lib/gcc/arm-none-eabi/4.6.3/thumb/libgcc.a
LOAD /home/adrian/CodeSourcery/Sourcery_CodeBench_Lite_for_ARM_EABI/bin/../lib/gcc/arm-none-eabi/4.6.3/../../../../arm-none-eabi/lib/thumb/libc.a
END GROUP
                0x00108000                ROM_BASE = 0x108000
                0x00038000                ROM_SIZE = 0x38000
                0x00200000                RAM_BASE = 0x200000
                0x00010000                RAM_SIZE = 0x10000

.vectors        0x00200000       0x40 load address 0x00108000
 vectors.o(*.text *.text.*)
 .text          0x00200000       0x38 build/nxtvm/platform/nxt/vectors.o
                0x00200040                . = ALIGN (0x10)
 *fill*         0x00200038        0x8 00
                0x00200000                __vectors_ram_start__ = ADDR (.vectors)
                0x00200040                __vectors_ram_end__ = (ADDR (.vectors) + SIZEOF (.vectors))
                0x00108000                __vectors_load_start__ = LOADADDR (.vectors)
                0x00108040                __vectors_load_end__ = (LOADADDR (.vectors) + SIZEOF (.vectors))

.init           0x00108040      0x280
 *ecrobot_init.o(*.text *.text.*)
 .text          0x00108040      0x280 build/ecrobot_init.o
                0x00108040                start
                0x001081ac                undef_handler
                0x001081b0                swi_handler
                0x001081b4                prefetch_abort_handler
                0x001081b8                data_abort_handler
                0x001081d4                reserved_handler
                0x001082c0                . = ALIGN (0x10)

.ram_text       0x00200040     0x2f20 load address 0x001082c0
                0x00200040                . = ALIGN (0x10)
 *.oram(*.text *.text.* *.glue*)
 .text.systick_isr_C1
                0x00200040       0x28 build/syslib/at91sam7s-gnu/lego_nxt/hw_sys_timer.oram
                0x00200040                systick_isr_C1
 *fill*         0x00200068        0x8 00
 .text          0x00200070      0x230 build/config/at91sam7s-gnu/cpu_support.oram
                0x00200070                dispatch
                0x002000b0                activate_r
                0x002000e0                exit_and_dispatch
                0x002000f0                start_dispatch
                0x002001ac                _interrupt
                0x0020021c                int_return
                0x00200248                disable_int
                0x00200250                enable_int
                0x00200258                nop
 .text          0x002002a0      0x2c0 build/config/at91sam7s-gnu/irq.oram
                0x002002a0                default_isr
                0x002002a0                default_fiq
                0x002002a0                spurious_isr
                0x002002a4                systick_isr_entry
                0x002002ec                systick_low_priority_entry
                0x0020032c                udp_isr_entry
                0x0020036c                spi_isr_entry
                0x002003ac                twi_isr_entry
                0x002003ec                sound_isr_entry
                0x0020042c                uart_isr_entry_0
                0x0020046c                uart_isr_entry_1
                0x002004ac                nxt_motor_isr_entry
                0x002004ec                i2c_timer_isr_entry
 .text.uart_process_isr
                0x00200560       0x74 ../../ecrobot/../ecrobot/libecrobot.a(uart.oram)
 .text.uart_isr_C_0
                0x002005d4        0xe ../../ecrobot/../ecrobot/libecrobot.a(uart.oram)
                0x002005d4                uart_isr_C_0
 .text.uart_isr_C_1
                0x002005e2        0xe ../../ecrobot/../ecrobot/libecrobot.a(uart.oram)
                0x002005e2                uart_isr_C_1
 .text.systick_low_priority_C
                0x002005f0       0x1c ../../ecrobot/../ecrobot/libecrobot.a(systick.oram)
                0x002005f0                systick_low_priority_C
 .text.systick_isr_C
                0x0020060c       0x24 ../../ecrobot/../ecrobot/libecrobot.a(systick.oram)
                0x0020060c                systick_isr_C
 .text.systick_get_ms
                0x00200630        0xc ../../ecrobot/../ecrobot/libecrobot.a(systick.oram)
                0x00200630                systick_get_ms
 .text.systick_wait_ms
                0x0020063c       0x1c ../../ecrobot/../ecrobot/libecrobot.a(systick.oram)
                0x0020063c                systick_wait_ms
 .text.systick_wait_ns
                0x00200658       0x1c ../../ecrobot/../ecrobot/libecrobot.a(systick.oram)
                0x00200658                systick_wait_ns
 .text.systick_init
                0x00200674       0x58 ../../ecrobot/../ecrobot/libecrobot.a(systick.oram)
                0x00200674                systick_init
 .text.systick_suspend
                0x002006cc        0xe ../../ecrobot/../ecrobot/libecrobot.a(systick.oram)
                0x002006cc                systick_suspend
 .text.systick_resume
                0x002006da        0xe ../../ecrobot/../ecrobot/libecrobot.a(systick.oram)
                0x002006da                systick_resume
 .text.byte_fifo_put
                0x002006e8       0x4a ../../ecrobot/../ecrobot/libecrobot.a(byte_fifo.oram)
                0x002006e8                byte_fifo_put
 .text.byte_fifo_get
                0x00200732       0x2c ../../ecrobot/../ecrobot/libecrobot.a(byte_fifo.oram)
                0x00200732                byte_fifo_get
 *fill*         0x0020075e        0x2 00
 .text.aic_initialise
                0x00200760       0x5c ../../ecrobot/../ecrobot/libecrobot.a(aic.oram)
                0x00200760                aic_initialise
 .text.aic_set_vector
                0x002007bc       0x30 ../../ecrobot/../ecrobot/libecrobot.a(aic.oram)
                0x002007bc                aic_set_vector
 .text.aic_mask_on
                0x002007ec       0x24 ../../ecrobot/../ecrobot/libecrobot.a(aic.oram)
                0x002007ec                aic_mask_on
 .text.aic_mask_off
                0x00200810       0x24 ../../ecrobot/../ecrobot/libecrobot.a(aic.oram)
                0x00200810                aic_mask_off
 .text.aic_clear
                0x00200834       0x24 ../../ecrobot/../ecrobot/libecrobot.a(aic.oram)
                0x00200834                aic_clear
 .text.reset    0x00200858       0x4c ../../ecrobot/../ecrobot/libecrobot.a(udp.oram)
 .text.udp_send_null
                0x002008a4       0x2c ../../ecrobot/../ecrobot/libecrobot.a(udp.oram)
 .text.udp_send_stall
                0x002008d0       0x2c ../../ecrobot/../ecrobot/libecrobot.a(udp.oram)
 .text.udp_send_control
                0x002008fc       0x54 ../../ecrobot/../ecrobot/libecrobot.a(udp.oram)
 .text.udp_isr_C
                0x00200950      0x72c ../../ecrobot/../ecrobot/libecrobot.a(udp.oram)
                0x00200950                udp_isr_C
 .text.twi_status
                0x0020107c       0x1c ../../ecrobot/../ecrobot/libecrobot.a(twi.oram)
                0x0020107c                twi_status
 .text.twi_isr_C
                0x00201098       0xbc ../../ecrobot/../ecrobot/libecrobot.a(twi.oram)
                0x00201098                twi_isr_C
 .text.twi_reset
                0x00201154       0xc4 ../../ecrobot/../ecrobot/libecrobot.a(twi.oram)
                0x00201154                twi_reset
 .text.twi_init
                0x00201218       0x4c ../../ecrobot/../ecrobot/libecrobot.a(twi.oram)
                0x00201218                twi_init
 .text.twi_start_read
                0x00201264       0x5c ../../ecrobot/../ecrobot/libecrobot.a(twi.oram)
                0x00201264                twi_start_read
 .text.twi_start_write
                0x002012c0       0x5c ../../ecrobot/../ecrobot/libecrobot.a(twi.oram)
                0x002012c0                twi_start_write
 .text.spi_set_mode
                0x0020131c       0x3c ../../ecrobot/../ecrobot/libecrobot.a(nxt_spi.oram)
 .text.spi_isr_C
                0x00201358       0x6c ../../ecrobot/../ecrobot/libecrobot.a(nxt_spi.oram)
                0x00201358                spi_isr_C
 .text.nxt_spi_init
                0x002013c4      0x140 ../../ecrobot/../ecrobot/libecrobot.a(nxt_spi.oram)
                0x002013c4                nxt_spi_init
 .text.nxt_spi_write
                0x00201504       0x40 ../../ecrobot/../ecrobot/libecrobot.a(nxt_spi.oram)
                0x00201504                nxt_spi_write
 .text.nxt_spi_set_display
                0x00201544       0x14 ../../ecrobot/../ecrobot/libecrobot.a(nxt_spi.oram)
                0x00201544                nxt_spi_set_display
 .text.nxt_spi_refresh
                0x00201558       0x28 ../../ecrobot/../ecrobot/libecrobot.a(nxt_spi.oram)
                0x00201558                nxt_spi_refresh
 .text.nxt_motor_set_count
                0x00201580       0x14 ../../ecrobot/../ecrobot/libecrobot.a(nxt_motors.oram)
                0x00201580                nxt_motor_set_count
 .text.nxt_motor_1kHz_process
                0x00201594       0x2c ../../ecrobot/../ecrobot/libecrobot.a(nxt_motors.oram)
                0x00201594                nxt_motor_1kHz_process
 .text.nxt_motor_quad_decode
                0x002015c0       0x48 ../../ecrobot/../ecrobot/libecrobot.a(nxt_motors.oram)
                0x002015c0                nxt_motor_quad_decode
 .text.nxt_motor_isr_C
                0x00201608       0x84 ../../ecrobot/../ecrobot/libecrobot.a(nxt_motors.oram)
                0x00201608                nxt_motor_isr_C
 .text.nxt_motor_init
                0x0020168c       0x78 ../../ecrobot/../ecrobot/libecrobot.a(nxt_motors.oram)
                0x0020168c                nxt_motor_init
 .text.data_abort_C
                0x00201704       0x7c ../../ecrobot/../ecrobot/libecrobot.a(data_abort.oram)
                0x00201704                data_abort_C
 .text.display_update
                0x00201780       0x18 ../../ecrobot/../ecrobot/libecrobot.a(display.oram)
                0x00201780                display_update
 .text.display_force_update
                0x00201798        0xc ../../ecrobot/../ecrobot/libecrobot.a(display.oram)
                0x00201798                display_force_update
 .text.display_clear
                0x002017a4       0x24 ../../ecrobot/../ecrobot/libecrobot.a(display.oram)
                0x002017a4                display_clear
 .text.display_goto_xy
                0x002017c8       0x14 ../../ecrobot/../ecrobot/libecrobot.a(display.oram)
                0x002017c8                display_goto_xy
 .text.display_char
                0x002017dc       0x58 ../../ecrobot/../ecrobot/libecrobot.a(display.oram)
                0x002017dc                display_char
 .text.display_string
                0x00201834       0x40 ../../ecrobot/../ecrobot/libecrobot.a(display.oram)
                0x00201834                display_string
 .text.display_unsigned_worker
                0x00201874       0x72 ../../ecrobot/../ecrobot/libecrobot.a(display.oram)
 *fill*         0x002018e6        0x2 00
 .text.display_hex
                0x002018e8       0x4c ../../ecrobot/../ecrobot/libecrobot.a(display.oram)
                0x002018e8                display_hex
 .text.display_unsigned
                0x00201934        0xe ../../ecrobot/../ecrobot/libecrobot.a(display.oram)
                0x00201934                display_unsigned
 .text.display_int
                0x00201942       0x16 ../../ecrobot/../ecrobot/libecrobot.a(display.oram)
                0x00201942                display_int
 .text.display_bitmap_copy
                0x00201958       0x50 ../../ecrobot/../ecrobot/libecrobot.a(display.oram)
                0x00201958                display_bitmap_copy
 .text.display_init
                0x002019a8       0x48 ../../ecrobot/../ecrobot/libecrobot.a(display.oram)
                0x002019a8                display_init
 .text.i2c_timer_isr_C
                0x002019f0      0x2f0 ../../ecrobot/../ecrobot/libecrobot.a(i2c.oram)
                0x002019f0                i2c_timer_isr_C
 .text.i2c_disable
                0x00201ce0       0x24 ../../ecrobot/../ecrobot/libecrobot.a(i2c.oram)
                0x00201ce0                i2c_disable
 .text.i2c_enable
                0x00201d04       0x50 ../../ecrobot/../ecrobot/libecrobot.a(i2c.oram)
                0x00201d04                i2c_enable
 .text.i2c_init
                0x00201d54       0xb0 ../../ecrobot/../ecrobot/libecrobot.a(i2c.oram)
                0x00201d54                i2c_init
 .text.i2c_busy
                0x00201e04       0x28 ../../ecrobot/../ecrobot/libecrobot.a(i2c.oram)
                0x00201e04                i2c_busy
 .text.i2c_start_transaction
                0x00201e2c       0xe8 ../../ecrobot/../ecrobot/libecrobot.a(i2c.oram)
                0x00201e2c                i2c_start_transaction
 .text.sound_interrupt_enable
                0x00201f14       0x1c ../../ecrobot/../ecrobot/libecrobot.a(sound.oram)
                0x00201f14                sound_interrupt_enable
 .text.sound_interrupt_disable
                0x00201f30       0x14 ../../ecrobot/../ecrobot/libecrobot.a(sound.oram)
                0x00201f30                sound_interrupt_disable
 .text.sound_enable
                0x00201f44       0x10 ../../ecrobot/../ecrobot/libecrobot.a(sound.oram)
                0x00201f44                sound_enable
 .text.sound_disable
                0x00201f54       0x10 ../../ecrobot/../ecrobot/libecrobot.a(sound.oram)
                0x00201f54                sound_disable
 .text.sound_init
                0x00201f64       0xac ../../ecrobot/../ecrobot/libecrobot.a(sound.oram)
                0x00201f64                sound_init
 .text.sound_fill_sample_buffer
                0x00202010       0xc8 ../../ecrobot/../ecrobot/libecrobot.a(sound.oram)
                0x00202010                sound_fill_sample_buffer
 .text.sound_isr_C
                0x002020d8       0xf8 ../../ecrobot/../ecrobot/libecrobot.a(sound.oram)
                0x002020d8                sound_isr_C
 .text.bt_init  0x002021d0      0x1d4 ../../ecrobot/../ecrobot/libecrobot.a(bt.oram)
                0x002021d0                bt_init
 .text.nxt_avr_power_down
                0x002023a4       0x10 ../../ecrobot/../ecrobot/libecrobot.a(nxt_avr.oram)
                0x002023a4                nxt_avr_power_down
 .text.nxt_avr_link_init
                0x002023b4       0x20 ../../ecrobot/../ecrobot/libecrobot.a(nxt_avr.oram)
                0x002023b4                nxt_avr_link_init
 .text.nxt_avr_init
                0x002023d4       0x68 ../../ecrobot/../ecrobot/libecrobot.a(nxt_avr.oram)
                0x002023d4                nxt_avr_init
 .text.nxt_avr_1kHz_update
                0x0020243c      0x1b0 ../../ecrobot/../ecrobot/libecrobot.a(nxt_avr.oram)
                0x0020243c                nxt_avr_1kHz_update
 .text.buttons_get
                0x002025ec        0xc ../../ecrobot/../ecrobot/libecrobot.a(nxt_avr.oram)
                0x002025ec                buttons_get
 .text.battery_voltage
                0x002025f8       0x20 ../../ecrobot/../ecrobot/libecrobot.a(nxt_avr.oram)
                0x002025f8                battery_voltage
 .text.nxt_avr_set_input_power
                0x00202618       0x3c ../../ecrobot/../ecrobot/libecrobot.a(nxt_avr.oram)
                0x00202618                nxt_avr_set_input_power
 .text.unset_digi0
                0x00202654       0x48 ../../ecrobot/../ecrobot/libecrobot.a(sensors.oram)
                0x00202654                unset_digi0
 .text.unset_digi1
                0x0020269c       0x48 ../../ecrobot/../ecrobot/libecrobot.a(sensors.oram)
                0x0020269c                unset_digi1
 .text.init_sensors
                0x002026e4       0x58 ../../ecrobot/../ecrobot/libecrobot.a(sensors.oram)
                0x002026e4                init_sensors
 .text.nxt_lcd_command
                0x0020273c       0x16 ../../ecrobot/../ecrobot/libecrobot.a(nxt_lcd.oram)
                0x0020273c                nxt_lcd_command
 .text.nxt_lcd_set_col
                0x00202752       0x1e ../../ecrobot/../ecrobot/libecrobot.a(nxt_lcd.oram)
                0x00202752                nxt_lcd_set_col
 .text.nxt_lcd_set_multiplex_rate
                0x00202770       0x14 ../../ecrobot/../ecrobot/libecrobot.a(nxt_lcd.oram)
                0x00202770                nxt_lcd_set_multiplex_rate
 .text.nxt_lcd_set_page_address
                0x00202784       0x14 ../../ecrobot/../ecrobot/libecrobot.a(nxt_lcd.oram)
                0x00202784                nxt_lcd_set_page_address
 .text.nxt_lcd_set_pot
                0x00202798       0x18 ../../ecrobot/../ecrobot/libecrobot.a(nxt_lcd.oram)
                0x00202798                nxt_lcd_set_pot
 .text.nxt_lcd_set_ram_address_control
                0x002027b0       0x14 ../../ecrobot/../ecrobot/libecrobot.a(nxt_lcd.oram)
                0x002027b0                nxt_lcd_set_ram_address_control
 .text.nxt_lcd_enable
                0x002027c4       0x14 ../../ecrobot/../ecrobot/libecrobot.a(nxt_lcd.oram)
                0x002027c4                nxt_lcd_enable
 .text.nxt_lcd_set_map_control
                0x002027d8       0x16 ../../ecrobot/../ecrobot/libecrobot.a(nxt_lcd.oram)
                0x002027d8                nxt_lcd_set_map_control
 .text.nxt_lcd_reset
                0x002027ee        0xe ../../ecrobot/../ecrobot/libecrobot.a(nxt_lcd.oram)
                0x002027ee                nxt_lcd_reset
 .text.nxt_lcd_set_bias_ratio
                0x002027fc       0x14 ../../ecrobot/../ecrobot/libecrobot.a(nxt_lcd.oram)
                0x002027fc                nxt_lcd_set_bias_ratio
 .text.nxt_lcd_force_update
                0x00202810       0x30 ../../ecrobot/../ecrobot/libecrobot.a(nxt_lcd.oram)
                0x00202810                nxt_lcd_force_update
 .text.nxt_lcd_update
                0x00202840        0xc ../../ecrobot/../ecrobot/libecrobot.a(nxt_lcd.oram)
                0x00202840                nxt_lcd_update
 .text.nxt_lcd_power_up
                0x0020284c       0x48 ../../ecrobot/../ecrobot/libecrobot.a(nxt_lcd.oram)
                0x0020284c                nxt_lcd_power_up
 .text.nxt_lcd_power_down
                0x00202894        0xc ../../ecrobot/../ecrobot/libecrobot.a(nxt_lcd.oram)
                0x00202894                nxt_lcd_power_down
 .text.nxt_lcd_init
                0x002028a0       0x18 ../../ecrobot/../ecrobot/libecrobot.a(nxt_lcd.oram)
                0x002028a0                nxt_lcd_init
 .text.verify_flash_page
                0x002028b8       0x2e ../../ecrobot/../ecrobot/libecrobot.a(flash_loader.oram)
 *fill*         0x002028e6        0x2 00
 .text.set_flash_request
                0x002028e8       0x38 ../../ecrobot/../ecrobot/libecrobot.a(flash_loader.oram)
                0x002028e8                set_flash_request
 .text.nxt_device_init
                0x00202920       0x38 ../../ecrobot/../ecrobot/libecrobot.a(flash_loader.oram)
                0x00202920                nxt_device_init
 .text          0x00202958       0x68 ../../ecrobot/../ecrobot/libecrobot.a(interrupts.oram)
                0x00202958                interrupts_get_and_disable
                0x0020297c                interrupts_enable
                0x0020298c                fiq_get_and_disable
                0x002029b0                fiq_enable
 .text.get_ms   0x002029c0        0xc ../../ecrobot/../ecrobot/libecrobot.a(flashprog.oram)
 .text.flash_write_page
                0x002029cc       0xbc ../../ecrobot/../ecrobot/libecrobot.a(flashprog.oram)
                0x002029cc                flash_write_page
 .text.flash_write_page.stub
                0x00202a88       0x28 linker stubs
                0x00202ab0                . = ALIGN (0x10)
 *fill*         0x00202ab8        0x8 00
 *.oram(*.rodata *.rodata.*)
 .rodata.dd     0x00202ac0       0x12 ../../ecrobot/../ecrobot/libecrobot.a(udp.oram)
 .rodata.ld     0x00202ad2        0x4 ../../ecrobot/../ecrobot/libecrobot.a(udp.oram)
 .rodata.cfd    0x00202ad6       0x20 ../../ecrobot/../ecrobot/libecrobot.a(udp.oram)
 .rodata.str1.1
                0x00202af6       0x1d ../../ecrobot/../ecrobot/libecrobot.a(data_abort.oram)
 .rodata.str1.1
                0x00202b13       0x67 ../../ecrobot/../ecrobot/libecrobot.a(display.oram)
 .rodata.font   0x00202b7a      0x280 ../../ecrobot/../ecrobot/libecrobot.a(display.oram)
 *fill*         0x00202dfa        0x2 00
 .rodata.i2c_pin
                0x00202dfc       0x20 ../../ecrobot/../ecrobot/libecrobot.a(i2c.oram)
 .rodata        0x00202e1c        0x9 ../../ecrobot/../ecrobot/libecrobot.a(sound.oram)
 *fill*         0x00202e25        0x3 00
 .rodata.sample_pattern
                0x00202e28       0x84 ../../ecrobot/../ecrobot/libecrobot.a(sound.oram)
                0x00202e28                sample_pattern
 .rodata.silence
                0x00202eac       0x40 ../../ecrobot/../ecrobot/libecrobot.a(sound.oram)
                0x00202eac                silence
 .rodata.avr_brainwash_string
                0x00202eec       0x30 ../../ecrobot/../ecrobot/libecrobot.a(nxt_avr.oram)
                0x00202eec                avr_brainwash_string
 .rodata        0x00202f1c       0x20 ../../ecrobot/../ecrobot/libecrobot.a(sensors.oram)
 .rodata.str1.1
                0x00202f3c       0x21 ../../ecrobot/../ecrobot/libecrobot.a(flash_loader.oram)
                0x00202f60                . = ALIGN (0x10)
 *fill*         0x00202f5d        0x3 00
                0x00200040                __ramtext_ram_start__ = ADDR (.ram_text)
                0x00202f60                __ramtext_ram_end__ = (ADDR (.ram_text) + SIZEOF (.ram_text))
                0x001082c0                __ramtext_load_start__ = LOADADDR (.ram_text)
                0x0010b1e0                __ramtext_load_end__ = (__ramtext_load_start__ + SIZEOF (.ram_text))

.wav_data       0x0010b1e0        0x0
 *.owav(*.data *.data.*)
                0x0010b1e0                . = ALIGN (0x10)

.bmp_data       0x0010b1e0      0x440
 *.obmp(*.data *.data.*)
 .data          0x0010b1e0      0x43e ../../ecrobot/../ecrobot/libecrobot.a(nxtosek_splash.obmp)
                0x0010b1e0                nxtosek_splash_bmp_start
                0x0010b61e                nxtosek_splash_bmp_end
                0x0010b620                . = ALIGN (0x10)
 *fill*         0x0010b61e        0x2 00

.spr_data       0x0010b620        0x0
 *.ospr(*.data *.data.*)
                0x0010b620                . = ALIGN (0x10)

.data           0x00202f60      0x480 load address 0x0010b620
 *(*.data *.data.*)
 .data.deviceStatus
                0x00202f60        0x1 ../../ecrobot/../ecrobot/libecrobot.a(ecrobot_interface.o)
 .data.named    0x00202f61       0x22 ../../ecrobot/../ecrobot/libecrobot.a(udp.oram)
 .data.snd      0x00202f83       0x1a ../../ecrobot/../ecrobot/libecrobot.a(udp.oram)
 *fill*         0x00202f9d        0x3 00
 .data.configured
                0x00202fa0        0x4 ../../ecrobot/../ecrobot/libecrobot.a(udp.oram)
 .bss.data      0x00202fa4        0x4 ../../ecrobot/../ecrobot/libecrobot.a(nxt_spi.oram)
                0x00202fa4                data
 .data.mode     0x00202fa8        0x1 ../../ecrobot/../ecrobot/libecrobot.a(nxt_spi.oram)
                0x00202fa8                mode
 *fill*         0x00202fa9        0x3 00
 .data.display_auto_update
                0x00202fac        0x4 ../../ecrobot/../ecrobot/libecrobot.a(display.oram)
                0x00202fac                display_auto_update
 .data          0x00202fb0      0x430 /home/adrian/CodeSourcery/Sourcery_CodeBench_Lite_for_ARM_EABI/bin/../lib/gcc/arm-none-eabi/4.6.3/../../../../arm-none-eabi/lib/thumb/libc.a(lib_a-impure.o)
                0x00202fb0                _impure_ptr
                0x002033e0                . = ALIGN (0x10)
                0x00202f60                __data_ram_start__ = ADDR (.data)
                0x002033e0                __data_ram_end__ = (ADDR (.data) + SIZEOF (.data))
                0x0010b620                __data_load_start__ = LOADADDR (.data)
                0x0010baa0                __data_load_end__ = (__data_load_start__ + SIZEOF (.data))

.igot.plt       0x002033e0        0x0 load address 0x0010baa0
 .igot.plt      0x00000000        0x0 build/kernel/alarm.o

.text           0x0010baa0     0x15e0
                0x0010baa0                . = ALIGN (0x10)
 *(*.text *.text.* *.glue*)
 .glue_7        0x00000000        0x0 linker stubs
 .glue_7t       0x00000000        0x0 linker stubs
 .text.enqueue_alarm
                0x0010baa0       0x80 build/kernel/alarm.o
 .text.alarm_initialize
                0x0010bb20       0x94 build/kernel/alarm.o
                0x0010bb20                alarm_initialize
 .text.SignalCounter
                0x0010bbb4      0x120 build/kernel/alarm.o
                0x0010bbb4                SignalCounter
 .text.call_posttaskhook
                0x0010bcd4       0x24 build/kernel/osctl.o
                0x0010bcd4                call_posttaskhook
 .text.call_pretaskhook
                0x0010bcf8       0x24 build/kernel/osctl.o
                0x0010bcf8                call_pretaskhook
 .text.StartOS  0x0010bd1c       0x54 build/kernel/osctl.o
                0x0010bd1c                StartOS
 .text.ShutdownOS
                0x0010bd70       0x48 build/kernel/osctl.o
                0x0010bd70                ShutdownOS
 .text.call_errorhook
                0x0010bdb8       0x6c build/kernel/osctl.o
                0x0010bdb8                call_errorhook
 .text.make_runnable
                0x0010be24       0x98 build/kernel/task.o
                0x0010be24                make_runnable
 .text.make_active
                0x0010bebc       0x74 build/kernel/task.o
                0x0010bebc                make_active
 .text.task_initialize
                0x0010bf30       0x80 build/kernel/task.o
                0x0010bf30                task_initialize
 .text.search_schedtsk
                0x0010bfb0       0x80 build/kernel/task.o
                0x0010bfb0                search_schedtsk
 .text.ActivateTask
                0x0010c030       0x88 build/kernel/task_manage.o
                0x0010c030                ActivateTask
 .text.TerminateTask
                0x0010c0b8       0x70 build/kernel/task_manage.o
                0x0010c0b8                TerminateTask
 .text.cpu_initialize
                0x0010c128        0x2 build/config/at91sam7s-gnu/cpu_config.o
                0x0010c128                cpu_initialize
 .text.cpu_terminate
                0x0010c12a        0x2 build/config/at91sam7s-gnu/cpu_config.o
                0x0010c12a                cpu_terminate
 .text.sys_initialize
                0x0010c12c        0x2 build/config/at91sam7s-gnu/lego_nxt/sys_config.o
                0x0010c12c                sys_initialize
 .text.sys_exit
                0x0010c12e        0x2 build/config/at91sam7s-gnu/lego_nxt/sys_config.o
                0x0010c12e                sys_exit
 .text._activate_alarm_cyclic_alarm
                0x0010c130        0xe build/./kernel_cfg.o
 .text.object_initialize
                0x0010c13e       0x10 build/./kernel_cfg.o
                0x0010c13e                object_initialize
 *fill*         0x0010c14e        0x2 00
 .text.init_OS_flag
                0x0010c150        0xc build/ecrobot_base.o
                0x0010c150                init_OS_flag
 .text.set_OS_flag
                0x0010c15c        0xc build/ecrobot_base.o
                0x0010c15c                set_OS_flag
 .text.get_OS_flag
                0x0010c168        0xc build/ecrobot_base.o
                0x0010c168                get_OS_flag
 .text.cpp_constructor
                0x0010c174       0x28 build/ecrobot_base.o
                0x0010c174                cpp_constructor
 .text.cpp_destructor
                0x0010c19c        0xe build/ecrobot_base.o
                0x0010c19c                cpp_destructor
 *fill*         0x0010c1aa        0x2 00
 .text.execution_mode
                0x0010c1ac       0x14 build/ecrobot_base.o
                0x0010c1ac                execution_mode
 .text.show_splash_screen
                0x0010c1c0       0x8c build/ecrobot_base.o
                0x0010c1c0                show_splash_screen
 .text.show_main_screen
                0x0010c24c       0x48 build/ecrobot_base.o
                0x0010c24c                show_main_screen
 .text.display_status_bar
                0x0010c294       0x5c build/ecrobot_base.o
                0x0010c294                display_status_bar
 .text.add_status_info
                0x0010c2f0       0x64 build/ecrobot_base.o
                0x0010c2f0                add_status_info
 .text.restart_NXT
                0x0010c354       0x2e build/ecrobot_base.o
                0x0010c354                restart_NXT
 .text.shutdown_NXT
                0x0010c382       0x2e build/ecrobot_base.o
                0x0010c382                shutdown_NXT
 .text.check_NXT_buttons
                0x0010c3b0       0x3c build/ecrobot_base.o
                0x0010c3b0                check_NXT_buttons
 .text.startup.main
                0x0010c3ec      0x108 build/ecrobot.o
                0x0010c3ec                main
 .text.ecrobot_device_initialize
                0x0010c4f4        0xe build/tetrix.o
                0x0010c4f4                ecrobot_device_initialize
 .text.ecrobot_device_terminate
                0x0010c502        0xe build/tetrix.o
                0x0010c502                ecrobot_device_terminate
 .text.user_1ms_isr_type2
                0x0010c510       0x1c build/tetrix.o
                0x0010c510                user_1ms_isr_type2
 .text.TaskMainTask1
                0x0010c52c      0x11c build/tetrix.o
                0x0010c52c                TaskMainTask1
 .text.ecrobot_init_tetrix
                0x0010c648        0xe ../../ecrobot/../ecrobot/libecrobot.a(ecrobot_HiTechnic.o)
                0x0010c648                ecrobot_init_tetrix
 *fill*         0x0010c656        0x2 00
 .text.ecrobot_tetrix_motors
                0x0010c658       0x30 ../../ecrobot/../ecrobot/libecrobot.a(ecrobot_HiTechnic.o)
                0x0010c658                ecrobot_tetrix_motors
 .text.ecrobot_tetrix_servos
                0x0010c688       0x5c ../../ecrobot/../ecrobot/libecrobot.a(ecrobot_HiTechnic.o)
                0x0010c688                ecrobot_tetrix_servos
 .text.ecrobot_tetrix_battery
                0x0010c6e4       0x2c ../../ecrobot/../ecrobot/libecrobot.a(ecrobot_HiTechnic.o)
                0x0010c6e4                ecrobot_tetrix_battery
 .text.ecrobot_term_tetrix
                0x0010c710        0xc ../../ecrobot/../ecrobot/libecrobot.a(ecrobot_HiTechnic.o)
                0x0010c710                ecrobot_term_tetrix
 .text.ecrobot_init_i2c
                0x0010c71c       0x24 ../../ecrobot/../ecrobot/libecrobot.a(ecrobot_interface.o)
                0x0010c71c                ecrobot_init_i2c
 .text.ecrobot_wait_i2c_ready
                0x0010c740       0x30 ../../ecrobot/../ecrobot/libecrobot.a(ecrobot_interface.o)
                0x0010c740                ecrobot_wait_i2c_ready
 .text.ecrobot_send_i2c
                0x0010c770       0x32 ../../ecrobot/../ecrobot/libecrobot.a(ecrobot_interface.o)
                0x0010c770                ecrobot_send_i2c
 .text.ecrobot_read_i2c
                0x0010c7a2       0x34 ../../ecrobot/../ecrobot/libecrobot.a(ecrobot_interface.o)
                0x0010c7a2                ecrobot_read_i2c
 .text.ecrobot_term_i2c
                0x0010c7d6        0xc ../../ecrobot/../ecrobot/libecrobot.a(ecrobot_interface.o)
                0x0010c7d6                ecrobot_term_i2c
 *fill*         0x0010c7e2        0x2 00
 .text.ecrobot_get_battery_voltage
                0x0010c7e4        0xc ../../ecrobot/../ecrobot/libecrobot.a(ecrobot_interface.o)
                0x0010c7e4                ecrobot_get_battery_voltage
 .text.ecrobot_init_nxtstate
                0x0010c7f0       0x28 ../../ecrobot/../ecrobot/libecrobot.a(ecrobot_interface.o)
                0x0010c7f0                ecrobot_init_nxtstate
 .text.ecrobot_get_button_state
                0x0010c818        0xc ../../ecrobot/../ecrobot/libecrobot.a(ecrobot_interface.o)
                0x0010c818                ecrobot_get_button_state
 .text.ecrobot_poll_nxtstate
                0x0010c824       0x60 ../../ecrobot/../ecrobot/libecrobot.a(ecrobot_interface.o)
                0x0010c824                ecrobot_poll_nxtstate
 .text.ecrobot_setDeviceInitialized
                0x0010c884       0x18 ../../ecrobot/../ecrobot/libecrobot.a(ecrobot_interface.o)
                0x0010c884                ecrobot_setDeviceInitialized
 .text.ecrobot_initDeviceStatus
                0x0010c89c        0xc ../../ecrobot/../ecrobot/libecrobot.a(ecrobot_interface.o)
                0x0010c89c                ecrobot_initDeviceStatus
 .text.ecrobot_bmp2lcd
                0x0010c8a8      0x1a8 ../../ecrobot/../ecrobot/libecrobot.a(ecrobot_interface.o)
                0x0010c8a8                ecrobot_bmp2lcd
 .text.StartupHook
                0x0010ca50        0x2 ../../ecrobot/../ecrobot/libecrobot.a(osek_hook.o)
                0x0010ca50                StartupHook
 .text.PreTaskHook
                0x0010ca52        0x2 ../../ecrobot/../ecrobot/libecrobot.a(osek_hook.o)
                0x0010ca52                PreTaskHook
 .text.PostTaskHook
                0x0010ca54        0x2 ../../ecrobot/../ecrobot/libecrobot.a(osek_hook.o)
                0x0010ca54                PostTaskHook
 .text.ErrorHook
                0x0010ca56        0x2 ../../ecrobot/../ecrobot/libecrobot.a(osek_hook.o)
                0x0010ca56                ErrorHook
 .text.ShutdownHook
                0x0010ca58        0x2 ../../ecrobot/../ecrobot/libecrobot.a(osek_hook.o)
                0x0010ca58                ShutdownHook
 *fill*         0x0010ca5a        0x2 00
 .text          0x0010ca5c       0x14 /home/adrian/CodeSourcery/Sourcery_CodeBench_Lite_for_ARM_EABI/bin/../lib/gcc/arm-none-eabi/4.6.3/thumb/libgcc.a(_thumb1_case_uqi.o)
                0x0010ca5c                __gnu_thumb1_case_uqi
 .text          0x0010ca70       0x14 /home/adrian/CodeSourcery/Sourcery_CodeBench_Lite_for_ARM_EABI/bin/../lib/gcc/arm-none-eabi/4.6.3/thumb/libgcc.a(_thumb1_case_uhi.o)
                0x0010ca70                __gnu_thumb1_case_uhi
 .text          0x0010ca84      0x11c /home/adrian/CodeSourcery/Sourcery_CodeBench_Lite_for_ARM_EABI/bin/../lib/gcc/arm-none-eabi/4.6.3/thumb/libgcc.a(_udivsi3.o)
                0x0010ca84                __udivsi3
                0x0010ca84                __aeabi_uidiv
                0x0010cb80                __aeabi_uidivmod
 .text          0x0010cba0      0x150 /home/adrian/CodeSourcery/Sourcery_CodeBench_Lite_for_ARM_EABI/bin/../lib/gcc/arm-none-eabi/4.6.3/thumb/libgcc.a(_divsi3.o)
                0x0010cba0                __aeabi_idiv
                0x0010cba0                __divsi3
                0x0010ccd0                __aeabi_idivmod
 .text          0x0010ccf0        0x4 /home/adrian/CodeSourcery/Sourcery_CodeBench_Lite_for_ARM_EABI/bin/../lib/gcc/arm-none-eabi/4.6.3/thumb/libgcc.a(_dvmd_tls.o)
                0x0010ccf0                __aeabi_ldiv0
                0x0010ccf0                __aeabi_idiv0
 .text          0x0010ccf4       0x4c /home/adrian/CodeSourcery/Sourcery_CodeBench_Lite_for_ARM_EABI/bin/../lib/gcc/arm-none-eabi/4.6.3/thumb/libgcc.a(_muldi3.o)
                0x0010ccf4                __aeabi_lmul
                0x0010ccf4                __muldi3
 .text          0x0010cd40       0x10 /home/adrian/CodeSourcery/Sourcery_CodeBench_Lite_for_ARM_EABI/bin/../lib/gcc/arm-none-eabi/4.6.3/../../../../arm-none-eabi/lib/thumb/libc.a(lib_a-cxa_finalize.o)
                0x0010cd40                __cxa_finalize
 .text          0x0010cd50       0x90 /home/adrian/CodeSourcery/Sourcery_CodeBench_Lite_for_ARM_EABI/bin/../lib/gcc/arm-none-eabi/4.6.3/../../../../arm-none-eabi/lib/thumb/libc.a(lib_a-memset.o)
                0x0010cd50                memset
 .text          0x0010cde0       0x50 /home/adrian/CodeSourcery/Sourcery_CodeBench_Lite_for_ARM_EABI/bin/../lib/gcc/arm-none-eabi/4.6.3/../../../../arm-none-eabi/lib/thumb/libc.a(lib_a-rand.o)
                0x0010cde0                srand
                0x0010cdf0                rand
 .text          0x0010ce30       0x10 /home/adrian/CodeSourcery/Sourcery_CodeBench_Lite_for_ARM_EABI/bin/../lib/gcc/arm-none-eabi/4.6.3/../../../../arm-none-eabi/lib/thumb/libc.a(lib_a-strcpy.o)
                0x0010ce30                strcpy
 .text          0x0010ce40       0x10 /home/adrian/CodeSourcery/Sourcery_CodeBench_Lite_for_ARM_EABI/bin/../lib/gcc/arm-none-eabi/4.6.3/../../../../arm-none-eabi/lib/thumb/libc.a(lib_a-strlen.o)
                0x0010ce40                strlen
 .text          0x0010ce50      0x114 /home/adrian/CodeSourcery/Sourcery_CodeBench_Lite_for_ARM_EABI/bin/../lib/gcc/arm-none-eabi/4.6.3/../../../../arm-none-eabi/lib/thumb/libc.a(lib_a-__call_atexit.o)
                0x0010ce50                __call_exitprocs
 *fill*         0x0010cf64        0x4 00
 .text.stub     0x0010cf68       0x1c linker stubs
                0x0010cf90                . = ALIGN (0x10)
 *fill*         0x0010cf88        0x8 00
 *(*.rodata *.rodata.*)
 .rodata.search_table.3735
                0x0010cf90        0xf build/kernel/task.o
 *fill*         0x0010cf9f        0x1 00
 .rodata.alminib_almval
                0x0010cfa0        0x4 build/./kernel_cfg.o
                0x0010cfa0                alminib_almval
 .rodata.alminib_cntid
                0x0010cfa4        0x1 build/./kernel_cfg.o
                0x0010cfa4                alminib_cntid
 .rodata.tinib_maxact
                0x0010cfa5        0x1 build/./kernel_cfg.o
                0x0010cfa5                tinib_maxact
 *fill*         0x0010cfa6        0x2 00
 .rodata.cntinib_tickbase
                0x0010cfa8        0x4 build/./kernel_cfg.o
                0x0010cfa8                cntinib_tickbase
 .rodata.tnum_task
                0x0010cfac        0x1 build/./kernel_cfg.o
                0x0010cfac                tnum_task
 *fill*         0x0010cfad        0x3 00
 .rodata.cntinib_maxval
                0x0010cfb0        0x4 build/./kernel_cfg.o
                0x0010cfb0                cntinib_maxval
 .rodata.tinib_stksz
                0x0010cfb4        0x2 build/./kernel_cfg.o
                0x0010cfb4                tinib_stksz
 *fill*         0x0010cfb6        0x2 00
 .rodata.alminib_cycle
                0x0010cfb8        0x4 build/./kernel_cfg.o
                0x0010cfb8                alminib_cycle
 .rodata.tinib_inipri
                0x0010cfbc        0x1 build/./kernel_cfg.o
                0x0010cfbc                tinib_inipri
 *fill*         0x0010cfbd        0x3 00
 .rodata.cntinib_maxval2
                0x0010cfc0        0x4 build/./kernel_cfg.o
                0x0010cfc0                cntinib_maxval2
 .rodata.tinib_stk
                0x0010cfc4        0x4 build/./kernel_cfg.o
                0x0010cfc4                tinib_stk
 .rodata.tnum_exttask
                0x0010cfc8        0x1 build/./kernel_cfg.o
                0x0010cfc8                tnum_exttask
 .rodata.tnum_counter
                0x0010cfc9        0x1 build/./kernel_cfg.o
                0x0010cfc9                tnum_counter
 .rodata.tinib_exepri
                0x0010cfca        0x1 build/./kernel_cfg.o
                0x0010cfca                tinib_exepri
 .rodata.tinib_autoact
                0x0010cfcb        0x1 build/./kernel_cfg.o
                0x0010cfcb                tinib_autoact
 .rodata.SysTimerCnt
                0x0010cfcc        0x1 build/./kernel_cfg.o
                0x0010cfcc                SysTimerCnt
 .rodata.tnum_alarm
                0x0010cfcd        0x1 build/./kernel_cfg.o
                0x0010cfcd                tnum_alarm
 *fill*         0x0010cfce        0x2 00
 .rodata.alminib_cback
                0x0010cfd0        0x4 build/./kernel_cfg.o
                0x0010cfd0                alminib_cback
 .rodata.tinib_task
                0x0010cfd4        0x4 build/./kernel_cfg.o
                0x0010cfd4                tinib_task
 .rodata.alminib_autosta
                0x0010cfd8        0x1 build/./kernel_cfg.o
                0x0010cfd8                alminib_autosta
 .rodata.str1.1
                0x0010cfd9       0x6c build/ecrobot_base.o
 *fill*         0x0010d045        0x3 00
 .rodata.exec_addr
                0x0010d048        0x4 build/ecrobot_base.o
                0x0010d048                exec_addr
 .rodata.str1.1
                0x0010d04c       0x2a build/tetrix.o
 *fill*         0x0010d076        0x2 00
 .rodata        0x0010d078        0x4 /home/adrian/CodeSourcery/Sourcery_CodeBench_Lite_for_ARM_EABI/bin/../lib/gcc/arm-none-eabi/4.6.3/../../../../arm-none-eabi/lib/thumb/libc.a(lib_a-impure.o)
                0x0010d078                _global_impure_ptr
 .rodata.str1.4
                0x0010d07c        0x4 /home/adrian/CodeSourcery/Sourcery_CodeBench_Lite_for_ARM_EABI/bin/../lib/gcc/arm-none-eabi/4.6.3/../../../../arm-none-eabi/lib/thumb/libc.a(lib_a-impure.o)
                0x0010d080                . = ALIGN (0x10)
 *(*.gnu.linkonce.* .gcc_except_table)
                0x0010d080                . = ALIGN (0x10)

.vfp11_veneer   0x0010d080        0x0
 .vfp11_veneer  0x00000000        0x0 linker stubs

.v4_bx          0x0010d080        0x0
 .v4_bx         0x00000000        0x0 linker stubs

.iplt           0x0010d080        0x0
 .iplt          0x00000000        0x0 build/kernel/alarm.o

.rel.dyn        0x0010d080        0x0
 .rel.iplt      0x00000000        0x0 build/kernel/alarm.o

.tors           0x0010d080        0x0
                0x0010d080                . = ALIGN (0x10)
                0x0010d080                __ctor_begin = .
 *(*.ctors*)
                0x0010d080                __ctor_end = .
                0x0010d080                . = ALIGN (0x10)
                0x0010d080                __dtor_begin = .
 *(*.dtors*)
                0x0010d080                __dtor_end = .
                0x0010d080                . = ALIGN (0x10)
                0x0010d080                __rom_end__ = __dtor_end

.bss            0x002033e0     0x1020
 *(*.bss *.bss.*)
 .bss.ready_queue_first
                0x002033e0       0x10 build/kernel/task.o
 .bss.ready_primap
                0x002033f0        0x2 build/kernel/task.o
 .bss.ready_queue_last
                0x002033f2       0x10 build/kernel/task.o
 *fill*         0x00203402        0x2 00
 .bss._stack_Task1
                0x00203404      0x200 build/./kernel_cfg.o
 .bss.lcd.5466  0x00203604      0x320 build/ecrobot_base.o
 .bss.status_bar_position
                0x00203924        0x4 build/ecrobot_base.o
 .bss.last_act_time.5508
                0x00203928        0x4 build/ecrobot_base.o
 .bss.status_bar
                0x0020392c       0x10 build/ecrobot_base.o
 .bss.OS_flag   0x0020393c        0x4 build/ecrobot_base.o
 .bss.buf.5031  0x00203940        0x2 ../../ecrobot/../ecrobot/libecrobot.a(ecrobot_HiTechnic.o)
 .bss.buf.5013  0x00203942        0x4 ../../ecrobot/../ecrobot/libecrobot.a(ecrobot_HiTechnic.o)
 .bss.buf.5026  0x00203946        0x8 ../../ecrobot/../ecrobot/libecrobot.a(ecrobot_HiTechnic.o)
 *fill*         0x0020394e        0x2 00
 .bss.ecrobot_inputs
                0x00203950        0x8 ../../ecrobot/../ecrobot/libecrobot.a(ecrobot_interface.o)
 .bss.buttons_states
                0x00203958       0x14 ../../ecrobot/../ecrobot/libecrobot.a(ecrobot_interface.o)
 .bss.buttons_i
                0x0020396c        0x4 ../../ecrobot/../ecrobot/libecrobot.a(ecrobot_interface.o)
 .bss.systick_ms
                0x00203970        0x4 ../../ecrobot/../ecrobot/libecrobot.a(systick.oram)
 .bss.newAddress
                0x00203974        0x4 ../../ecrobot/../ecrobot/libecrobot.a(udp.oram)
 .bss.outCnt    0x00203978        0x4 ../../ecrobot/../ecrobot/libecrobot.a(udp.oram)
 .bss.currentConfig
                0x0020397c        0x1 ../../ecrobot/../ecrobot/libecrobot.a(udp.oram)
 *fill*         0x0020397d        0x3 00
 .bss.outPtr    0x00203980        0x4 ../../ecrobot/../ecrobot/libecrobot.a(udp.oram)
 .bss.currentFeatures
                0x00203984        0x4 ../../ecrobot/../ecrobot/libecrobot.a(udp.oram)
 .bss.delayedEnable
                0x00203988        0x1 ../../ecrobot/../ecrobot/libecrobot.a(udp.oram)
 *fill*         0x00203989        0x3 00
 .bss.currentRxBank
                0x0020398c        0x4 ../../ecrobot/../ecrobot/libecrobot.a(udp.oram)
 .bss.twi_state
                0x00203990        0x1 ../../ecrobot/../ecrobot/libecrobot.a(twi.oram)
 *fill*         0x00203991        0x3 00
 .bss.twi_ptr   0x00203994        0x4 ../../ecrobot/../ecrobot/libecrobot.a(twi.oram)
 .bss.twi_pending
                0x00203998        0x4 ../../ecrobot/../ecrobot/libecrobot.a(twi.oram)
 .bss.twi_mask  0x0020399c        0x4 ../../ecrobot/../ecrobot/libecrobot.a(twi.oram)
 .bss.dirty     0x002039a0        0x1 ../../ecrobot/../ecrobot/libecrobot.a(nxt_spi.oram)
                0x002039a0                dirty
 .bss.page      0x002039a1        0x1 ../../ecrobot/../ecrobot/libecrobot.a(nxt_spi.oram)
                0x002039a1                page
 *fill*         0x002039a2        0x2 00
 .bss.display   0x002039a4        0x4 ../../ecrobot/../ecrobot/libecrobot.a(nxt_spi.oram)
                0x002039a4                display
 .bss.motor     0x002039a8       0x30 ../../ecrobot/../ecrobot/libecrobot.a(nxt_motors.oram)
 .bss.nxt_motor_initialised
                0x002039d8        0x4 ../../ecrobot/../ecrobot/libecrobot.a(nxt_motors.oram)
 .bss.interrupts_this_period
                0x002039dc        0x4 ../../ecrobot/../ecrobot/libecrobot.a(nxt_motors.oram)
 .bss.display_array
                0x002039e0      0x388 ../../ecrobot/../ecrobot/libecrobot.a(display.oram)
 .bss.display_tick
                0x00203d68        0x4 ../../ecrobot/../ecrobot/libecrobot.a(display.oram)
                0x00203d68                display_tick
 .bss.i2c_port  0x00203d6c      0x170 ../../ecrobot/../ecrobot/libecrobot.a(i2c.oram)
 .bss.i2c_int_count
                0x00203edc        0x4 ../../ecrobot/../ecrobot/libecrobot.a(i2c.oram)
 .bss.sound_mode
                0x00203ee0        0x1 ../../ecrobot/../ecrobot/libecrobot.a(sound.oram)
                0x00203ee0                sound_mode
 .bss.in_buf    0x00203ee1      0x100 ../../ecrobot/../ecrobot/libecrobot.a(bt.oram)
 .bss.out_buf_ptr
                0x00203fe1        0x1 ../../ecrobot/../ecrobot/libecrobot.a(bt.oram)
 *fill*         0x00203fe2        0x2 00
 .bss.buf_ptr   0x00203fe4        0x4 ../../ecrobot/../ecrobot/libecrobot.a(bt.oram)
 .bss.in_buf_in_ptr
                0x00203fe8        0x1 ../../ecrobot/../ecrobot/libecrobot.a(bt.oram)
 *fill*         0x00203fe9        0x3 00
 .bss.in_buf_idx
                0x00203fec        0x4 ../../ecrobot/../ecrobot/libecrobot.a(bt.oram)
 .bss.update_count
                0x00203ff0        0x4 ../../ecrobot/../ecrobot/libecrobot.a(nxt_avr.oram)
 .bss.debounce_state
                0x00203ff4        0x2 ../../ecrobot/../ecrobot/libecrobot.a(nxt_avr.oram)
 .bss.button_state
                0x00203ff6        0x2 ../../ecrobot/../ecrobot/libecrobot.a(nxt_avr.oram)
 .bss.from_buf  0x00203ff8        0x4 ../../ecrobot/../ecrobot/libecrobot.a(nxt_avr.oram)
 .bss.io_from_avr
                0x00203ffc        0x4 ../../ecrobot/../ecrobot/libecrobot.a(nxt_avr.oram)
 .bss.data_from_avr
                0x00204000       0x1a ../../ecrobot/../ecrobot/libecrobot.a(nxt_avr.oram)
 .bss.debounce_cnt
                0x0020401a        0x2 ../../ecrobot/../ecrobot/libecrobot.a(nxt_avr.oram)
 .bss.nxt_avr_stats
                0x0020401c       0x14 ../../ecrobot/../ecrobot/libecrobot.a(nxt_avr.oram)
 .bss.link_state
                0x00204030        0x4 ../../ecrobot/../ecrobot/libecrobot.a(nxt_avr.oram)
 .bss.io_to_avr
                0x00204034        0x8 ../../ecrobot/../ecrobot/libecrobot.a(nxt_avr.oram)
 .bss.prev_buttons
                0x0020403c        0x2 ../../ecrobot/../ecrobot/libecrobot.a(nxt_avr.oram)
 .bss.data_to_avr
                0x0020403e        0x9 ../../ecrobot/../ecrobot/libecrobot.a(nxt_avr.oram)
 *fill*         0x00204047        0x1 00
 .bss.display   0x00204048        0x4 ../../ecrobot/../ecrobot/libecrobot.a(nxt_lcd.oram)
                0x00204050                . = ALIGN (0x10)
 *fill*         0x0020404c        0x4 00
                0x00204050                __bss_end__ = .
 COMMON         0x00204050        0x2 build/kernel/interrupt.o
                0x00204050                runisr
                0x00204051                sus_all_cnt
 *fill*         0x00204052        0x2 00
 COMMON         0x00204054       0x10 build/kernel/osctl.o
                0x00204054                callevel
                0x00204055                _errorhook_svcid
                0x00204056                appmode
                0x00204058                _errorhook_par1
                0x0020405c                _errorhook_par3
                0x00204060                _errorhook_par2
 COMMON         0x00204064        0x3 build/kernel/task.o
                0x00204064                runtsk
                0x00204065                schedtsk
                0x00204066                nextpri
 *fill*         0x00204067        0x1 00
 COMMON         0x00204068       0x2c build/./kernel_cfg.o
                0x00204068                tcb_waievt
                0x0020406c                rescb_prevpri
                0x0020406d                almcb_prev
                0x0020406e                tcb_lastres
                0x00204070                almcb_almval
                0x00204074                tcxb_pc
                0x00204078                tcb_next
                0x00204079                tcb_curpri
                0x0020407a                tcb_tstat
                0x0020407b                isrcb_lastres
                0x0020407c                cntcb_almque
                0x0020407d                rescb_prevres
                0x0020407e                tcb_actcnt
                0x00204080                tcb_curevt
                0x00204084                almcb_cycle
                0x00204088                tcxb_sp
                0x0020408c                almcb_next
                0x00204090                cntcb_curval
 COMMON         0x00204094       0x44 ../../ecrobot/../ecrobot/libecrobot.a(uart.oram)
                0x00204094                uart
 COMMON         0x002040d8        0x4 ../../ecrobot/../ecrobot/libecrobot.a(data_abort.oram)
                0x002040d8                data_abort_pc
 COMMON         0x002040dc        0x8 ../../ecrobot/../ecrobot/libecrobot.a(display.oram)
                0x002040dc                display_x
                0x002040e0                display_y
 COMMON         0x002040e4      0x31c ../../ecrobot/../ecrobot/libecrobot.a(sound.oram)
                0x002040e4                sample
                0x002033e0                __bss_start__ = ADDR (.bss)
                0x00204400                __bss_end__ = (ADDR (.bss) + SIZEOF (.bss))
                0x00204400                PROVIDE (end, .)

.heap_area      0x00204400     0xb778
                0x0020fb78                . = (. + (0x20fb78 - end))
 *fill*         0x00204400     0xb778 00

.stack          0x0020fb78      0x488
                0x0020fbf8                . = (. + 0x80)
 *fill*         0x0020fb78       0x80 00
                0x0020fc00                . = ALIGN (0x10)
 *fill*         0x0020fbf8        0x8 00
                0x0020fc00                __irq_stack__ = .
                0x0020fc00                __system_stack_bottom__ = .
                0x00210000                . = (. + 0x400)
 *fill*         0x0020fc00      0x400 00
                0x00210000                . = ALIGN (0x10)
                0x00210000                __system_stack__ = .
                0x00210000                __system_stack_top__ = .
                0x0020fb78                __stack_start__ = ADDR (.stack)
                0x00210000                __stack_end__ = (ADDR (.stack) + SIZEOF (.stack))
OUTPUT(tetrix_rom.elf elf32-littlearm)

.comment        0x00000000       0x30
 .comment       0x00000000       0x30 build/kernel/alarm.o
                                 0x31 (size before relaxing)
 .comment       0x00000000       0x31 build/kernel/interrupt.o
 .comment       0x00000000       0x31 build/kernel/osctl.o
 .comment       0x00000000       0x31 build/kernel/task.o
 .comment       0x00000000       0x31 build/kernel/task_manage.o
 .comment       0x00000000       0x31 build/config/at91sam7s-gnu/cpu_config.o
 .comment       0x00000000       0x31 build/config/at91sam7s-gnu/lego_nxt/sys_config.o
 .comment       0x00000000       0x31 build/./kernel_cfg.o
 .comment       0x00000000       0x31 build/ecrobot_base.o
 .comment       0x00000000       0x31 build/ecrobot.o
 .comment       0x00000000       0x31 build/tetrix.o
 .comment       0x00000000       0x31 build/syslib/at91sam7s-gnu/lego_nxt/hw_sys_timer.oram
 .comment       0x00000000       0x31 ../../ecrobot/../ecrobot/libecrobot.a(ecrobot_HiTechnic.o)
 .comment       0x00000000       0x31 ../../ecrobot/../ecrobot/libecrobot.a(ecrobot_interface.o)
 .comment       0x00000000       0x31 ../../ecrobot/../ecrobot/libecrobot.a(osek_hook.o)
 .comment       0x00000000       0x31 ../../ecrobot/../ecrobot/libecrobot.a(uart.oram)
 .comment       0x00000000       0x31 ../../ecrobot/../ecrobot/libecrobot.a(systick.oram)
 .comment       0x00000000       0x31 ../../ecrobot/../ecrobot/libecrobot.a(byte_fifo.oram)
 .comment       0x00000000       0x31 ../../ecrobot/../ecrobot/libecrobot.a(aic.oram)
 .comment       0x00000000       0x31 ../../ecrobot/../ecrobot/libecrobot.a(udp.oram)
 .comment       0x00000000       0x31 ../../ecrobot/../ecrobot/libecrobot.a(twi.oram)
 .comment       0x00000000       0x31 ../../ecrobot/../ecrobot/libecrobot.a(nxt_spi.oram)
 .comment       0x00000000       0x31 ../../ecrobot/../ecrobot/libecrobot.a(nxt_motors.oram)
 .comment       0x00000000       0x31 ../../ecrobot/../ecrobot/libecrobot.a(data_abort.oram)
 .comment       0x00000000       0x31 ../../ecrobot/../ecrobot/libecrobot.a(display.oram)
 .comment       0x00000000       0x31 ../../ecrobot/../ecrobot/libecrobot.a(i2c.oram)
 .comment       0x00000000       0x31 ../../ecrobot/../ecrobot/libecrobot.a(sound.oram)
 .comment       0x00000000       0x31 ../../ecrobot/../ecrobot/libecrobot.a(bt.oram)
 .comment       0x00000000       0x31 ../../ecrobot/../ecrobot/libecrobot.a(nxt_avr.oram)
 .comment       0x00000000       0x31 ../../ecrobot/../ecrobot/libecrobot.a(sensors.oram)
 .comment       0x00000000       0x31 ../../ecrobot/../ecrobot/libecrobot.a(nxt_lcd.oram)
 .comment       0x00000000       0x31 ../../ecrobot/../ecrobot/libecrobot.a(flash_loader.oram)
 .comment       0x00000000       0x31 ../../ecrobot/../ecrobot/libecrobot.a(flashprog.oram)

.ARM.attributes
                0x00000000       0x2e
 .ARM.attributes
                0x00000000       0x32 build/kernel/alarm.o
 .ARM.attributes
                0x00000032       0x32 build/kernel/interrupt.o
 .ARM.attributes
                0x00000064       0x32 build/kernel/osctl.o
 .ARM.attributes
                0x00000096       0x32 build/kernel/task.o
 .ARM.attributes
                0x000000c8       0x32 build/kernel/task_manage.o
 .ARM.attributes
                0x000000fa       0x32 build/config/at91sam7s-gnu/cpu_config.o
 .ARM.attributes
                0x0000012c       0x32 build/config/at91sam7s-gnu/lego_nxt/sys_config.o
 .ARM.attributes
                0x0000015e       0x32 build/./kernel_cfg.o
 .ARM.attributes
                0x00000190       0x32 build/ecrobot_base.o
 .ARM.attributes
                0x000001c2       0x32 build/ecrobot.o
 .ARM.attributes
                0x000001f4       0x32 build/tetrix.o
 .ARM.attributes
                0x00000226       0x32 build/syslib/at91sam7s-gnu/lego_nxt/hw_sys_timer.oram
 .ARM.attributes
                0x00000258       0x22 build/ecrobot_init.o
 .ARM.attributes
                0x0000027a       0x22 build/config/at91sam7s-gnu/cpu_support.oram
 .ARM.attributes
                0x0000029c       0x22 build/config/at91sam7s-gnu/irq.oram
 .ARM.attributes
                0x000002be       0x32 ../../ecrobot/../ecrobot/libecrobot.a(ecrobot_HiTechnic.o)
 .ARM.attributes
                0x000002f0       0x32 ../../ecrobot/../ecrobot/libecrobot.a(ecrobot_interface.o)
 .ARM.attributes
                0x00000322       0x32 ../../ecrobot/../ecrobot/libecrobot.a(osek_hook.o)
 .ARM.attributes
                0x00000354       0x32 ../../ecrobot/../ecrobot/libecrobot.a(uart.oram)
 .ARM.attributes
                0x00000386       0x32 ../../ecrobot/../ecrobot/libecrobot.a(systick.oram)
 .ARM.attributes
                0x000003b8       0x32 ../../ecrobot/../ecrobot/libecrobot.a(byte_fifo.oram)
 .ARM.attributes
                0x000003ea       0x32 ../../ecrobot/../ecrobot/libecrobot.a(aic.oram)
 .ARM.attributes
                0x0000041c       0x32 ../../ecrobot/../ecrobot/libecrobot.a(udp.oram)
 .ARM.attributes
                0x0000044e       0x32 ../../ecrobot/../ecrobot/libecrobot.a(twi.oram)
 .ARM.attributes
                0x00000480       0x32 ../../ecrobot/../ecrobot/libecrobot.a(nxt_spi.oram)
 .ARM.attributes
                0x000004b2       0x32 ../../ecrobot/../ecrobot/libecrobot.a(nxt_motors.oram)
 .ARM.attributes
                0x000004e4       0x32 ../../ecrobot/../ecrobot/libecrobot.a(data_abort.oram)
 .ARM.attributes
                0x00000516       0x32 ../../ecrobot/../ecrobot/libecrobot.a(display.oram)
 .ARM.attributes
                0x00000548       0x32 ../../ecrobot/../ecrobot/libecrobot.a(i2c.oram)
 .ARM.attributes
                0x0000057a       0x32 ../../ecrobot/../ecrobot/libecrobot.a(sound.oram)
 .ARM.attributes
                0x000005ac       0x32 ../../ecrobot/../ecrobot/libecrobot.a(bt.oram)
 .ARM.attributes
                0x000005de       0x32 ../../ecrobot/../ecrobot/libecrobot.a(nxt_avr.oram)
 .ARM.attributes
                0x00000610       0x32 ../../ecrobot/../ecrobot/libecrobot.a(sensors.oram)
 .ARM.attributes
                0x00000642       0x32 ../../ecrobot/../ecrobot/libecrobot.a(nxt_lcd.oram)
 .ARM.attributes
                0x00000674       0x32 ../../ecrobot/../ecrobot/libecrobot.a(flash_loader.oram)
 .ARM.attributes
                0x000006a6       0x22 ../../ecrobot/../ecrobot/libecrobot.a(interrupts.oram)
 .ARM.attributes
                0x000006c8       0x32 ../../ecrobot/../ecrobot/libecrobot.a(flashprog.oram)
 .ARM.attributes
                0x000006fa       0x18 /home/adrian/CodeSourcery/Sourcery_CodeBench_Lite_for_ARM_EABI/bin/../lib/gcc/arm-none-eabi/4.6.3/thumb/libgcc.a(_thumb1_case_uqi.o)
 .ARM.attributes
                0x00000712       0x18 /home/adrian/CodeSourcery/Sourcery_CodeBench_Lite_for_ARM_EABI/bin/../lib/gcc/arm-none-eabi/4.6.3/thumb/libgcc.a(_thumb1_case_uhi.o)
 .ARM.attributes
                0x0000072a       0x1a /home/adrian/CodeSourcery/Sourcery_CodeBench_Lite_for_ARM_EABI/bin/../lib/gcc/arm-none-eabi/4.6.3/thumb/libgcc.a(_udivsi3.o)
 .ARM.attributes
                0x00000744       0x1a /home/adrian/CodeSourcery/Sourcery_CodeBench_Lite_for_ARM_EABI/bin/../lib/gcc/arm-none-eabi/4.6.3/thumb/libgcc.a(_divsi3.o)
 .ARM.attributes
                0x0000075e       0x18 /home/adrian/CodeSourcery/Sourcery_CodeBench_Lite_for_ARM_EABI/bin/../lib/gcc/arm-none-eabi/4.6.3/thumb/libgcc.a(_dvmd_tls.o)
 .ARM.attributes
                0x00000776       0x32 /home/adrian/CodeSourcery/Sourcery_CodeBench_Lite_for_ARM_EABI/bin/../lib/gcc/arm-none-eabi/4.6.3/thumb/libgcc.a(_muldi3.o)
 .ARM.attributes
                0x000007a8       0x32 /home/adrian/CodeSourcery/Sourcery_CodeBench_Lite_for_ARM_EABI/bin/../lib/gcc/arm-none-eabi/4.6.3/../../../../arm-none-eabi/lib/thumb/libc.a(lib_a-cxa_finalize.o)
 .ARM.attributes
                0x000007da       0x32 /home/adrian/CodeSourcery/Sourcery_CodeBench_Lite_for_ARM_EABI/bin/../lib/gcc/arm-none-eabi/4.6.3/../../../../arm-none-eabi/lib/thumb/libc.a(lib_a-memset.o)
 .ARM.attributes
                0x0000080c       0x32 /home/adrian/CodeSourcery/Sourcery_CodeBench_Lite_for_ARM_EABI/bin/../lib/gcc/arm-none-eabi/4.6.3/../../../../arm-none-eabi/lib/thumb/libc.a(lib_a-rand.o)
 .ARM.attributes
                0x0000083e       0x32 /home/adrian/CodeSourcery/Sourcery_CodeBench_Lite_for_ARM_EABI/bin/../lib/gcc/arm-none-eabi/4.6.3/../../../../arm-none-eabi/lib/thumb/libc.a(lib_a-strcpy.o)
 .ARM.attributes
                0x00000870       0x32 /home/adrian/CodeSourcery/Sourcery_CodeBench_Lite_for_ARM_EABI/bin/../lib/gcc/arm-none-eabi/4.6.3/../../../../arm-none-eabi/lib/thumb/libc.a(lib_a-strlen.o)
 .ARM.attributes
                0x000008a2       0x32 /home/adrian/CodeSourcery/Sourcery_CodeBench_Lite_for_ARM_EABI/bin/../lib/gcc/arm-none-eabi/4.6.3/../../../../arm-none-eabi/lib/thumb/libc.a(lib_a-__call_atexit.o)
 .ARM.attributes
                0x000008d4       0x32 /home/adrian/CodeSourcery/Sourcery_CodeBench_Lite_for_ARM_EABI/bin/../lib/gcc/arm-none-eabi/4.6.3/../../../../arm-none-eabi/lib/thumb/libc.a(lib_a-impure.o)
 .ARM.attributes
                0x00000906       0x22 build/nxtvm/platform/nxt/vectors.o

.debug_frame    0x00000000      0x190
 .debug_frame   0x00000000       0x20 /home/adrian/CodeSourcery/Sourcery_CodeBench_Lite_for_ARM_EABI/bin/../lib/gcc/arm-none-eabi/4.6.3/thumb/libgcc.a(_udivsi3.o)
 .debug_frame   0x00000020       0x20 /home/adrian/CodeSourcery/Sourcery_CodeBench_Lite_for_ARM_EABI/bin/../lib/gcc/arm-none-eabi/4.6.3/thumb/libgcc.a(_divsi3.o)
 .debug_frame   0x00000040       0x30 /home/adrian/CodeSourcery/Sourcery_CodeBench_Lite_for_ARM_EABI/bin/../lib/gcc/arm-none-eabi/4.6.3/thumb/libgcc.a(_muldi3.o)
 .debug_frame   0x00000070       0x28 /home/adrian/CodeSourcery/Sourcery_CodeBench_Lite_for_ARM_EABI/bin/../lib/gcc/arm-none-eabi/4.6.3/../../../../arm-none-eabi/lib/thumb/libc.a(lib_a-cxa_finalize.o)
 .debug_frame   0x00000098       0x2c /home/adrian/CodeSourcery/Sourcery_CodeBench_Lite_for_ARM_EABI/bin/../lib/gcc/arm-none-eabi/4.6.3/../../../../arm-none-eabi/lib/thumb/libc.a(lib_a-memset.o)
 .debug_frame   0x000000c4       0x38 /home/adrian/CodeSourcery/Sourcery_CodeBench_Lite_for_ARM_EABI/bin/../lib/gcc/arm-none-eabi/4.6.3/../../../../arm-none-eabi/lib/thumb/libc.a(lib_a-rand.o)
 .debug_frame   0x000000fc       0x20 /home/adrian/CodeSourcery/Sourcery_CodeBench_Lite_for_ARM_EABI/bin/../lib/gcc/arm-none-eabi/4.6.3/../../../../arm-none-eabi/lib/thumb/libc.a(lib_a-strcpy.o)
 .debug_frame   0x0000011c       0x20 /home/adrian/CodeSourcery/Sourcery_CodeBench_Lite_for_ARM_EABI/bin/../lib/gcc/arm-none-eabi/4.6.3/../../../../arm-none-eabi/lib/thumb/libc.a(lib_a-strlen.o)
 .debug_frame   0x0000013c       0x54 /home/adrian/CodeSourcery/Sourcery_CodeBench_Lite_for_ARM_EABI/bin/../lib/gcc/arm-none-eabi/4.6.3/../../../../arm-none-eabi/lib/thumb/libc.a(lib_a-__call_atexit.o)

Cross Reference Table

Symbol                                            File
ActivateTask                                      build/kernel/task_manage.o
                                                  build/./kernel_cfg.o
CancelAlarm                                       build/kernel/alarm.o
ChainTask                                         build/kernel/task_manage.o
ClearEvent                                        build/kernel/event.o
DisableAllInterrupts                              build/kernel/interrupt.o
EnableAllInterrupts                               build/kernel/interrupt.o
ErrorHook                                         ../../ecrobot/../ecrobot/libecrobot.a(osek_hook.o)
                                                  build/kernel/osctl.o
GetActiveApplicationMode                          build/kernel/osctl.o
GetAlarm                                          build/kernel/alarm.o
GetAlarmBase                                      build/kernel/alarm.o
GetEvent                                          build/kernel/event.o
GetResource                                       build/kernel/resource.o
GetTaskID                                         build/kernel/task_manage.o
GetTaskState                                      build/kernel/task_manage.o
NXT_COLORSENSOR_PROTOCOLS                         ../../ecrobot/../ecrobot/libecrobot.a(ecrobot_interface.o)
NXT_Entry_Point                                   build/nxt_entry_point.o
                                                  build/nxt_binary_header.o
PostTaskHook                                      ../../ecrobot/../ecrobot/libecrobot.a(osek_hook.o)
                                                  build/config/at91sam7s-gnu/cpu_support.oram
                                                  build/kernel/osctl.o
PreTaskHook                                       ../../ecrobot/../ecrobot/libecrobot.a(osek_hook.o)
                                                  build/config/at91sam7s-gnu/cpu_support.oram
                                                  build/kernel/osctl.o
ReleaseResource                                   build/kernel/resource.o
ResumeAllInterrupts                               build/kernel/interrupt.o
ResumeOSInterrupts                                build/kernel/interrupt.o
Schedule                                          build/kernel/task_manage.o
SetAbsAlarm                                       build/kernel/alarm.o
SetEvent                                          build/kernel/event.o
SetRelAlarm                                       build/kernel/alarm.o
ShutdownHook                                      ../../ecrobot/../ecrobot/libecrobot.a(osek_hook.o)
                                                  build/kernel/osctl.o
ShutdownOS                                        build/kernel/osctl.o
                                                  build/tetrix.o
SignalCounter                                     build/kernel/alarm.o
                                                  build/tetrix.o
StartOS                                           build/kernel/osctl.o
                                                  build/ecrobot.o
StartupHook                                       ../../ecrobot/../ecrobot/libecrobot.a(osek_hook.o)
                                                  build/kernel/osctl.o
SuspendAllInterrupts                              build/kernel/interrupt.o
SuspendOSInterrupts                               build/kernel/interrupt.o
SysTimerCnt                                       build/./kernel_cfg.o
                                                  build/tetrix.o
Task1                                             build/./kernel_cfg.o
TaskMainTask1                                     build/tetrix.o
                                                  build/./kernel_cfg.o
TerminateTask                                     build/kernel/task_manage.o
                                                  build/tetrix.o
WaitEvent                                         build/kernel/event.o
__adddf3                                          /home/adrian/CodeSourcery/Sourcery_CodeBench_Lite_for_ARM_EABI/bin/../lib/gcc/arm-none-eabi/4.6.3/thumb/libgcc.a(_arm_addsubdf3.o)
__aeabi_cdcmpeq                                   /home/adrian/CodeSourcery/Sourcery_CodeBench_Lite_for_ARM_EABI/bin/../lib/gcc/arm-none-eabi/4.6.3/thumb/libgcc.a(_arm_cmpdf2.o)
__aeabi_cdcmple                                   /home/adrian/CodeSourcery/Sourcery_CodeBench_Lite_for_ARM_EABI/bin/../lib/gcc/arm-none-eabi/4.6.3/thumb/libgcc.a(_arm_cmpdf2.o)
__aeabi_cdrcmple                                  /home/adrian/CodeSourcery/Sourcery_CodeBench_Lite_for_ARM_EABI/bin/../lib/gcc/arm-none-eabi/4.6.3/thumb/libgcc.a(_arm_cmpdf2.o)
__aeabi_dadd                                      /home/adrian/CodeSourcery/Sourcery_CodeBench_Lite_for_ARM_EABI/bin/../lib/gcc/arm-none-eabi/4.6.3/thumb/libgcc.a(_arm_addsubdf3.o)
__aeabi_dcmpeq                                    /home/adrian/CodeSourcery/Sourcery_CodeBench_Lite_for_ARM_EABI/bin/../lib/gcc/arm-none-eabi/4.6.3/thumb/libgcc.a(_arm_cmpdf2.o)
__aeabi_dcmpge                                    /home/adrian/CodeSourcery/Sourcery_CodeBench_Lite_for_ARM_EABI/bin/../lib/gcc/arm-none-eabi/4.6.3/thumb/libgcc.a(_arm_cmpdf2.o)
__aeabi_dcmpgt                                    /home/adrian/CodeSourcery/Sourcery_CodeBench_Lite_for_ARM_EABI/bin/../lib/gcc/arm-none-eabi/4.6.3/thumb/libgcc.a(_arm_cmpdf2.o)
                                                  ../../ecrobot/../ecrobot/libecrobot.a(colorsensor.o)
__aeabi_dcmple                                    /home/adrian/CodeSourcery/Sourcery_CodeBench_Lite_for_ARM_EABI/bin/../lib/gcc/arm-none-eabi/4.6.3/thumb/libgcc.a(_arm_cmpdf2.o)
__aeabi_dcmplt                                    /home/adrian/CodeSourcery/Sourcery_CodeBench_Lite_for_ARM_EABI/bin/../lib/gcc/arm-none-eabi/4.6.3/thumb/libgcc.a(_arm_cmpdf2.o)
__aeabi_ddiv                                      /home/adrian/CodeSourcery/Sourcery_CodeBench_Lite_for_ARM_EABI/bin/../lib/gcc/arm-none-eabi/4.6.3/thumb/libgcc.a(_arm_muldivdf3.o)
__aeabi_dmul                                      /home/adrian/CodeSourcery/Sourcery_CodeBench_Lite_for_ARM_EABI/bin/../lib/gcc/arm-none-eabi/4.6.3/thumb/libgcc.a(_arm_muldivdf3.o)
                                                  ../../ecrobot/../ecrobot/libecrobot.a(colorsensor.o)
__aeabi_drsub                                     /home/adrian/CodeSourcery/Sourcery_CodeBench_Lite_for_ARM_EABI/bin/../lib/gcc/arm-none-eabi/4.6.3/thumb/libgcc.a(_arm_addsubdf3.o)
__aeabi_dsub                                      /home/adrian/CodeSourcery/Sourcery_CodeBench_Lite_for_ARM_EABI/bin/../lib/gcc/arm-none-eabi/4.6.3/thumb/libgcc.a(_arm_addsubdf3.o)
__aeabi_f2d                                       /home/adrian/CodeSourcery/Sourcery_CodeBench_Lite_for_ARM_EABI/bin/../lib/gcc/arm-none-eabi/4.6.3/thumb/libgcc.a(_arm_addsubdf3.o)
__aeabi_i2d                                       /home/adrian/CodeSourcery/Sourcery_CodeBench_Lite_for_ARM_EABI/bin/../lib/gcc/arm-none-eabi/4.6.3/thumb/libgcc.a(_arm_addsubdf3.o)
                                                  ../../ecrobot/../ecrobot/libecrobot.a(colorsensor.o)
__aeabi_idiv                                      /home/adrian/CodeSourcery/Sourcery_CodeBench_Lite_for_ARM_EABI/bin/../lib/gcc/arm-none-eabi/4.6.3/thumb/libgcc.a(_divsi3.o)
                                                  ../../ecrobot/../ecrobot/libecrobot.a(sound.oram)
                                                  ../../ecrobot/../ecrobot/libecrobot.a(uart.oram)
__aeabi_idiv0                                     /home/adrian/CodeSourcery/Sourcery_CodeBench_Lite_for_ARM_EABI/bin/../lib/gcc/arm-none-eabi/4.6.3/thumb/libgcc.a(_dvmd_tls.o)
                                                  /home/adrian/CodeSourcery/Sourcery_CodeBench_Lite_for_ARM_EABI/bin/../lib/gcc/arm-none-eabi/4.6.3/thumb/libgcc.a(_divsi3.o)
                                                  /home/adrian/CodeSourcery/Sourcery_CodeBench_Lite_for_ARM_EABI/bin/../lib/gcc/arm-none-eabi/4.6.3/thumb/libgcc.a(_udivsi3.o)
__aeabi_idivmod                                   /home/adrian/CodeSourcery/Sourcery_CodeBench_Lite_for_ARM_EABI/bin/../lib/gcc/arm-none-eabi/4.6.3/thumb/libgcc.a(_divsi3.o)
                                                  ../../ecrobot/../ecrobot/libecrobot.a(sound.oram)
                                                  build/tetrix.o
__aeabi_l2d                                       /home/adrian/CodeSourcery/Sourcery_CodeBench_Lite_for_ARM_EABI/bin/../lib/gcc/arm-none-eabi/4.6.3/thumb/libgcc.a(_arm_addsubdf3.o)
__aeabi_ldiv0                                     /home/adrian/CodeSourcery/Sourcery_CodeBench_Lite_for_ARM_EABI/bin/../lib/gcc/arm-none-eabi/4.6.3/thumb/libgcc.a(_dvmd_tls.o)
                                                  /home/adrian/CodeSourcery/Sourcery_CodeBench_Lite_for_ARM_EABI/bin/../lib/gcc/arm-none-eabi/4.6.3/thumb/libgcc.a(_aeabi_ldivmod.o)
__aeabi_ldivmod                                   /home/adrian/CodeSourcery/Sourcery_CodeBench_Lite_for_ARM_EABI/bin/../lib/gcc/arm-none-eabi/4.6.3/thumb/libgcc.a(_aeabi_ldivmod.o)
                                                  ../../ecrobot/../ecrobot/libecrobot.a(sound.oram)
__aeabi_lmul                                      /home/adrian/CodeSourcery/Sourcery_CodeBench_Lite_for_ARM_EABI/bin/../lib/gcc/arm-none-eabi/4.6.3/thumb/libgcc.a(_muldi3.o)
                                                  /home/adrian/CodeSourcery/Sourcery_CodeBench_Lite_for_ARM_EABI/bin/../lib/gcc/arm-none-eabi/4.6.3/../../../../arm-none-eabi/lib/thumb/libc.a(lib_a-rand.o)
                                                  /home/adrian/CodeSourcery/Sourcery_CodeBench_Lite_for_ARM_EABI/bin/../lib/gcc/arm-none-eabi/4.6.3/thumb/libgcc.a(bpabi.o)
                                                  ../../ecrobot/../ecrobot/libecrobot.a(sound.oram)
__aeabi_ui2d                                      /home/adrian/CodeSourcery/Sourcery_CodeBench_Lite_for_ARM_EABI/bin/../lib/gcc/arm-none-eabi/4.6.3/thumb/libgcc.a(_arm_addsubdf3.o)
__aeabi_uidiv                                     /home/adrian/CodeSourcery/Sourcery_CodeBench_Lite_for_ARM_EABI/bin/../lib/gcc/arm-none-eabi/4.6.3/thumb/libgcc.a(_udivsi3.o)
                                                  /home/adrian/CodeSourcery/Sourcery_CodeBench_Lite_for_ARM_EABI/bin/../lib/gcc/arm-none-eabi/4.6.3/thumb/libgcc.a(_udivdi3.o)
                                                  /home/adrian/CodeSourcery/Sourcery_CodeBench_Lite_for_ARM_EABI/bin/../lib/gcc/arm-none-eabi/4.6.3/thumb/libgcc.a(_divdi3.o)
                                                  ../../ecrobot/../ecrobot/libecrobot.a(sound.oram)
                                                  ../../ecrobot/../ecrobot/libecrobot.a(display.oram)
                                                  ../../ecrobot/../ecrobot/libecrobot.a(ecrobot_interface.o)
                                                  build/ecrobot_base.o
__aeabi_uidivmod                                  /home/adrian/CodeSourcery/Sourcery_CodeBench_Lite_for_ARM_EABI/bin/../lib/gcc/arm-none-eabi/4.6.3/thumb/libgcc.a(_udivsi3.o)
                                                  /home/adrian/CodeSourcery/Sourcery_CodeBench_Lite_for_ARM_EABI/bin/../lib/gcc/arm-none-eabi/4.6.3/thumb/libgcc.a(_udivdi3.o)
                                                  /home/adrian/CodeSourcery/Sourcery_CodeBench_Lite_for_ARM_EABI/bin/../lib/gcc/arm-none-eabi/4.6.3/thumb/libgcc.a(_divdi3.o)
                                                  ../../ecrobot/../ecrobot/libecrobot.a(display.oram)
__aeabi_ul2d                                      /home/adrian/CodeSourcery/Sourcery_CodeBench_Lite_for_ARM_EABI/bin/../lib/gcc/arm-none-eabi/4.6.3/thumb/libgcc.a(_arm_addsubdf3.o)
__bss_end__                                       build/ecrobot_init.o
__bss_start__                                     build/ecrobot_init.o
__call_exitprocs                                  /home/adrian/CodeSourcery/Sourcery_CodeBench_Lite_for_ARM_EABI/bin/../lib/gcc/arm-none-eabi/4.6.3/../../../../arm-none-eabi/lib/thumb/libc.a(lib_a-__call_atexit.o)
                                                  /home/adrian/CodeSourcery/Sourcery_CodeBench_Lite_for_ARM_EABI/bin/../lib/gcc/arm-none-eabi/4.6.3/../../../../arm-none-eabi/lib/thumb/libc.a(lib_a-cxa_finalize.o)
__clzsi2                                          /home/adrian/CodeSourcery/Sourcery_CodeBench_Lite_for_ARM_EABI/bin/../lib/gcc/arm-none-eabi/4.6.3/thumb/libgcc.a(_clzsi2.o)
                                                  /home/adrian/CodeSourcery/Sourcery_CodeBench_Lite_for_ARM_EABI/bin/../lib/gcc/arm-none-eabi/4.6.3/thumb/libgcc.a(_udivdi3.o)
                                                  /home/adrian/CodeSourcery/Sourcery_CodeBench_Lite_for_ARM_EABI/bin/../lib/gcc/arm-none-eabi/4.6.3/thumb/libgcc.a(_divdi3.o)
__cmpdf2                                          /home/adrian/CodeSourcery/Sourcery_CodeBench_Lite_for_ARM_EABI/bin/../lib/gcc/arm-none-eabi/4.6.3/thumb/libgcc.a(_arm_cmpdf2.o)
__ctor_begin                                      build/ecrobot_base.o
__ctor_end                                        build/ecrobot_base.o
__cxa_finalize                                    /home/adrian/CodeSourcery/Sourcery_CodeBench_Lite_for_ARM_EABI/bin/../lib/gcc/arm-none-eabi/4.6.3/../../../../arm-none-eabi/lib/thumb/libc.a(lib_a-cxa_finalize.o)
                                                  build/ecrobot_base.o
__data_load_end__                                 build/ecrobot_init.o
__data_load_start__                               build/ecrobot_init.o
__data_ram_start__                                build/ecrobot_init.o
__divdf3                                          /home/adrian/CodeSourcery/Sourcery_CodeBench_Lite_for_ARM_EABI/bin/../lib/gcc/arm-none-eabi/4.6.3/thumb/libgcc.a(_arm_muldivdf3.o)
__divdi3                                          /home/adrian/CodeSourcery/Sourcery_CodeBench_Lite_for_ARM_EABI/bin/../lib/gcc/arm-none-eabi/4.6.3/thumb/libgcc.a(_divdi3.o)
                                                  /home/adrian/CodeSourcery/Sourcery_CodeBench_Lite_for_ARM_EABI/bin/../lib/gcc/arm-none-eabi/4.6.3/thumb/libgcc.a(bpabi.o)
__divsi3                                          /home/adrian/CodeSourcery/Sourcery_CodeBench_Lite_for_ARM_EABI/bin/../lib/gcc/arm-none-eabi/4.6.3/thumb/libgcc.a(_divsi3.o)
__eqdf2                                           /home/adrian/CodeSourcery/Sourcery_CodeBench_Lite_for_ARM_EABI/bin/../lib/gcc/arm-none-eabi/4.6.3/thumb/libgcc.a(_arm_cmpdf2.o)
__extendsfdf2                                     /home/adrian/CodeSourcery/Sourcery_CodeBench_Lite_for_ARM_EABI/bin/../lib/gcc/arm-none-eabi/4.6.3/thumb/libgcc.a(_arm_addsubdf3.o)
__fini_array_end                                  /home/adrian/CodeSourcery/Sourcery_CodeBench_Lite_for_ARM_EABI/bin/../lib/gcc/arm-none-eabi/4.6.3/../../../../arm-none-eabi/lib/thumb/libc.a(lib_a-fini.o)
__fini_array_start                                /home/adrian/CodeSourcery/Sourcery_CodeBench_Lite_for_ARM_EABI/bin/../lib/gcc/arm-none-eabi/4.6.3/../../../../arm-none-eabi/lib/thumb/libc.a(lib_a-fini.o)
__floatdidf                                       /home/adrian/CodeSourcery/Sourcery_CodeBench_Lite_for_ARM_EABI/bin/../lib/gcc/arm-none-eabi/4.6.3/thumb/libgcc.a(_arm_addsubdf3.o)
__floatsidf                                       /home/adrian/CodeSourcery/Sourcery_CodeBench_Lite_for_ARM_EABI/bin/../lib/gcc/arm-none-eabi/4.6.3/thumb/libgcc.a(_arm_addsubdf3.o)
__floatundidf                                     /home/adrian/CodeSourcery/Sourcery_CodeBench_Lite_for_ARM_EABI/bin/../lib/gcc/arm-none-eabi/4.6.3/thumb/libgcc.a(_arm_addsubdf3.o)
__floatunsidf                                     /home/adrian/CodeSourcery/Sourcery_CodeBench_Lite_for_ARM_EABI/bin/../lib/gcc/arm-none-eabi/4.6.3/thumb/libgcc.a(_arm_addsubdf3.o)
__gedf2                                           /home/adrian/CodeSourcery/Sourcery_CodeBench_Lite_for_ARM_EABI/bin/../lib/gcc/arm-none-eabi/4.6.3/thumb/libgcc.a(_arm_cmpdf2.o)
__gnu_ldivmod_helper                              /home/adrian/CodeSourcery/Sourcery_CodeBench_Lite_for_ARM_EABI/bin/../lib/gcc/arm-none-eabi/4.6.3/thumb/libgcc.a(bpabi.o)
                                                  /home/adrian/CodeSourcery/Sourcery_CodeBench_Lite_for_ARM_EABI/bin/../lib/gcc/arm-none-eabi/4.6.3/thumb/libgcc.a(_aeabi_ldivmod.o)
__gnu_thumb1_case_uhi                             /home/adrian/CodeSourcery/Sourcery_CodeBench_Lite_for_ARM_EABI/bin/../lib/gcc/arm-none-eabi/4.6.3/thumb/libgcc.a(_thumb1_case_uhi.o)
                                                  ../../ecrobot/../ecrobot/libecrobot.a(i2c.oram)
__gnu_thumb1_case_uqi                             /home/adrian/CodeSourcery/Sourcery_CodeBench_Lite_for_ARM_EABI/bin/../lib/gcc/arm-none-eabi/4.6.3/thumb/libgcc.a(_thumb1_case_uqi.o)
                                                  ../../ecrobot/../ecrobot/libecrobot.a(sensors1.oram)
                                                  ../../ecrobot/../ecrobot/libecrobot.a(nxt_avr.oram)
                                                  ../../ecrobot/../ecrobot/libecrobot.a(uart.oram)
__gnu_uldivmod_helper                             /home/adrian/CodeSourcery/Sourcery_CodeBench_Lite_for_ARM_EABI/bin/../lib/gcc/arm-none-eabi/4.6.3/thumb/libgcc.a(bpabi.o)
__gtdf2                                           /home/adrian/CodeSourcery/Sourcery_CodeBench_Lite_for_ARM_EABI/bin/../lib/gcc/arm-none-eabi/4.6.3/thumb/libgcc.a(_arm_cmpdf2.o)
__irq_stack__                                     build/ecrobot_init.o
__ledf2                                           /home/adrian/CodeSourcery/Sourcery_CodeBench_Lite_for_ARM_EABI/bin/../lib/gcc/arm-none-eabi/4.6.3/thumb/libgcc.a(_arm_cmpdf2.o)
__libc_fini                                       /home/adrian/CodeSourcery/Sourcery_CodeBench_Lite_for_ARM_EABI/bin/../lib/gcc/arm-none-eabi/4.6.3/../../../../arm-none-eabi/lib/thumb/libc.a(lib_a-__call_atexit.o)
__libc_fini_array                                 /home/adrian/CodeSourcery/Sourcery_CodeBench_Lite_for_ARM_EABI/bin/../lib/gcc/arm-none-eabi/4.6.3/../../../../arm-none-eabi/lib/thumb/libc.a(lib_a-fini.o)
                                                  /home/adrian/CodeSourcery/Sourcery_CodeBench_Lite_for_ARM_EABI/bin/../lib/gcc/arm-none-eabi/4.6.3/../../../../arm-none-eabi/lib/thumb/libc.a(lib_a-__call_atexit.o)
__ltdf2                                           /home/adrian/CodeSourcery/Sourcery_CodeBench_Lite_for_ARM_EABI/bin/../lib/gcc/arm-none-eabi/4.6.3/thumb/libgcc.a(_arm_cmpdf2.o)
__muldf3                                          /home/adrian/CodeSourcery/Sourcery_CodeBench_Lite_for_ARM_EABI/bin/../lib/gcc/arm-none-eabi/4.6.3/thumb/libgcc.a(_arm_muldivdf3.o)
__muldi3                                          /home/adrian/CodeSourcery/Sourcery_CodeBench_Lite_for_ARM_EABI/bin/../lib/gcc/arm-none-eabi/4.6.3/thumb/libgcc.a(_muldi3.o)
__nedf2                                           /home/adrian/CodeSourcery/Sourcery_CodeBench_Lite_for_ARM_EABI/bin/../lib/gcc/arm-none-eabi/4.6.3/thumb/libgcc.a(_arm_cmpdf2.o)
__ramtext_load_end__                              build/ecrobot_init.o
__ramtext_load_start__                            build/ecrobot_init.o
__ramtext_ram_start__                             build/ecrobot_init.o
__register_exitproc                               /home/adrian/CodeSourcery/Sourcery_CodeBench_Lite_for_ARM_EABI/bin/../lib/gcc/arm-none-eabi/4.6.3/../../../../arm-none-eabi/lib/thumb/libc.a(lib_a-__atexit.o)
                                                  /home/adrian/CodeSourcery/Sourcery_CodeBench_Lite_for_ARM_EABI/bin/../lib/gcc/arm-none-eabi/4.6.3/../../../../arm-none-eabi/lib/thumb/libc.a(lib_a-atexit.o)
__stack_end__                                     build/ecrobot_init.o
__stack_start__                                   build/ecrobot_init.o
__subdf3                                          /home/adrian/CodeSourcery/Sourcery_CodeBench_Lite_for_ARM_EABI/bin/../lib/gcc/arm-none-eabi/4.6.3/thumb/libgcc.a(_arm_addsubdf3.o)
__system_stack__                                  build/config/at91sam7s-gnu/cpu_support.oram
                                                  build/ecrobot_init.o
__udivdi3                                         /home/adrian/CodeSourcery/Sourcery_CodeBench_Lite_for_ARM_EABI/bin/../lib/gcc/arm-none-eabi/4.6.3/thumb/libgcc.a(_udivdi3.o)
                                                  /home/adrian/CodeSourcery/Sourcery_CodeBench_Lite_for_ARM_EABI/bin/../lib/gcc/arm-none-eabi/4.6.3/thumb/libgcc.a(bpabi.o)
__udivsi3                                         /home/adrian/CodeSourcery/Sourcery_CodeBench_Lite_for_ARM_EABI/bin/../lib/gcc/arm-none-eabi/4.6.3/thumb/libgcc.a(_udivsi3.o)
__vectors_load_end__                              build/ecrobot_init.o
__vectors_load_start__                            build/ecrobot_init.o
__vectors_ram_start__                             build/ecrobot_init.o
_errorhook_par1                                   build/kernel/task_manage.o
                                                  build/kernel/resource.o
                                                  build/kernel/osctl.o
                                                  build/kernel/event.o
                                                  build/kernel/alarm.o
_errorhook_par2                                   build/kernel/task_manage.o
                                                  build/kernel/osctl.o
                                                  build/kernel/event.o
                                                  build/kernel/alarm.o
_errorhook_par3                                   build/kernel/osctl.o
                                                  build/kernel/alarm.o
_errorhook_svcid                                  build/kernel/osctl.o
_fini                                             /home/adrian/CodeSourcery/Sourcery_CodeBench_Lite_for_ARM_EABI/bin/../lib/gcc/arm-none-eabi/4.6.3/../../../../arm-none-eabi/lib/thumb/libc.a(lib_a-fini.o)
_global_impure_ptr                                /home/adrian/CodeSourcery/Sourcery_CodeBench_Lite_for_ARM_EABI/bin/../lib/gcc/arm-none-eabi/4.6.3/../../../../arm-none-eabi/lib/thumb/libc.a(lib_a-impure.o)
                                                  /home/adrian/CodeSourcery/Sourcery_CodeBench_Lite_for_ARM_EABI/bin/../lib/gcc/arm-none-eabi/4.6.3/../../../../arm-none-eabi/lib/thumb/libc.a(lib_a-__atexit.o)
                                                  /home/adrian/CodeSourcery/Sourcery_CodeBench_Lite_for_ARM_EABI/bin/../lib/gcc/arm-none-eabi/4.6.3/../../../../arm-none-eabi/lib/thumb/libc.a(lib_a-__call_atexit.o)
_impure_ptr                                       /home/adrian/CodeSourcery/Sourcery_CodeBench_Lite_for_ARM_EABI/bin/../lib/gcc/arm-none-eabi/4.6.3/../../../../arm-none-eabi/lib/thumb/libc.a(lib_a-impure.o)
                                                  /home/adrian/CodeSourcery/Sourcery_CodeBench_Lite_for_ARM_EABI/bin/../lib/gcc/arm-none-eabi/4.6.3/../../../../arm-none-eabi/lib/thumb/libc.a(lib_a-rand.o)
_interrupt                                        build/config/at91sam7s-gnu/cpu_support.oram
                                                  build/config/at91sam7s-gnu/irq.oram
_sbrk_r                                           build/syscalls.o
activate_r                                        build/config/at91sam7s-gnu/cpu_support.oram
                                                  build/kernel/task.o
add_status_info                                   build/ecrobot_base.o
                                                  build/ecrobot.o
                                                  build/ecrobot_bluetooth.o
aic_clear                                         ../../ecrobot/../ecrobot/libecrobot.a(aic.oram)
                                                  ../../ecrobot/../ecrobot/libecrobot.a(bt.oram)
                                                  ../../ecrobot/../ecrobot/libecrobot.a(sound.oram)
aic_initialise                                    ../../ecrobot/../ecrobot/libecrobot.a(aic.oram)
                                                  ../../ecrobot/../ecrobot/libecrobot.a(flash_loader.oram)
aic_mask_off                                      ../../ecrobot/../ecrobot/libecrobot.a(aic.oram)
                                                  ../../ecrobot/../ecrobot/libecrobot.a(bt.oram)
                                                  ../../ecrobot/../ecrobot/libecrobot.a(i2c.oram)
                                                  ../../ecrobot/../ecrobot/libecrobot.a(nxt_motors.oram)
                                                  ../../ecrobot/../ecrobot/libecrobot.a(nxt_spi.oram)
                                                  ../../ecrobot/../ecrobot/libecrobot.a(twi.oram)
                                                  ../../ecrobot/../ecrobot/libecrobot.a(udp.oram)
                                                  ../../ecrobot/../ecrobot/libecrobot.a(systick.oram)
                                                  ../../ecrobot/../ecrobot/libecrobot.a(uart.oram)
aic_mask_on                                       ../../ecrobot/../ecrobot/libecrobot.a(aic.oram)
                                                  ../../ecrobot/../ecrobot/libecrobot.a(sound.oram)
                                                  ../../ecrobot/../ecrobot/libecrobot.a(i2c.oram)
                                                  ../../ecrobot/../ecrobot/libecrobot.a(nxt_motors.oram)
                                                  ../../ecrobot/../ecrobot/libecrobot.a(nxt_spi.oram)
                                                  ../../ecrobot/../ecrobot/libecrobot.a(twi.oram)
                                                  ../../ecrobot/../ecrobot/libecrobot.a(udp.oram)
                                                  ../../ecrobot/../ecrobot/libecrobot.a(systick.oram)
                                                  ../../ecrobot/../ecrobot/libecrobot.a(uart.oram)
aic_set_vector                                    ../../ecrobot/../ecrobot/libecrobot.a(aic.oram)
                                                  ../../ecrobot/../ecrobot/libecrobot.a(sound.oram)
                                                  ../../ecrobot/../ecrobot/libecrobot.a(i2c.oram)
                                                  ../../ecrobot/../ecrobot/libecrobot.a(nxt_motors.oram)
                                                  ../../ecrobot/../ecrobot/libecrobot.a(nxt_spi.oram)
                                                  ../../ecrobot/../ecrobot/libecrobot.a(twi.oram)
                                                  ../../ecrobot/../ecrobot/libecrobot.a(udp.oram)
                                                  ../../ecrobot/../ecrobot/libecrobot.a(systick.oram)
                                                  ../../ecrobot/../ecrobot/libecrobot.a(uart.oram)
alarm_initialize                                  build/kernel/alarm.o
                                                  build/./kernel_cfg.o
almcb_almval                                      build/./kernel_cfg.o
                                                  build/kernel/alarm.o
almcb_cycle                                       build/./kernel_cfg.o
                                                  build/kernel/alarm.o
almcb_next                                        build/./kernel_cfg.o
                                                  build/kernel/alarm.o
almcb_prev                                        build/./kernel_cfg.o
                                                  build/kernel/alarm.o
alminib_almval                                    build/./kernel_cfg.o
                                                  build/kernel/alarm.o
alminib_autosta                                   build/./kernel_cfg.o
                                                  build/kernel/alarm.o
alminib_cback                                     build/./kernel_cfg.o
                                                  build/kernel/alarm.o
alminib_cntid                                     build/./kernel_cfg.o
                                                  build/kernel/alarm.o
alminib_cycle                                     build/./kernel_cfg.o
                                                  build/kernel/alarm.o
appmode                                           build/kernel/task.o
                                                  build/kernel/osctl.o
                                                  build/kernel/alarm.o
atexit                                            /home/adrian/CodeSourcery/Sourcery_CodeBench_Lite_for_ARM_EABI/bin/../lib/gcc/arm-none-eabi/4.6.3/../../../../arm-none-eabi/lib/thumb/libc.a(lib_a-atexit.o)
                                                  /home/adrian/CodeSourcery/Sourcery_CodeBench_Lite_for_ARM_EABI/bin/../lib/gcc/arm-none-eabi/4.6.3/../../../../arm-none-eabi/lib/thumb/libc.a(lib_a-__call_atexit.o)
avr_brainwash_string                              ../../ecrobot/../ecrobot/libecrobot.a(nxt_avr.oram)
battery_voltage                                   ../../ecrobot/../ecrobot/libecrobot.a(nxt_avr.oram)
                                                  ../../ecrobot/../ecrobot/libecrobot.a(ecrobot_interface.o)
bt_clear_arm7_cmd                                 ../../ecrobot/../ecrobot/libecrobot.a(bt.oram)
                                                  build/ecrobot_bluetooth.o
bt_get_mode                                       ../../ecrobot/../ecrobot/libecrobot.a(bt.oram)
bt_init                                           ../../ecrobot/../ecrobot/libecrobot.a(bt.oram)
                                                  ../../ecrobot/../ecrobot/libecrobot.a(flash_loader.oram)
bt_pending                                        ../../ecrobot/../ecrobot/libecrobot.a(bt.oram)
                                                  build/ecrobot_bluetooth.o
bt_read                                           ../../ecrobot/../ecrobot/libecrobot.a(bt.oram)