Archive member included because of file (symbol)

../../ecrobot/../ecrobot/libecrobot.a(ecrobot_device_hook.o)
                              build/ecrobot.o (ecrobot_device_initialize)
../../ecrobot/../ecrobot/libecrobot.a(ecrobot_interface.o)
                              build/ecrobot_base.o (ecrobot_get_battery_voltage)
../../ecrobot/../ecrobot/libecrobot.a(colorsensor.o)
                              ../../ecrobot/../ecrobot/libecrobot.a(ecrobot_interface.o) (colorsensor_rgb_get)
../../ecrobot/../ecrobot/libecrobot.a(osek_hook.o)
                              build/kernel/osctl.o (StartupHook)
../../ecrobot/../ecrobot/libecrobot.a(uart.oram)
                              build/config/at91sam7s-gnu/irq.oram (uart_isr_C_1)
../../ecrobot/../ecrobot/libecrobot.a(systick.oram)
                              build/config/at91sam7s-gnu/irq.oram (systick_isr_C)
../../ecrobot/../ecrobot/libecrobot.a(byte_fifo.oram)
                              ../../ecrobot/../ecrobot/libecrobot.a(uart.oram) (byte_fifo_init)
../../ecrobot/../ecrobot/libecrobot.a(aic.oram)
                              ../../ecrobot/../ecrobot/libecrobot.a(uart.oram) (aic_mask_off)
../../ecrobot/../ecrobot/libecrobot.a(udp.oram)
                              build/config/at91sam7s-gnu/irq.oram (udp_isr_C)
../../ecrobot/../ecrobot/libecrobot.a(twi.oram)
                              build/config/at91sam7s-gnu/irq.oram (twi_isr_C)
../../ecrobot/../ecrobot/libecrobot.a(nxt_spi.oram)
                              build/config/at91sam7s-gnu/irq.oram (spi_isr_C)
../../ecrobot/../ecrobot/libecrobot.a(nxt_motors.oram)
                              ../../ecrobot/../ecrobot/libecrobot.a(ecrobot_interface.o) (nxt_motor_get_count)
../../ecrobot/../ecrobot/libecrobot.a(data_abort.oram)
                              build/ecrobot_init.o (data_abort_C)
../../ecrobot/../ecrobot/libecrobot.a(display.oram)
                              build/ecrobot_base.o (display_goto_xy)
../../ecrobot/../ecrobot/libecrobot.a(i2c.oram)
                              build/config/at91sam7s-gnu/irq.oram (i2c_timer_isr_C)
../../ecrobot/../ecrobot/libecrobot.a(sound.oram)
                              ../../ecrobot/../ecrobot/libecrobot.a(ecrobot_interface.o) (sound_freq_vol)
../../ecrobot/../ecrobot/libecrobot.a(bt.oram)
                              build/ecrobot_bluetooth.o (bt_pending)
../../ecrobot/../ecrobot/libecrobot.a(nxt_avr.oram)
                              build/ecrobot_base.o (nxt_avr_power_down)
../../ecrobot/../ecrobot/libecrobot.a(sensors.oram)
                              ../../ecrobot/../ecrobot/libecrobot.a(ecrobot_interface.o) (set_digi0)
../../ecrobot/../ecrobot/libecrobot.a(sensors1.oram)
                              ../../ecrobot/../ecrobot/libecrobot.a(colorsensor.o) (sp_set_mode)
../../ecrobot/../ecrobot/libecrobot.a(nxt_lcd.oram)
                              ../../ecrobot/../ecrobot/libecrobot.a(display.oram) (nxt_lcd_update)
../../ecrobot/../ecrobot/libecrobot.a(flash_loader.oram)
                              build/ecrobot.o (nxt_device_init)
../../ecrobot/../ecrobot/libecrobot.a(interrupts.oram)
                              ../../ecrobot/../ecrobot/libecrobot.a(uart.oram) (interrupts_get_and_disable)
../../ecrobot/../ecrobot/libecrobot.a(nxtosek_splash.obmp)
                              build/ecrobot_base.o (nxtosek_splash_bmp_start)
../../ecrobot/../ecrobot/libecrobot.a(ecrobot_usb.o)
                              ../../ecrobot/../ecrobot/libecrobot.a(flash_loader.oram) (ecrobot_term_usb)
../../ecrobot/../ecrobot/libecrobot.a(flashprog.oram)
                              ../../ecrobot/../ecrobot/libecrobot.a(flash_loader.oram) (flash_write_page)
/home/adrian/lego/lego-arm/gnuarm/bin/../lib/gcc/arm-elf/4.4.2/thumb/interwork/libgcc.a(_udivsi3.o)
                              build/ecrobot_base.o (__udivsi3)
/home/adrian/lego/lego-arm/gnuarm/bin/../lib/gcc/arm-elf/4.4.2/thumb/interwork/libgcc.a(_divsi3.o)
                              ../../ecrobot/../ecrobot/libecrobot.a(uart.oram) (__divsi3)
/home/adrian/lego/lego-arm/gnuarm/bin/../lib/gcc/arm-elf/4.4.2/thumb/interwork/libgcc.a(_umodsi3.o)
                              ../../ecrobot/../ecrobot/libecrobot.a(display.oram) (__umodsi3)
/home/adrian/lego/lego-arm/gnuarm/bin/../lib/gcc/arm-elf/4.4.2/thumb/interwork/libgcc.a(_modsi3.o)
                              ../../ecrobot/../ecrobot/libecrobot.a(sound.oram) (__modsi3)
/home/adrian/lego/lego-arm/gnuarm/bin/../lib/gcc/arm-elf/4.4.2/thumb/interwork/libgcc.a(_dvmd_tls.o)
                              /home/adrian/lego/lego-arm/gnuarm/bin/../lib/gcc/arm-elf/4.4.2/thumb/interwork/libgcc.a(_udivsi3.o) (__div0)
/home/adrian/lego/lego-arm/gnuarm/bin/../lib/gcc/arm-elf/4.4.2/thumb/interwork/libgcc.a(_arm_addsubdf3.o)
                              ../../ecrobot/../ecrobot/libecrobot.a(colorsensor.o) (__floatsidf)
/home/adrian/lego/lego-arm/gnuarm/bin/../lib/gcc/arm-elf/4.4.2/thumb/interwork/libgcc.a(_arm_muldivdf3.o)
[...]
Memory Configuration

Name             Origin             Length             Attributes
vector_ram       0x00200000         0x00000040
ram              0x00200040         0x0000ffc0
*default*        0x00000000         0xffffffff

Linker script and memory map

LOAD build/kernel/alarm.o
LOAD build/kernel/event.o
LOAD build/kernel/interrupt.o
LOAD build/kernel/osctl.o
LOAD build/kernel/resource.o
LOAD build/kernel/task.o
LOAD build/kernel/task_manage.o
LOAD build/config/at91sam7s-gnu/cpu_config.o
LOAD build/config/at91sam7s-gnu/lego_nxt/sys_config.o
LOAD build/./kernel_cfg.o
LOAD build/syscalls.o
LOAD build/ecrobot_bluetooth.o
LOAD build/ecrobot_base.o
LOAD build/ecrobot.o
LOAD build/helloworld.o
LOAD build/syslib/at91sam7s-gnu/lego_nxt/hw_sys_timer.oram
LOAD build/nxtvm/platform/nxt/vectors.o
LOAD build/config/at91sam7s-gnu/debug.o
LOAD build/config/at91sam7s-gnu/lego_nxt/sys_support.o
LOAD build/nxt_binary_header.o
LOAD build/nxt_entry_point.o
LOAD build/ecrobot_init.o
LOAD build/config/at91sam7s-gnu/cpu_support.oram
LOAD build/config/at91sam7s-gnu/irq.oram
LOAD ../../ecrobot/../c++/liblejososek.a
LOAD ../../ecrobot/../ecrobot/libecrobot.a
LOAD /home/adrian/lego/lego-arm/gnuarm/bin/../lib/gcc/arm-elf/4.4.2/../../../../arm-elf/lib/thumb/interwork/libstdc++.a
LOAD /home/adrian/lego/lego-arm/gnuarm/bin/../lib/gcc/arm-elf/4.4.2/../../../../arm-elf/lib/thumb/interwork/libm.a
START GROUP
LOAD /home/adrian/lego/lego-arm/gnuarm/bin/../lib/gcc/arm-elf/4.4.2/thumb/interwork/libgcc.a
LOAD /home/adrian/lego/lego-arm/gnuarm/bin/../lib/gcc/arm-elf/4.4.2/../../../../arm-elf/lib/thumb/interwork/libc.a
END GROUP
                0x00200000                RAM_BASE = 0x200000
                0x00010000                RAM_SIZE = 0x10000

.samba_reserved
                0x00200040     0x1fc0
                0x00202000                . = 0x1fc0
 *fill*         0x00200040     0x1fc0 00
                0x00200040                __samba_ram_start__ = ADDR (.samba_reserved)
                0x00202000                __samba_ram_end__ = (__samba_ram_start__ + SIZEOF (.samba_reserved))

.vectors        0x00200000       0x40 load address 0x00202000
 vectors.o(*.text *.text.*)
 .text          0x00200000       0x38 build/nxtvm/platform/nxt/vectors.o
                0x00200040                . = ALIGN (0x10)
 *fill*         0x00200038        0x8 00
                0x00200000                __vectors_ram_start__ = ADDR (.vectors)
                0x00200040                __vectors_ram_end__ = (ADDR (.vectors) + SIZEOF (.vectors))
                0x00202000                __vectors_load_start__ = LOADADDR (.vectors)
                0x00202040                __vectors_load_end__ = (LOADADDR (.vectors) + SIZEOF (.vectors))

.init           0x00202040      0x280
 *ecrobot_init.o(*.text *.text.*)
 .text          0x00202040      0x280 build/ecrobot_init.o
                0x00202040                start
                0x002021ac                undef_handler
                0x002021b0                swi_handler
                0x002021b4                prefetch_abort_handler
                0x002021b8                data_abort_handler
                0x002021d4                reserved_handler
                0x002022c0                . = ALIGN (0x10)

.ram_text       0x002022c0     0x2fa0
                0x002022c0                . = ALIGN (0x10)
 *.oram(*.text *.text.* *.glue*)
 .text.systick_isr_C1
                0x002022c0       0x28 build/syslib/at91sam7s-gnu/lego_nxt/hw_sys_timer.oram
                0x002022c0                systick_isr_C1
 *fill*         0x002022e8        0x8 00
 .text          0x002022f0      0x230 build/config/at91sam7s-gnu/cpu_support.oram
                0x002022f0                dispatch
                0x00202330                activate_r
                0x00202360                exit_and_dispatch
                0x00202370                start_dispatch
                0x0020242c                _interrupt
                0x0020249c                int_return
                0x002024c8                disable_int
                0x002024d0                enable_int
                0x002024d8                nop
 .text          0x00202520      0x2c0 build/config/at91sam7s-gnu/irq.oram
                0x00202520                default_isr
                0x00202520                default_fiq
                0x00202520                spurious_isr
                0x00202524                systick_isr_entry
                0x0020256c                systick_low_priority_entry
                0x002025ac                udp_isr_entry
                0x002025ec                spi_isr_entry
                0x0020262c                twi_isr_entry
                0x0020266c                sound_isr_entry
                0x002026ac                uart_isr_entry_0
                0x002026ec                uart_isr_entry_1
                0x0020272c                nxt_motor_isr_entry
                0x0020276c                i2c_timer_isr_entry
 .text.uart_process_isr
                0x002027e0       0x88 ../../ecrobot/../ecrobot/libecrobot.a(uart.oram)
 .text.uart_isr_C_1
                0x00202868        0xc ../../ecrobot/../ecrobot/libecrobot.a(uart.oram)
                0x00202868                uart_isr_C_1
 .text.uart_isr_C_0
                0x00202874        0xc ../../ecrobot/../ecrobot/libecrobot.a(uart.oram)
                0x00202874                uart_isr_C_0
 .text.systick_isr_C
                0x00202880       0x24 ../../ecrobot/../ecrobot/libecrobot.a(systick.oram)
                0x00202880                systick_isr_C
 .text.systick_get_ms
                0x002028a4        0xc ../../ecrobot/../ecrobot/libecrobot.a(systick.oram)
                0x002028a4                systick_get_ms
 .text.systick_wait_ms
                0x002028b0       0x1c ../../ecrobot/../ecrobot/libecrobot.a(systick.oram)
                0x002028b0                systick_wait_ms
 .text.systick_wait_ns
                0x002028cc       0x1c ../../ecrobot/../ecrobot/libecrobot.a(systick.oram)
                0x002028cc                systick_wait_ns
 .text.systick_resume
                0x002028e8        0xc ../../ecrobot/../ecrobot/libecrobot.a(systick.oram)
                0x002028e8                systick_resume
 .text.systick_suspend
                0x002028f4        0xc ../../ecrobot/../ecrobot/libecrobot.a(systick.oram)
                0x002028f4                systick_suspend
 .text.systick_init
                0x00202900       0x58 ../../ecrobot/../ecrobot/libecrobot.a(systick.oram)
                0x00202900                systick_init
 .text.systick_low_priority_C
                0x00202958       0x1c ../../ecrobot/../ecrobot/libecrobot.a(systick.oram)
                0x00202958                systick_low_priority_C
 .text.byte_fifo_put
                0x00202974       0x50 ../../ecrobot/../ecrobot/libecrobot.a(byte_fifo.oram)
                0x00202974                byte_fifo_put
 .text.byte_fifo_get
                0x002029c4       0x2c ../../ecrobot/../ecrobot/libecrobot.a(byte_fifo.oram)
                0x002029c4                byte_fifo_get
 .text.aic_initialise
                0x002029f0       0x5c ../../ecrobot/../ecrobot/libecrobot.a(aic.oram)
                0x002029f0                aic_initialise
 .text.aic_clear
                0x00202a4c       0x24 ../../ecrobot/../ecrobot/libecrobot.a(aic.oram)
                0x00202a4c                aic_clear
 .text.aic_mask_off
                0x00202a70       0x24 ../../ecrobot/../ecrobot/libecrobot.a(aic.oram)
                0x00202a70                aic_mask_off
 .text.aic_mask_on
                0x00202a94       0x24 ../../ecrobot/../ecrobot/libecrobot.a(aic.oram)
                0x00202a94                aic_mask_on
 .text.aic_set_vector
                0x00202ab8       0x30 ../../ecrobot/../ecrobot/libecrobot.a(aic.oram)
                0x00202ab8                aic_set_vector
 .text.udp_send_control
                0x00202ae8       0x5c ../../ecrobot/../ecrobot/libecrobot.a(udp.oram)
 .text.udp_isr_C
                0x00202b44      0x99c ../../ecrobot/../ecrobot/libecrobot.a(udp.oram)
                0x00202b44                udp_isr_C
 .text.twi_status
                0x002034e0       0x20 ../../ecrobot/../ecrobot/libecrobot.a(twi.oram)
                0x002034e0                twi_status
 .text.twi_isr_C
                0x00203500       0xbc ../../ecrobot/../ecrobot/libecrobot.a(twi.oram)
                0x00203500                twi_isr_C
 .text.twi_start_read
                0x002035bc       0x58 ../../ecrobot/../ecrobot/libecrobot.a(twi.oram)
                0x002035bc                twi_start_read
 .text.twi_start_write
                0x00203614       0x58 ../../ecrobot/../ecrobot/libecrobot.a(twi.oram)
                0x00203614                twi_start_write
 .text.twi_reset
                0x0020366c       0xb8 ../../ecrobot/../ecrobot/libecrobot.a(twi.oram)
                0x0020366c                twi_reset
 .text.twi_init
                0x00203724       0x4c ../../ecrobot/../ecrobot/libecrobot.a(twi.oram)
                0x00203724                twi_init
 .text.spi_isr_C
                0x00203770       0x90 ../../ecrobot/../ecrobot/libecrobot.a(nxt_spi.oram)
                0x00203770                spi_isr_C
 .text.nxt_spi_write
                0x00203800       0x78 ../../ecrobot/../ecrobot/libecrobot.a(nxt_spi.oram)
                0x00203800                nxt_spi_write
 .text.nxt_spi_set_display
                0x00203878       0x10 ../../ecrobot/../ecrobot/libecrobot.a(nxt_spi.oram)
                0x00203878                nxt_spi_set_display
 .text.nxt_spi_refresh
                0x00203888       0x24 ../../ecrobot/../ecrobot/libecrobot.a(nxt_spi.oram)
                0x00203888                nxt_spi_refresh
 .text.nxt_spi_init
                0x002038ac      0x128 ../../ecrobot/../ecrobot/libecrobot.a(nxt_spi.oram)
                0x002038ac                nxt_spi_init
 .text.nxt_motor_get_count
                0x002039d4       0x14 ../../ecrobot/../ecrobot/libecrobot.a(nxt_motors.oram)
                0x002039d4                nxt_motor_get_count
 .text.nxt_motor_set_count
                0x002039e8       0x10 ../../ecrobot/../ecrobot/libecrobot.a(nxt_motors.oram)
                0x002039e8                nxt_motor_set_count
 .text.nxt_motor_1kHz_process
                0x002039f8       0x28 ../../ecrobot/../ecrobot/libecrobot.a(nxt_motors.oram)
                0x002039f8                nxt_motor_1kHz_process
 .text.nxt_motor_quad_decode
                0x00203a20       0x48 ../../ecrobot/../ecrobot/libecrobot.a(nxt_motors.oram)
                0x00203a20                nxt_motor_quad_decode
 .text.nxt_motor_init
                0x00203a68       0x64 ../../ecrobot/../ecrobot/libecrobot.a(nxt_motors.oram)
                0x00203a68                nxt_motor_init
 .text.nxt_motor_isr_C
                0x00203acc       0x88 ../../ecrobot/../ecrobot/libecrobot.a(nxt_motors.oram)
                0x00203acc                nxt_motor_isr_C
 .text.data_abort_C
                0x00203b54       0x7c ../../ecrobot/../ecrobot/libecrobot.a(data_abort.oram)
                0x00203b54                data_abort_C
 .text.display_goto_xy
                0x00203bd0       0x14 ../../ecrobot/../ecrobot/libecrobot.a(display.oram)
                0x00203bd0                display_goto_xy
 .text.display_char
                0x00203be4       0x54 ../../ecrobot/../ecrobot/libecrobot.a(display.oram)
                0x00203be4                display_char
 .text.display_string
                0x00203c38       0x40 ../../ecrobot/../ecrobot/libecrobot.a(display.oram)
                0x00203c38                display_string
 .text.display_hex
                0x00203c78       0x50 ../../ecrobot/../ecrobot/libecrobot.a(display.oram)
                0x00203c78                display_hex
 .text.display_unsigned_worker
                0x00203cc8       0x74 ../../ecrobot/../ecrobot/libecrobot.a(display.oram)
 .text.display_unsigned
                0x00203d3c        0xc ../../ecrobot/../ecrobot/libecrobot.a(display.oram)
                0x00203d3c                display_unsigned
 .text.display_int
                0x00203d48       0x14 ../../ecrobot/../ecrobot/libecrobot.a(display.oram)
                0x00203d48                display_int
 .text.display_bitmap_copy
                0x00203d5c       0x60 ../../ecrobot/../ecrobot/libecrobot.a(display.oram)
                0x00203d5c                display_bitmap_copy
 .text.display_force_update
                0x00203dbc        0xc ../../ecrobot/../ecrobot/libecrobot.a(display.oram)
                0x00203dbc                display_force_update
 .text.display_update
                0x00203dc8       0x14 ../../ecrobot/../ecrobot/libecrobot.a(display.oram)
                0x00203dc8                display_update
 .text.display_clear
                0x00203ddc       0x24 ../../ecrobot/../ecrobot/libecrobot.a(display.oram)
                0x00203ddc                display_clear
 .text.display_init
                0x00203e00       0x64 ../../ecrobot/../ecrobot/libecrobot.a(display.oram)
                0x00203e00                display_init
 .text.i2c_timer_isr_C
                0x00203e64      0x2e0 ../../ecrobot/../ecrobot/libecrobot.a(i2c.oram)
                0x00203e64                i2c_timer_isr_C
 .text.i2c_init
                0x00204144       0xac ../../ecrobot/../ecrobot/libecrobot.a(i2c.oram)
                0x00204144                i2c_init
 .text.sound_fill_sample_buffer
                0x002041f0       0xe8 ../../ecrobot/../ecrobot/libecrobot.a(sound.oram)
                0x002041f0                sound_fill_sample_buffer
 .text.sound_isr_C
                0x002042d8      0x12c ../../ecrobot/../ecrobot/libecrobot.a(sound.oram)
                0x002042d8                sound_isr_C
 .text.sound_init
                0x00204404       0xa0 ../../ecrobot/../ecrobot/libecrobot.a(sound.oram)
                0x00204404                sound_init
 .text.bt_init  0x002044a4      0x1ac ../../ecrobot/../ecrobot/libecrobot.a(bt.oram)
                0x002044a4                bt_init
 .text.nxt_avr_power_down
                0x00204650       0x10 ../../ecrobot/../ecrobot/libecrobot.a(nxt_avr.oram)
                0x00204650                nxt_avr_power_down
 .text.buttons_get
                0x00204660        0xc ../../ecrobot/../ecrobot/libecrobot.a(nxt_avr.oram)
                0x00204660                buttons_get
 .text.battery_voltage
                0x0020466c       0x24 ../../ecrobot/../ecrobot/libecrobot.a(nxt_avr.oram)
                0x0020466c                battery_voltage
 .text.sensor_adc
                0x00204690       0x20 ../../ecrobot/../ecrobot/libecrobot.a(nxt_avr.oram)
                0x00204690                sensor_adc
 .text.nxt_avr_set_input_power
                0x002046b0       0x3c ../../ecrobot/../ecrobot/libecrobot.a(nxt_avr.oram)
                0x002046b0                nxt_avr_set_input_power
 .text.nxt_avr_init
                0x002046ec       0x68 ../../ecrobot/../ecrobot/libecrobot.a(nxt_avr.oram)
                0x002046ec                nxt_avr_init
 .text.nxt_avr_link_init
                0x00204754       0x20 ../../ecrobot/../ecrobot/libecrobot.a(nxt_avr.oram)
                0x00204754                nxt_avr_link_init
 .text.nxt_avr_1kHz_update
                0x00204774      0x1d0 ../../ecrobot/../ecrobot/libecrobot.a(nxt_avr.oram)
                0x00204774                nxt_avr_1kHz_update
 .text.init_sensors
                0x00204944       0xb8 ../../ecrobot/../ecrobot/libecrobot.a(sensors.oram)
                0x00204944                init_sensors
 .text.nxt_lcd_update
                0x002049fc        0xc ../../ecrobot/../ecrobot/libecrobot.a(nxt_lcd.oram)
                0x002049fc                nxt_lcd_update
 .text.nxt_lcd_command
                0x00204a08       0x18 ../../ecrobot/../ecrobot/libecrobot.a(nxt_lcd.oram)
                0x00204a08                nxt_lcd_command
 .text.nxt_lcd_set_bias_ratio
                0x00204a20       0x18 ../../ecrobot/../ecrobot/libecrobot.a(nxt_lcd.oram)
                0x00204a20                nxt_lcd_set_bias_ratio
 .text.nxt_lcd_reset
                0x00204a38        0xc ../../ecrobot/../ecrobot/libecrobot.a(nxt_lcd.oram)
                0x00204a38                nxt_lcd_reset
 .text.nxt_lcd_power_down
                0x00204a44        0xc ../../ecrobot/../ecrobot/libecrobot.a(nxt_lcd.oram)
                0x00204a44                nxt_lcd_power_down
 .text.nxt_lcd_set_map_control
                0x00204a50       0x1c ../../ecrobot/../ecrobot/libecrobot.a(nxt_lcd.oram)
                0x00204a50                nxt_lcd_set_map_control
 .text.nxt_lcd_enable
                0x00204a6c       0x14 ../../ecrobot/../ecrobot/libecrobot.a(nxt_lcd.oram)
                0x00204a6c                nxt_lcd_enable
 .text.nxt_lcd_set_ram_address_control
                0x00204a80       0x18 ../../ecrobot/../ecrobot/libecrobot.a(nxt_lcd.oram)
                0x00204a80                nxt_lcd_set_ram_address_control
 .text.nxt_lcd_set_pot
                0x00204a98       0x18 ../../ecrobot/../ecrobot/libecrobot.a(nxt_lcd.oram)
                0x00204a98                nxt_lcd_set_pot
 .text.nxt_lcd_set_page_address
                0x00204ab0       0x18 ../../ecrobot/../ecrobot/libecrobot.a(nxt_lcd.oram)
                0x00204ab0                nxt_lcd_set_page_address
 .text.nxt_lcd_set_multiplex_rate
                0x00204ac8       0x18 ../../ecrobot/../ecrobot/libecrobot.a(nxt_lcd.oram)
                0x00204ac8                nxt_lcd_set_multiplex_rate
 .text.nxt_lcd_power_up
                0x00204ae0       0x48 ../../ecrobot/../ecrobot/libecrobot.a(nxt_lcd.oram)
                0x00204ae0                nxt_lcd_power_up
 .text.nxt_lcd_init
                0x00204b28       0x18 ../../ecrobot/../ecrobot/libecrobot.a(nxt_lcd.oram)
                0x00204b28                nxt_lcd_init
 .text.nxt_lcd_set_col
                0x00204b40       0x24 ../../ecrobot/../ecrobot/libecrobot.a(nxt_lcd.oram)
                0x00204b40                nxt_lcd_set_col
 .text.nxt_lcd_force_update
                0x00204b64       0x30 ../../ecrobot/../ecrobot/libecrobot.a(nxt_lcd.oram)
                0x00204b64                nxt_lcd_force_update
 .text.nxt_device_init
                0x00204b94       0x38 ../../ecrobot/../ecrobot/libecrobot.a(flash_loader.oram)
                0x00204b94                nxt_device_init
 .text.set_flash_request
                0x00204bcc       0x54 ../../ecrobot/../ecrobot/libecrobot.a(flash_loader.oram)
                0x00204bcc                set_flash_request
 .text          0x00204c20       0x68 ../../ecrobot/../ecrobot/libecrobot.a(interrupts.oram)
                0x00204c20                interrupts_get_and_disable
                0x00204c44                interrupts_enable
                0x00204c54                fiq_get_and_disable
                0x00204c78                fiq_enable
 .text.flash_write_page
                0x00204c88       0xbc ../../ecrobot/../ecrobot/libecrobot.a(flashprog.oram)
                0x00204c88                flash_write_page
                0x00204d50                . = ALIGN (0x10)
 *fill*         0x00204d44        0xc 00
 *.oram(*.rodata *.rodata.*)
 .rodata.dd     0x00204d50       0x14 ../../ecrobot/../ecrobot/libecrobot.a(udp.oram)
 .rodata.ld     0x00204d64        0x4 ../../ecrobot/../ecrobot/libecrobot.a(udp.oram)
 .rodata.cfd    0x00204d68       0x20 ../../ecrobot/../ecrobot/libecrobot.a(udp.oram)
 .rodata.str1.1
                0x00204d88       0x1d ../../ecrobot/../ecrobot/libecrobot.a(data_abort.oram)
 *fill*         0x00204da5        0x3 00
 .rodata.font   0x00204da8      0x280 ../../ecrobot/../ecrobot/libecrobot.a(display.oram)
 .rodata.display_buffer
                0x00205028        0x4 ../../ecrobot/../ecrobot/libecrobot.a(display.oram)
 .rodata.str1.1
                0x0020502c       0x67 ../../ecrobot/../ecrobot/libecrobot.a(display.oram)
 *fill*         0x00205093        0x1 00
 .rodata.i2c_timer_isr_C
                0x00205094       0x38 ../../ecrobot/../ecrobot/libecrobot.a(i2c.oram)
 .rodata.i2c_pin
                0x002050cc       0x20 ../../ecrobot/../ecrobot/libecrobot.a(i2c.oram)
 .rodata        0x002050ec        0x9 ../../ecrobot/../ecrobot/libecrobot.a(sound.oram)
 *fill*         0x002050f5        0x3 00
 .rodata.sample_pattern
                0x002050f8       0x84 ../../ecrobot/../ecrobot/libecrobot.a(sound.oram)
                0x002050f8                sample_pattern
 .rodata.silence
                0x0020517c       0x40 ../../ecrobot/../ecrobot/libecrobot.a(sound.oram)
                0x0020517c                silence
 .rodata.nxt_avr_1kHz_update
                0x002051bc       0x14 ../../ecrobot/../ecrobot/libecrobot.a(nxt_avr.oram)
 .rodata.avr_brainwash_string
                0x002051d0       0x30 ../../ecrobot/../ecrobot/libecrobot.a(nxt_avr.oram)
                0x002051d0                avr_brainwash_string
 .rodata.C.54.1862
                0x00205200       0x10 ../../ecrobot/../ecrobot/libecrobot.a(sensors.oram)
 .rodata.C.58.1896
                0x00205210       0x10 ../../ecrobot/../ecrobot/libecrobot.a(sensors.oram)
 .rodata.str1.1
                0x00205220       0x21 ../../ecrobot/../ecrobot/libecrobot.a(flash_loader.oram)
 *fill*         0x00205241        0x7 00
 .rodata.str1.1.stub
                0x00205248       0x10 linker stubs
                0x00205260                . = ALIGN (0x10)
 *fill*         0x00205258        0x8 00
                0x002022c0                __ramtext_ram_start__ = ADDR (.ram_text)
                0x00205260                __ramtext_ram_end__ = (ADDR (.ram_text) + SIZEOF (.ram_text))
                0x002022c0                __ramtext_load_start__ = LOADADDR (.ram_text)
                0x00205260                __ramtext_load_end__ = (__ramtext_load_start__ + SIZEOF (.ram_text))

.wav_data       0x00205260        0x0
 *.owav(*.data *.data.*)
                0x00205260                . = ALIGN (0x10)

.bmp_data       0x00205260      0x440
 *.obmp(*.data *.data.*)
 .data          0x00205260      0x43e ../../ecrobot/../ecrobot/libecrobot.a(nxtosek_splash.obmp)
                0x00205260                nxtosek_splash_bmp_start
                0x0020569e                nxtosek_splash_bmp_end
                0x002056a0                . = ALIGN (0x10)
 *fill*         0x0020569e        0x2 00

.spr_data       0x002056a0        0x0
 *.ospr(*.data *.data.*)
                0x002056a0                . = ALIGN (0x10)

.data           0x002056a0       0x70
 *(*.data *.data.*)
 .data.bt_status
                0x002056a0        0x1 build/ecrobot_bluetooth.o
 *fill*         0x002056a1        0x3 00
 .data.distance_state
                0x002056a4       0x10 ../../ecrobot/../ecrobot/libecrobot.a(ecrobot_interface.o)
 .data.deviceStatus
                0x002056b4        0x1 ../../ecrobot/../ecrobot/libecrobot.a(ecrobot_interface.o)
 *fill*         0x002056b5        0x3 00
 .data.named    0x002056b8       0x24 ../../ecrobot/../ecrobot/libecrobot.a(udp.oram)
 .data.snd      0x002056dc       0x1c ../../ecrobot/../ecrobot/libecrobot.a(udp.oram)
 .data.configured
                0x002056f8        0x4 ../../ecrobot/../ecrobot/libecrobot.a(udp.oram)
 .bss.data      0x002056fc        0x4 ../../ecrobot/../ecrobot/libecrobot.a(nxt_spi.oram)
                0x002056fc                data
 .data.mode     0x00205700        0x1 ../../ecrobot/../ecrobot/libecrobot.a(nxt_spi.oram)
                0x00205700                mode
 *fill*         0x00205701        0x3 00
 .data.display_auto_update
                0x00205704        0x4 ../../ecrobot/../ecrobot/libecrobot.a(display.oram)
                0x00205704                display_auto_update
                0x00205710                . = ALIGN (0x10)
 *fill*         0x00205708        0x8 00
                0x002056a0                __data_ram_start__ = ADDR (.data)
                0x00205710                __data_ram_end__ = (ADDR (.data) + SIZEOF (.data))
                0x002056a0                __data_load_start__ = LOADADDR (.data)
                0x00205710                __data_load_end__ = (__data_load_start__ + SIZEOF (.data))

.text           0x00205710      0xd70
                0x00205710                . = ALIGN (0x10)
 *(*.text *.text.* *.glue*)
 .glue_7        0x00205710       0x18 linker stubs
                0x00205710                __call_posttaskhook_from_arm
                0x0020571c                __call_pretaskhook_from_arm
 .glue_7t       0x00000000        0x0 linker stubs
 .text.StartOS  0x00205728       0x58 build/kernel/osctl.o
                0x00205728                StartOS
 .text.call_pretaskhook
                0x00205780       0x24 build/kernel/osctl.o
                0x00205780                call_pretaskhook
 .text.call_posttaskhook
                0x002057a4       0x24 build/kernel/osctl.o
                0x002057a4                call_posttaskhook
 .text.make_runnable
                0x002057c8       0xa4 build/kernel/task.o
                0x002057c8                make_runnable
 .text.make_active
                0x0020586c       0x78 build/kernel/task.o
                0x0020586c                make_active
 .text.task_initialize
                0x002058e4       0x88 build/kernel/task.o
                0x002058e4                task_initialize
 .text.cpu_initialize
                0x0020596c        0x4 build/config/at91sam7s-gnu/cpu_config.o
                0x0020596c                cpu_initialize
 .text.sys_initialize
                0x00205970        0x4 build/config/at91sam7s-gnu/lego_nxt/sys_config.o
                0x00205970                sys_initialize
 .text.object_initialize
                0x00205974        0xc build/./kernel_cfg.o
                0x00205974                object_initialize
 .text.ecrobot_get_bt_status
                0x00205980        0xc build/ecrobot_bluetooth.o
                0x00205980                ecrobot_get_bt_status
 .text.init_OS_flag
                0x0020598c        0xc build/ecrobot_base.o
                0x0020598c                init_OS_flag
 .text.set_OS_flag
                0x00205998        0xc build/ecrobot_base.o
                0x00205998                set_OS_flag
 .text.get_OS_flag
                0x002059a4        0xc build/ecrobot_base.o
                0x002059a4                get_OS_flag
 .text.cpp_constructor
                0x002059b0       0x28 build/ecrobot_base.o
                0x002059b0                cpp_constructor
 .text.cpp_destructor
                0x002059d8       0x28 build/ecrobot_base.o
                0x002059d8                cpp_destructor
 .text.execution_mode
                0x00205a00       0x14 build/ecrobot_base.o
                0x00205a00                execution_mode
 .text.shutdown_NXT
                0x00205a14       0x2c build/ecrobot_base.o
                0x00205a14                shutdown_NXT
 .text.restart_NXT
                0x00205a40       0x2c build/ecrobot_base.o
                0x00205a40                restart_NXT
 .text.check_NXT_buttons
                0x00205a6c       0x38 build/ecrobot_base.o
                0x00205a6c                check_NXT_buttons
 .text.add_status_info
                0x00205aa4       0x68 build/ecrobot_base.o
                0x00205aa4                add_status_info
 .text.show_main_screen
                0x00205b0c       0x48 build/ecrobot_base.o
                0x00205b0c                show_main_screen
 .text.display_status_bar
                0x00205b54       0x5c build/ecrobot_base.o
                0x00205b54                display_status_bar
 .text.show_splash_screen
                0x00205bb0       0x98 build/ecrobot_base.o
                0x00205bb0                show_splash_screen
 .text.main     0x00205c48      0x108 build/ecrobot.o
                0x00205c48                main
 .text.user_1ms_isr_type2
                0x00205d50        0x4 build/helloworld.o
                0x00205d50                user_1ms_isr_type2
 .text.TaskMainOSEK_Task_Background
                0x00205d54       0x18 build/helloworld.o
                0x00205d54                TaskMainOSEK_Task_Background
 .text.ecrobot_device_initialize
                0x00205d6c        0x4 ../../ecrobot/../ecrobot/libecrobot.a(ecrobot_device_hook.o)
                0x00205d6c                ecrobot_device_initialize
 .text.ecrobot_device_terminate
                0x00205d70        0x4 ../../ecrobot/../ecrobot/libecrobot.a(ecrobot_device_hook.o)
                0x00205d70                ecrobot_device_terminate
 .text.ecrobot_get_battery_voltage
                0x00205d74        0xc ../../ecrobot/../ecrobot/libecrobot.a(ecrobot_interface.o)
                0x00205d74                ecrobot_get_battery_voltage
 .text.ecrobot_get_button_state
                0x00205d80        0xc ../../ecrobot/../ecrobot/libecrobot.a(ecrobot_interface.o)
                0x00205d80                ecrobot_get_button_state
 .text.ecrobot_setDeviceInitialized
                0x00205d8c       0x14 ../../ecrobot/../ecrobot/libecrobot.a(ecrobot_interface.o)
                0x00205d8c                ecrobot_setDeviceInitialized
 .text.ecrobot_initDeviceStatus
                0x00205da0        0xc ../../ecrobot/../ecrobot/libecrobot.a(ecrobot_interface.o)
                0x00205da0                ecrobot_initDeviceStatus
 .text.ecrobot_bmp2lcd
                0x00205dac      0x1b4 ../../ecrobot/../ecrobot/libecrobot.a(ecrobot_interface.o)
                0x00205dac                ecrobot_bmp2lcd
 .text.ecrobot_status_monitor
                0x00205f60      0x148 ../../ecrobot/../ecrobot/libecrobot.a(ecrobot_interface.o)
                0x00205f60                ecrobot_status_monitor
 .text.ecrobot_poll_nxtstate
                0x002060a8       0x68 ../../ecrobot/../ecrobot/libecrobot.a(ecrobot_interface.o)
                0x002060a8                ecrobot_poll_nxtstate
 .text.ecrobot_init_nxtstate
                0x00206110       0x28 ../../ecrobot/../ecrobot/libecrobot.a(ecrobot_interface.o)
                0x00206110                ecrobot_init_nxtstate
 .text.StartupHook
                0x00206138        0x4 ../../ecrobot/../ecrobot/libecrobot.a(osek_hook.o)
                0x00206138                StartupHook
 .text.PreTaskHook
                0x0020613c        0x4 ../../ecrobot/../ecrobot/libecrobot.a(osek_hook.o)
                0x0020613c                PreTaskHook
 .text.PostTaskHook
                0x00206140        0x4 ../../ecrobot/../ecrobot/libecrobot.a(osek_hook.o)
                0x00206140                PostTaskHook
 .text          0x00206144       0x8c /home/adrian/lego/lego-arm/gnuarm/bin/../lib/gcc/arm-elf/4.4.2/thumb/interwork/libgcc.a(_udivsi3.o)
                0x00206144                __udivsi3
                0x00206144                __aeabi_uidiv
                0x002061c0                __aeabi_uidivmod
 .text          0x002061d0       0xc8 /home/adrian/lego/lego-arm/gnuarm/bin/../lib/gcc/arm-elf/4.4.2/thumb/interwork/libgcc.a(_umodsi3.o)
                0x002061d0                __umodsi3
 .text          0x00206298        0x4 /home/adrian/lego/lego-arm/gnuarm/bin/../lib/gcc/arm-elf/4.4.2/thumb/interwork/libgcc.a(_dvmd_tls.o)
                0x00206298                __aeabi_ldiv0
                0x00206298                __div0
                0x00206298                __aeabi_idiv0
 .text          0x0020629c       0x94 /home/adrian/lego/lego-arm/gnuarm/bin/../lib/gcc/arm-elf/4.4.2/../../../../arm-elf/lib/thumb/interwork/libc.a(lib_a-memset.o)
                0x0020629c                memset
 .text          0x00206330       0x10 /home/adrian/lego/lego-arm/gnuarm/bin/../lib/gcc/arm-elf/4.4.2/../../../../arm-elf/lib/thumb/interwork/libc.a(lib_a-strcpy.o)
                0x00206330                strcpy
 .text          0x00206340       0x10 /home/adrian/lego/lego-arm/gnuarm/bin/../lib/gcc/arm-elf/4.4.2/../../../../arm-elf/lib/thumb/interwork/libc.a(lib_a-strlen.o)
                0x00206340                strlen
                0x00206350                . = ALIGN (0x10)
 *(*.rodata *.rodata.*)
 .rodata.tnum_task
                0x00206350        0x1 build/./kernel_cfg.o
                0x00206350                tnum_task
 *fill*         0x00206351        0x3 00
 .rodata.tinib_stksz
                0x00206354        0x4 build/./kernel_cfg.o
                0x00206354                tinib_stksz
 .rodata.tinib_inipri
                0x00206358        0x4 build/./kernel_cfg.o
                0x00206358                tinib_inipri
 .rodata.tinib_stk
                0x0020635c        0x4 build/./kernel_cfg.o
                0x0020635c                tinib_stk
 .rodata.tnum_exttask
                0x00206360        0x1 build/./kernel_cfg.o
                0x00206360                tnum_exttask
 *fill*         0x00206361        0x3 00
 .rodata.tinib_exepri
                0x00206364        0x4 build/./kernel_cfg.o
                0x00206364                tinib_exepri
 .rodata.tinib_autoact
                0x00206368        0x4 build/./kernel_cfg.o
                0x00206368                tinib_autoact
 .rodata.tinib_task
                0x0020636c        0x4 build/./kernel_cfg.o
                0x0020636c                tinib_task
 .rodata.str1.1
                0x00206370       0x6c build/ecrobot_base.o
 .rodata.exec_addr
                0x002063dc        0x4 build/ecrobot_base.o
                0x002063dc                exec_addr
 .rodata.str1.1
                0x002063e0       0x11 build/helloworld.o
 .rodata.str1.1
                0x002063f1       0x61 ../../ecrobot/../ecrobot/libecrobot.a(ecrobot_interface.o)
                                 0x6d (size before relaxing)
 *fill*         0x00206452        0x6 00
 .rodata.str1.1.stub
                0x00206458       0x20 linker stubs
                0x00206480                . = ALIGN (0x10)
 *fill*         0x00206478        0x8 00
 *(*.gnu.linkonce.* .gcc_except_table)
                0x00206480                . = ALIGN (0x10)

.vfp11_veneer   0x00205710        0x0
 .vfp11_veneer  0x00000000        0x0 linker stubs

.v4_bx          0x00205710        0x0
 .v4_bx         0x00000000        0x0 linker stubs

.tors           0x00206480        0x0
                0x00206480                . = ALIGN (0x10)
                0x00206480                __ctor_begin = .
 *(*.ctors*)
                0x00206480                __ctor_end = .
                0x00206480                . = ALIGN (0x10)
                0x00206480                __dtor_begin = .
 *(*.dtors*)
                0x00206480                __dtor_end = .
                0x00206480                . = ALIGN (0x10)

.bss            0x00206480     0x103c
 *(*.bss *.bss.*)
 .bss.ready_queue_first
                0x00206480       0x10 build/kernel/task.o
 .bss.ready_primap
                0x00206490        0x2 build/kernel/task.o
 *fill*         0x00206492        0x2 00
 .bss.ready_queue_last
                0x00206494       0x10 build/kernel/task.o
 .bss._stack_OSEK_Task_Background
                0x002064a4      0x200 build/./kernel_cfg.o
 .bss.last_act_time.2836
                0x002066a4        0x4 build/ecrobot_base.o
 .bss.status_bar_position
                0x002066a8        0x4 build/ecrobot_base.o
 .bss.lcd.2758  0x002066ac      0x320 build/ecrobot_base.o
 .bss.status_bar
                0x002069cc       0x10 build/ecrobot_base.o
 .bss.OS_flag   0x002069dc        0x4 build/ecrobot_base.o
 .bss.ecrobot_inputs
                0x002069e0        0x8 ../../ecrobot/../ecrobot/libecrobot.a(ecrobot_interface.o)
 .bss.buttons_states
                0x002069e8       0x14 ../../ecrobot/../ecrobot/libecrobot.a(ecrobot_interface.o)
 .bss.buttons_i
                0x002069fc        0x4 ../../ecrobot/../ecrobot/libecrobot.a(ecrobot_interface.o)
 .bss.systick_ms
                0x00206a00        0x4 ../../ecrobot/../ecrobot/libecrobot.a(systick.oram)
 .bss.newAddress
                0x00206a04        0x4 ../../ecrobot/../ecrobot/libecrobot.a(udp.oram)
 .bss.outCnt    0x00206a08        0x4 ../../ecrobot/../ecrobot/libecrobot.a(udp.oram)
 .bss.currentConfig
                0x00206a0c        0x1 ../../ecrobot/../ecrobot/libecrobot.a(udp.oram)
 *fill*         0x00206a0d        0x3 00
 .bss.outPtr    0x00206a10        0x4 ../../ecrobot/../ecrobot/libecrobot.a(udp.oram)
 .bss.currentFeatures
                0x00206a14        0x4 ../../ecrobot/../ecrobot/libecrobot.a(udp.oram)
 .bss.delayedEnable
                0x00206a18        0x1 ../../ecrobot/../ecrobot/libecrobot.a(udp.oram)
 *fill*         0x00206a19        0x3 00
 .bss.currentRxBank
                0x00206a1c        0x4 ../../ecrobot/../ecrobot/libecrobot.a(udp.oram)
 .bss.twi_state
                0x00206a20        0x4 ../../ecrobot/../ecrobot/libecrobot.a(twi.oram)
 .bss.twi_ptr   0x00206a24        0x4 ../../ecrobot/../ecrobot/libecrobot.a(twi.oram)
 .bss.twi_pending
                0x00206a28        0x4 ../../ecrobot/../ecrobot/libecrobot.a(twi.oram)
 .bss.twi_mask  0x00206a2c        0x4 ../../ecrobot/../ecrobot/libecrobot.a(twi.oram)
 .bss.dirty     0x00206a30        0x1 ../../ecrobot/../ecrobot/libecrobot.a(nxt_spi.oram)
                0x00206a30                dirty
 .bss.page      0x00206a31        0x1 ../../ecrobot/../ecrobot/libecrobot.a(nxt_spi.oram)
                0x00206a31                page
 *fill*         0x00206a32        0x2 00
 .bss.display   0x00206a34        0x4 ../../ecrobot/../ecrobot/libecrobot.a(nxt_spi.oram)
                0x00206a34                display
 .bss.motor     0x00206a38       0x30 ../../ecrobot/../ecrobot/libecrobot.a(nxt_motors.oram)
 .bss.nxt_motor_initialised
                0x00206a68        0x4 ../../ecrobot/../ecrobot/libecrobot.a(nxt_motors.oram)
 .bss.interrupts_this_period
                0x00206a6c        0x4 ../../ecrobot/../ecrobot/libecrobot.a(nxt_motors.oram)
 .bss.display_array
                0x00206a70      0x388 ../../ecrobot/../ecrobot/libecrobot.a(display.oram)
 .bss.display_tick
                0x00206df8        0x4 ../../ecrobot/../ecrobot/libecrobot.a(display.oram)
                0x00206df8                display_tick
 .bss.i2c_port  0x00206dfc      0x170 ../../ecrobot/../ecrobot/libecrobot.a(i2c.oram)
 .bss.i2c_int_count
                0x00206f6c        0x4 ../../ecrobot/../ecrobot/libecrobot.a(i2c.oram)
 .bss.sound_mode
                0x00206f70        0x1 ../../ecrobot/../ecrobot/libecrobot.a(sound.oram)
                0x00206f70                sound_mode
 *fill*         0x00206f71        0x3 00
 .bss.in_buf    0x00206f74      0x100 ../../ecrobot/../ecrobot/libecrobot.a(bt.oram)
 .bss.out_buf_ptr
                0x00207074        0x1 ../../ecrobot/../ecrobot/libecrobot.a(bt.oram)
 *fill*         0x00207075        0x3 00
 .bss.buf_ptr   0x00207078        0x4 ../../ecrobot/../ecrobot/libecrobot.a(bt.oram)
 .bss.in_buf_in_ptr
                0x0020707c        0x1 ../../ecrobot/../ecrobot/libecrobot.a(bt.oram)
 *fill*         0x0020707d        0x3 00
 .bss.in_buf_idx
                0x00207080        0x4 ../../ecrobot/../ecrobot/libecrobot.a(bt.oram)
 .bss.update_count
                0x00207084        0x4 ../../ecrobot/../ecrobot/libecrobot.a(nxt_avr.oram)
 .bss.debounce_state
                0x00207088        0x2 ../../ecrobot/../ecrobot/libecrobot.a(nxt_avr.oram)
 .bss.button_state
                0x0020708a        0x2 ../../ecrobot/../ecrobot/libecrobot.a(nxt_avr.oram)
 .bss.from_buf  0x0020708c        0x4 ../../ecrobot/../ecrobot/libecrobot.a(nxt_avr.oram)
 .bss.io_from_avr
                0x00207090        0x4 ../../ecrobot/../ecrobot/libecrobot.a(nxt_avr.oram)
 .bss.data_from_avr
                0x00207094       0x1c ../../ecrobot/../ecrobot/libecrobot.a(nxt_avr.oram)
 .bss.debounce_cnt
                0x002070b0        0x2 ../../ecrobot/../ecrobot/libecrobot.a(nxt_avr.oram)
 *fill*         0x002070b2        0x2 00
 .bss.nxt_avr_stats
                0x002070b4       0x14 ../../ecrobot/../ecrobot/libecrobot.a(nxt_avr.oram)
 .bss.link_state
                0x002070c8        0x4 ../../ecrobot/../ecrobot/libecrobot.a(nxt_avr.oram)
 .bss.io_to_avr
                0x002070cc        0x8 ../../ecrobot/../ecrobot/libecrobot.a(nxt_avr.oram)
 .bss.prev_buttons
                0x002070d4        0x2 ../../ecrobot/../ecrobot/libecrobot.a(nxt_avr.oram)
 *fill*         0x002070d6        0x2 00
 .bss.data_to_avr
                0x002070d8        0xc ../../ecrobot/../ecrobot/libecrobot.a(nxt_avr.oram)
 .bss.display   0x002070e4        0x4 ../../ecrobot/../ecrobot/libecrobot.a(nxt_lcd.oram)
                0x002070f0                . = ALIGN (0x10)
 *fill*         0x002070e8        0x8 00
                0x002070f0                __bss_end__ = .
 COMMON         0x002070f0        0x2 build/kernel/interrupt.o
                0x002070f0                runisr
                0x002070f1                sus_all_cnt
 *fill*         0x002070f2        0x2 00
 COMMON         0x002070f4       0x10 build/kernel/osctl.o
                0x002070f4                callevel
                0x002070f5                _errorhook_svcid
                0x002070f6                appmode
                0x002070f8                _errorhook_par1
                0x002070fc                _errorhook_par3
                0x00207100                _errorhook_par2
 COMMON         0x00207104        0x3 build/kernel/task.o
                0x00207104                runtsk
                0x00207105                schedtsk
                0x00207106                nextpri
 *fill*         0x00207107        0x1 00
 COMMON         0x00207108       0x48 build/./kernel_cfg.o
                0x00207108                tcb_waievt
                0x0020710c                rescb_prevpri
                0x00207110                almcb_prev
                0x00207114                tcb_lastres
                0x00207118                almcb_almval
                0x0020711c                tcxb_pc
                0x00207120                tcb_next
                0x00207124                tcb_curpri
                0x00207128                tcb_tstat
                0x0020712c                isrcb_lastres
                0x00207130                cntcb_almque
                0x00207134                rescb_prevres
                0x00207138                tcb_actcnt
                0x0020713c                tcb_curevt
                0x00207140                almcb_cycle
                0x00207144                tcxb_sp
                0x00207148                almcb_next
                0x0020714c                cntcb_curval
 COMMON         0x00207150       0x44 ../../ecrobot/../ecrobot/libecrobot.a(uart.oram)
                0x00207150                uart
 COMMON         0x00207194        0x4 ../../ecrobot/../ecrobot/libecrobot.a(data_abort.oram)
                0x00207194                data_abort_pc
 COMMON         0x00207198        0x8 ../../ecrobot/../ecrobot/libecrobot.a(display.oram)
                0x00207198                display_x
                0x0020719c                display_y
 COMMON         0x002071a0      0x31c ../../ecrobot/../ecrobot/libecrobot.a(sound.oram)
                0x002071a0                sample
                0x00206480                __bss_start__ = ADDR (.bss)
                0x002074bc                __bss_end__ = (ADDR (.bss) + SIZEOF (.bss))
                0x002074bc                PROVIDE (end, .)

.heap_area      0x002074bc     0x86bc
                0x0020fb78                . = (. + (0x20fb78 - end))
 *fill*         0x002074bc     0x86bc 00

.stack          0x0020fb78      0x488
                0x0020fbf8                . = (. + 0x80)
 *fill*         0x0020fb78       0x80 00
                0x0020fc00                . = ALIGN (0x10)
 *fill*         0x0020fbf8        0x8 00
                0x0020fc00                __irq_stack__ = .
                0x0020fc00                __system_stack_bottom__ = .
                0x00210000                . = (. + 0x400)
 *fill*         0x0020fc00      0x400 00
                0x00210000                . = ALIGN (0x10)
                0x00210000                __system_stack__ = .
                0x00210000                __system_stack_top__ = .
                0x0020fb78                __stack_start__ = ADDR (.stack)
                0x00210000                __stack_end__ = (ADDR (.stack) + SIZEOF (.stack))
OUTPUT(helloworld_OSEK_ram.elf elf32-littlearm)

.comment        0x00000000       0x11
 .comment       0x00000000       0x11 build/kernel/alarm.o
                                 0x12 (size before relaxing)
 .comment       0x00000000       0x12 build/kernel/event.o
 .comment       0x00000000       0x12 build/kernel/interrupt.o
 .comment       0x00000000       0x12 build/kernel/osctl.o
 .comment       0x00000000       0x12 build/kernel/resource.o
 .comment       0x00000000       0x12 build/kernel/task.o
 .comment       0x00000000       0x12 build/kernel/task_manage.o
 .comment       0x00000000       0x12 build/config/at91sam7s-gnu/cpu_config.o
 .comment       0x00000000       0x12 build/config/at91sam7s-gnu/lego_nxt/sys_config.o
 .comment       0x00000000       0x12 build/./kernel_cfg.o
 .comment       0x00000000       0x12 build/syscalls.o
 .comment       0x00000000       0x12 build/ecrobot_bluetooth.o
 .comment       0x00000000       0x12 build/ecrobot_base.o
 .comment       0x00000000       0x12 build/ecrobot.o
 .comment       0x00000000       0x12 build/helloworld.o
 .comment       0x00000000       0x12 build/syslib/at91sam7s-gnu/lego_nxt/hw_sys_timer.oram
 .comment       0x00000000       0x12 ../../ecrobot/../ecrobot/libecrobot.a(ecrobot_device_hook.o)
 .comment       0x00000000       0x12 ../../ecrobot/../ecrobot/libecrobot.a(ecrobot_interface.o)
 .comment       0x00000000       0x12 ../../ecrobot/../ecrobot/libecrobot.a(colorsensor.o)
 .comment       0x00000000       0x12 ../../ecrobot/../ecrobot/libecrobot.a(osek_hook.o)
 .comment       0x00000000       0x12 ../../ecrobot/../ecrobot/libecrobot.a(uart.oram)
 .comment       0x00000000       0x12 ../../ecrobot/../ecrobot/libecrobot.a(systick.oram)
 .comment       0x00000000       0x12 ../../ecrobot/../ecrobot/libecrobot.a(byte_fifo.oram)
 .comment       0x00000000       0x12 ../../ecrobot/../ecrobot/libecrobot.a(aic.oram)
 .comment       0x00000000       0x12 ../../ecrobot/../ecrobot/libecrobot.a(udp.oram)
 .comment       0x00000000       0x12 ../../ecrobot/../ecrobot/libecrobot.a(twi.oram)
 .comment       0x00000000       0x12 ../../ecrobot/../ecrobot/libecrobot.a(nxt_spi.oram)
 .comment       0x00000000       0x12 ../../ecrobot/../ecrobot/libecrobot.a(nxt_motors.oram)
 .comment       0x00000000       0x12 ../../ecrobot/../ecrobot/libecrobot.a(data_abort.oram)
 .comment       0x00000000       0x12 ../../ecrobot/../ecrobot/libecrobot.a(display.oram)
 .comment       0x00000000       0x12 ../../ecrobot/../ecrobot/libecrobot.a(i2c.oram)
 .comment       0x00000000       0x12 ../../ecrobot/../ecrobot/libecrobot.a(sound.oram)
 .comment       0x00000000       0x12 ../../ecrobot/../ecrobot/libecrobot.a(bt.oram)
 .comment       0x00000000       0x12 ../../ecrobot/../ecrobot/libecrobot.a(nxt_avr.oram)
 .comment       0x00000000       0x12 ../../ecrobot/../ecrobot/libecrobot.a(sensors.oram)
 .comment       0x00000000       0x12 ../../ecrobot/../ecrobot/libecrobot.a(sensors1.oram)
 .comment       0x00000000       0x12 ../../ecrobot/../ecrobot/libecrobot.a(nxt_lcd.oram)
 .comment       0x00000000       0x12 ../../ecrobot/../ecrobot/libecrobot.a(flash_loader.oram)
 .comment       0x00000000       0x12 ../../ecrobot/../ecrobot/libecrobot.a(ecrobot_usb.o)
 .comment       0x00000000       0x12 ../../ecrobot/../ecrobot/libecrobot.a(flashprog.oram)
 .comment       0x00000000       0x12 /home/adrian/lego/lego-arm/gnuarm/bin/../lib/gcc/arm-elf/4.4.2/thumb/interwork/libgcc.a(_muldi3.o)
 .comment       0x00000000       0x12 /home/adrian/lego/lego-arm/gnuarm/bin/../lib/gcc/arm-elf/4.4.2/thumb/interwork/libgcc.a(_divdi3.o)
 .comment       0x00000000       0x12 /home/adrian/lego/lego-arm/gnuarm/bin/../lib/gcc/arm-elf/4.4.2/../../../../arm-elf/lib/thumb/interwork/libc.a(lib_a-memcpy.o)
 .comment       0x00000000       0x12 /home/adrian/lego/lego-arm/gnuarm/bin/../lib/gcc/arm-elf/4.4.2/../../../../arm-elf/lib/thumb/interwork/libc.a(lib_a-memset.o)
 .comment       0x00000000       0x12 /home/adrian/lego/lego-arm/gnuarm/bin/../lib/gcc/arm-elf/4.4.2/../../../../arm-elf/lib/thumb/interwork/libc.a(lib_a-strcmp.o)
 .comment       0x00000000       0x12 /home/adrian/lego/lego-arm/gnuarm/bin/../lib/gcc/arm-elf/4.4.2/../../../../arm-elf/lib/thumb/interwork/libc.a(lib_a-strcpy.o)
 .comment       0x00000000       0x12 /home/adrian/lego/lego-arm/gnuarm/bin/../lib/gcc/arm-elf/4.4.2/../../../../arm-elf/lib/thumb/interwork/libc.a(lib_a-strlen.o)
 .comment       0x00000000       0x12 /home/adrian/lego/lego-arm/gnuarm/bin/../lib/gcc/arm-elf/4.4.2/../../../../arm-elf/lib/thumb/interwork/libc.a(lib_a-strncpy.o)

.ARM.attributes
                0x00000000       0x10
 .ARM.attributes
                0x00000000       0x10 build/kernel/alarm.o
 .ARM.attributes
                0x00000010       0x10 build/kernel/event.o
 .ARM.attributes
                0x00000020       0x10 build/kernel/interrupt.o
 .ARM.attributes
                0x00000030       0x10 build/kernel/osctl.o
 .ARM.attributes
                0x00000040       0x10 build/kernel/resource.o
 .ARM.attributes
                0x00000050       0x10 build/kernel/task.o
 .ARM.attributes
                0x00000060       0x10 build/kernel/task_manage.o
 .ARM.attributes
                0x00000070       0x10 build/config/at91sam7s-gnu/cpu_config.o
 .ARM.attributes
                0x00000080       0x10 build/config/at91sam7s-gnu/lego_nxt/sys_config.o
 .ARM.attributes
                0x00000090       0x10 build/./kernel_cfg.o
 .ARM.attributes
                0x000000a0       0x10 build/syscalls.o
 .ARM.attributes
                0x000000b0       0x10 build/ecrobot_bluetooth.o
 .ARM.attributes
                0x000000c0       0x10 build/ecrobot_base.o
 .ARM.attributes
                0x000000d0       0x10 build/ecrobot.o
 .ARM.attributes
                0x000000e0       0x10 build/helloworld.o
 .ARM.attributes
                0x000000f0       0x10 build/syslib/at91sam7s-gnu/lego_nxt/hw_sys_timer.oram
 .ARM.attributes
                0x00000100       0x10 build/nxtvm/platform/nxt/vectors.o
 .ARM.attributes
                0x00000110       0x10 build/config/at91sam7s-gnu/debug.o
 .ARM.attributes
                0x00000120       0x10 build/config/at91sam7s-gnu/lego_nxt/sys_support.o
 .ARM.attributes
                0x00000130       0x10 build/nxt_binary_header.o
 .ARM.attributes
                0x00000140       0x10 build/nxt_entry_point.o
 .ARM.attributes
                0x00000150       0x10 build/ecrobot_init.o
 .ARM.attributes
                0x00000160       0x10 build/config/at91sam7s-gnu/cpu_support.oram
 .ARM.attributes
                0x00000170       0x10 build/config/at91sam7s-gnu/irq.oram
 .ARM.attributes
                0x00000180       0x10 ../../ecrobot/../ecrobot/libecrobot.a(ecrobot_device_hook.o)
 .ARM.attributes
                0x00000190       0x10 ../../ecrobot/../ecrobot/libecrobot.a(ecrobot_interface.o)
 .ARM.attributes
                0x000001a0       0x10 ../../ecrobot/../ecrobot/libecrobot.a(colorsensor.o)
 .ARM.attributes
                0x000001b0       0x10 ../../ecrobot/../ecrobot/libecrobot.a(osek_hook.o)
 .ARM.attributes
                0x000001c0       0x10 ../../ecrobot/../ecrobot/libecrobot.a(uart.oram)
 .ARM.attributes
                0x000001d0       0x10 ../../ecrobot/../ecrobot/libecrobot.a(systick.oram)
 .ARM.attributes
                0x000001e0       0x10 ../../ecrobot/../ecrobot/libecrobot.a(byte_fifo.oram)
 .ARM.attributes
                0x000001f0       0x10 ../../ecrobot/../ecrobot/libecrobot.a(aic.oram)
 .ARM.attributes
                0x00000200       0x10 ../../ecrobot/../ecrobot/libecrobot.a(udp.oram)
 .ARM.attributes
                0x00000210       0x10 ../../ecrobot/../ecrobot/libecrobot.a(twi.oram)
 .ARM.attributes
                0x00000220       0x10 ../../ecrobot/../ecrobot/libecrobot.a(nxt_spi.oram)
 .ARM.attributes
                0x00000230       0x10 ../../ecrobot/../ecrobot/libecrobot.a(nxt_motors.oram)
 .ARM.attributes
                0x00000240       0x10 ../../ecrobot/../ecrobot/libecrobot.a(data_abort.oram)
 .ARM.attributes
                0x00000250       0x10 ../../ecrobot/../ecrobot/libecrobot.a(display.oram)
 .ARM.attributes
                0x00000260       0x10 ../../ecrobot/../ecrobot/libecrobot.a(i2c.oram)
 .ARM.attributes
                0x00000270       0x10 ../../ecrobot/../ecrobot/libecrobot.a(sound.oram)
 .ARM.attributes
                0x00000280       0x10 ../../ecrobot/../ecrobot/libecrobot.a(bt.oram)
 .ARM.attributes
                0x00000290       0x10 ../../ecrobot/../ecrobot/libecrobot.a(nxt_avr.oram)
 .ARM.attributes
                0x000002a0       0x10 ../../ecrobot/../ecrobot/libecrobot.a(sensors.oram)
 .ARM.attributes
                0x000002b0       0x10 ../../ecrobot/../ecrobot/libecrobot.a(sensors1.oram)
 .ARM.attributes
                0x000002c0       0x10 ../../ecrobot/../ecrobot/libecrobot.a(nxt_lcd.oram)
 .ARM.attributes
                0x000002d0       0x10 ../../ecrobot/../ecrobot/libecrobot.a(flash_loader.oram)
 .ARM.attributes
                0x000002e0       0x10 ../../ecrobot/../ecrobot/libecrobot.a(interrupts.oram)
 .ARM.attributes
                0x000002f0       0x10 ../../ecrobot/../ecrobot/libecrobot.a(ecrobot_usb.o)
 .ARM.attributes
                0x00000300       0x10 ../../ecrobot/../ecrobot/libecrobot.a(flashprog.oram)
 .ARM.attributes
                0x00000310       0x10 /home/adrian/lego/lego-arm/gnuarm/bin/../lib/gcc/arm-elf/4.4.2/thumb/interwork/libgcc.a(_udivsi3.o)
 .ARM.attributes
                0x00000320       0x10 /home/adrian/lego/lego-arm/gnuarm/bin/../lib/gcc/arm-elf/4.4.2/thumb/interwork/libgcc.a(_divsi3.o)
 .ARM.attributes
                0x00000330       0x10 /home/adrian/lego/lego-arm/gnuarm/bin/../lib/gcc/arm-elf/4.4.2/thumb/interwork/libgcc.a(_umodsi3.o)
 .ARM.attributes
                0x00000340       0x10 /home/adrian/lego/lego-arm/gnuarm/bin/../lib/gcc/arm-elf/4.4.2/thumb/interwork/libgcc.a(_modsi3.o)
 .ARM.attributes
                0x00000350       0x10 /home/adrian/lego/lego-arm/gnuarm/bin/../lib/gcc/arm-elf/4.4.2/thumb/interwork/libgcc.a(_dvmd_tls.o)
 .ARM.attributes
                0x00000360       0x10 /home/adrian/lego/lego-arm/gnuarm/bin/../lib/gcc/arm-elf/4.4.2/thumb/interwork/libgcc.a(_arm_addsubdf3.o)
 .ARM.attributes
                0x00000370       0x10 /home/adrian/lego/lego-arm/gnuarm/bin/../lib/gcc/arm-elf/4.4.2/thumb/interwork/libgcc.a(_arm_muldivdf3.o)
 .ARM.attributes
                0x00000380       0x10 /home/adrian/lego/lego-arm/gnuarm/bin/../lib/gcc/arm-elf/4.4.2/thumb/interwork/libgcc.a(_arm_cmpdf2.o)
 .ARM.attributes
                0x00000390       0x10 /home/adrian/lego/lego-arm/gnuarm/bin/../lib/gcc/arm-elf/4.4.2/thumb/interwork/libgcc.a(_muldi3.o)
 .ARM.attributes
                0x000003a0       0x10 /home/adrian/lego/lego-arm/gnuarm/bin/../lib/gcc/arm-elf/4.4.2/thumb/interwork/libgcc.a(_divdi3.o)
 .ARM.attributes
                0x000003b0       0x10 /home/adrian/lego/lego-arm/gnuarm/bin/../lib/gcc/arm-elf/4.4.2/thumb/interwork/libgcc.a(_clzsi2.o)
 .ARM.attributes
                0x000003c0       0x10 /home/adrian/lego/lego-arm/gnuarm/bin/../lib/gcc/arm-elf/4.4.2/../../../../arm-elf/lib/thumb/interwork/libc.a(lib_a-memcpy.o)
 .ARM.attributes
                0x000003d0       0x10 /home/adrian/lego/lego-arm/gnuarm/bin/../lib/gcc/arm-elf/4.4.2/../../../../arm-elf/lib/thumb/interwork/libc.a(lib_a-memset.o)
 .ARM.attributes
                0x000003e0       0x10 /home/adrian/lego/lego-arm/gnuarm/bin/../lib/gcc/arm-elf/4.4.2/../../../../arm-elf/lib/thumb/interwork/libc.a(lib_a-strcmp.o)
 .ARM.attributes
                0x000003f0       0x10 /home/adrian/lego/lego-arm/gnuarm/bin/../lib/gcc/arm-elf/4.4.2/../../../../arm-elf/lib/thumb/interwork/libc.a(lib_a-strcpy.o)
 .ARM.attributes
                0x00000400       0x10 /home/adrian/lego/lego-arm/gnuarm/bin/../lib/gcc/arm-elf/4.4.2/../../../../arm-elf/lib/thumb/interwork/libc.a(lib_a-strlen.o)
 .ARM.attributes
                0x00000410       0x10 /home/adrian/lego/lego-arm/gnuarm/bin/../lib/gcc/arm-elf/4.4.2/../../../../arm-elf/lib/thumb/interwork/libc.a(lib_a-strncpy.o)
 .ARM.attributes
                0x00000420       0x10 build/nxtvm/platform/nxt/vectors.o

.debug_frame    0x00000000       0xa0
 .debug_frame   0x00000000       0x28 /home/adrian/lego/lego-arm/gnuarm/bin/../lib/gcc/arm-elf/4.4.2/thumb/interwork/libgcc.a(_udivsi3.o)
 .debug_frame   0x00000028       0x28 /home/adrian/lego/lego-arm/gnuarm/bin/../lib/gcc/arm-elf/4.4.2/thumb/interwork/libgcc.a(_divsi3.o)
 .debug_frame   0x00000050       0x28 /home/adrian/lego/lego-arm/gnuarm/bin/../lib/gcc/arm-elf/4.4.2/thumb/interwork/libgcc.a(_umodsi3.o)
 .debug_frame   0x00000078       0x28 /home/adrian/lego/lego-arm/gnuarm/bin/../lib/gcc/arm-elf/4.4.2/thumb/interwork/libgcc.a(_modsi3.o)

.debug_line     0x00000000      0xf5b
 .debug_line    0x00000000       0x96 /home/adrian/lego/lego-arm/gnuarm/bin/../lib/gcc/arm-elf/4.4.2/thumb/interwork/libgcc.a(_udivsi3.o)
 .debug_line    0x00000096       0xa2 /home/adrian/lego/lego-arm/gnuarm/bin/../lib/gcc/arm-elf/4.4.2/thumb/interwork/libgcc.a(_divsi3.o)
 .debug_line    0x00000138       0x8e /home/adrian/lego/lego-arm/gnuarm/bin/../lib/gcc/arm-elf/4.4.2/thumb/interwork/libgcc.a(_umodsi3.o)
 .debug_line    0x000001c6       0x97 /home/adrian/lego/lego-arm/gnuarm/bin/../lib/gcc/arm-elf/4.4.2/thumb/interwork/libgcc.a(_modsi3.o)
 .debug_line    0x0000025d       0x80 /home/adrian/lego/lego-arm/gnuarm/bin/../lib/gcc/arm-elf/4.4.2/thumb/interwork/libgcc.a(_dvmd_tls.o)
 .debug_line    0x000002dd      0x188 /home/adrian/lego/lego-arm/gnuarm/bin/../lib/gcc/arm-elf/4.4.2/thumb/interwork/libgcc.a(_arm_addsubdf3.o)
 .debug_line    0x00000465      0x19d /home/adrian/lego/lego-arm/gnuarm/bin/../lib/gcc/arm-elf/4.4.2/thumb/interwork/libgcc.a(_arm_muldivdf3.o)
 .debug_line    0x00000602       0xca /home/adrian/lego/lego-arm/gnuarm/bin/../lib/gcc/arm-elf/4.4.2/thumb/interwork/libgcc.a(_arm_cmpdf2.o)
 .debug_line    0x000006cc       0x8b /home/adrian/lego/lego-arm/gnuarm/bin/../lib/gcc/arm-elf/4.4.2/thumb/interwork/libgcc.a(_muldi3.o)
 .debug_line    0x00000757       0xec /home/adrian/lego/lego-arm/gnuarm/bin/../lib/gcc/arm-elf/4.4.2/thumb/interwork/libgcc.a(_divdi3.o)
 .debug_line    0x00000843       0x8d /home/adrian/lego/lego-arm/gnuarm/bin/../lib/gcc/arm-elf/4.4.2/thumb/interwork/libgcc.a(_clzsi2.o)
 .debug_line    0x000008d0      0x159 /home/adrian/lego/lego-arm/gnuarm/bin/../lib/gcc/arm-elf/4.4.2/../../../../arm-elf/lib/thumb/interwork/libc.a(lib_a-memcpy.o)
 .debug_line    0x00000a29      0x154 /home/adrian/lego/lego-arm/gnuarm/bin/../lib/gcc/arm-elf/4.4.2/../../../../arm-elf/lib/thumb/interwork/libc.a(lib_a-memset.o)
 .debug_line    0x00000b7d       0xcb /home/adrian/lego/lego-arm/gnuarm/bin/../lib/gcc/arm-elf/4.4.2/../../../../arm-elf/lib/thumb/interwork/libc.a(lib_a-strcmp.o)
 .debug_line    0x00000c48       0xcb /home/adrian/lego/lego-arm/gnuarm/bin/../lib/gcc/arm-elf/4.4.2/../../../../arm-elf/lib/thumb/interwork/libc.a(lib_a-strcpy.o)
 .debug_line    0x00000d13      0x11a /home/adrian/lego/lego-arm/gnuarm/bin/../lib/gcc/arm-elf/4.4.2/../../../../arm-elf/lib/thumb/interwork/libc.a(lib_a-strlen.o)
 .debug_line    0x00000e2d      0x12e /home/adrian/lego/lego-arm/gnuarm/bin/../lib/gcc/arm-elf/4.4.2/../../../../arm-elf/lib/thumb/interwork/libc.a(lib_a-strncpy.o)

.debug_info     0x00000000     0x14ea
 .debug_info    0x00000000       0xc2 /home/adrian/lego/lego-arm/gnuarm/bin/../lib/gcc/arm-elf/4.4.2/thumb/interwork/libgcc.a(_udivsi3.o)
 .debug_info    0x000000c2       0xc2 /home/adrian/lego/lego-arm/gnuarm/bin/../lib/gcc/arm-elf/4.4.2/thumb/interwork/libgcc.a(_divsi3.o)
 .debug_info    0x00000184       0xc2 /home/adrian/lego/lego-arm/gnuarm/bin/../lib/gcc/arm-elf/4.4.2/thumb/interwork/libgcc.a(_umodsi3.o)
 .debug_info    0x00000246       0xc2 /home/adrian/lego/lego-arm/gnuarm/bin/../lib/gcc/arm-elf/4.4.2/thumb/interwork/libgcc.a(_modsi3.o)
 .debug_info    0x00000308       0xc2 /home/adrian/lego/lego-arm/gnuarm/bin/../lib/gcc/arm-elf/4.4.2/thumb/interwork/libgcc.a(_dvmd_tls.o)
 .debug_info    0x000003ca       0xc1 /home/adrian/lego/lego-arm/gnuarm/bin/../lib/gcc/arm-elf/4.4.2/thumb/interwork/libgcc.a(_arm_addsubdf3.o)
 .debug_info    0x0000048b       0xc1 /home/adrian/lego/lego-arm/gnuarm/bin/../lib/gcc/arm-elf/4.4.2/thumb/interwork/libgcc.a(_arm_muldivdf3.o)
 .debug_info    0x0000054c       0xc1 /home/adrian/lego/lego-arm/gnuarm/bin/../lib/gcc/arm-elf/4.4.2/thumb/interwork/libgcc.a(_arm_cmpdf2.o)
 .debug_info    0x0000060d      0x20e /home/adrian/lego/lego-arm/gnuarm/bin/../lib/gcc/arm-elf/4.4.2/thumb/interwork/libgcc.a(_muldi3.o)
 .debug_info    0x0000081b      0x669 /home/adrian/lego/lego-arm/gnuarm/bin/../lib/gcc/arm-elf/4.4.2/thumb/interwork/libgcc.a(_divdi3.o)
 .debug_info    0x00000e84       0xc2 /home/adrian/lego/lego-arm/gnuarm/bin/../lib/gcc/arm-elf/4.4.2/thumb/interwork/libgcc.a(_clzsi2.o)
 .debug_info    0x00000f46      0x13e /home/adrian/lego/lego-arm/gnuarm/bin/../lib/gcc/arm-elf/4.4.2/../../../../arm-elf/lib/thumb/interwork/libc.a(lib_a-memcpy.o)
 .debug_info    0x00001084      0x111 /home/adrian/lego/lego-arm/gnuarm/bin/../lib/gcc/arm-elf/4.4.2/../../../../arm-elf/lib/thumb/interwork/libc.a(lib_a-memset.o)
 .debug_info    0x00001195       0xaf /home/adrian/lego/lego-arm/gnuarm/bin/../lib/gcc/arm-elf/4.4.2/../../../../arm-elf/lib/thumb/interwork/libc.a(lib_a-strcmp.o)
 .debug_info    0x00001244       0xb7 /home/adrian/lego/lego-arm/gnuarm/bin/../lib/gcc/arm-elf/4.4.2/../../../../arm-elf/lib/thumb/interwork/libc.a(lib_a-strcpy.o)
 .debug_info    0x000012fb       0xcb /home/adrian/lego/lego-arm/gnuarm/bin/../lib/gcc/arm-elf/4.4.2/../../../../arm-elf/lib/thumb/interwork/libc.a(lib_a-strlen.o)
 .debug_info    0x000013c6      0x124 /home/adrian/lego/lego-arm/gnuarm/bin/../lib/gcc/arm-elf/4.4.2/../../../../arm-elf/lib/thumb/interwork/libc.a(lib_a-strncpy.o)

.debug_abbrev   0x00000000      0x674
 .debug_abbrev  0x00000000       0x14 /home/adrian/lego/lego-arm/gnuarm/bin/../lib/gcc/arm-elf/4.4.2/thumb/interwork/libgcc.a(_udivsi3.o)
 .debug_abbrev  0x00000014       0x14 /home/adrian/lego/lego-arm/gnuarm/bin/../lib/gcc/arm-elf/4.4.2/thumb/interwork/libgcc.a(_divsi3.o)
 .debug_abbrev  0x00000028       0x14 /home/adrian/lego/lego-arm/gnuarm/bin/../lib/gcc/arm-elf/4.4.2/thumb/interwork/libgcc.a(_umodsi3.o)
 .debug_abbrev  0x0000003c       0x14 /home/adrian/lego/lego-arm/gnuarm/bin/../lib/gcc/arm-elf/4.4.2/thumb/interwork/libgcc.a(_modsi3.o)
 .debug_abbrev  0x00000050       0x14 /home/adrian/lego/lego-arm/gnuarm/bin/../lib/gcc/arm-elf/4.4.2/thumb/interwork/libgcc.a(_dvmd_tls.o)
 .debug_abbrev  0x00000064       0x14 /home/adrian/lego/lego-arm/gnuarm/bin/../lib/gcc/arm-elf/4.4.2/thumb/interwork/libgcc.a(_arm_addsubdf3.o)
 .debug_abbrev  0x00000078       0x14 /home/adrian/lego/lego-arm/gnuarm/bin/../lib/gcc/arm-elf/4.4.2/thumb/interwork/libgcc.a(_arm_muldivdf3.o)
 .debug_abbrev  0x0000008c       0x14 /home/adrian/lego/lego-arm/gnuarm/bin/../lib/gcc/arm-elf/4.4.2/thumb/interwork/libgcc.a(_arm_cmpdf2.o)
 .debug_abbrev  0x000000a0       0xf5 /home/adrian/lego/lego-arm/gnuarm/bin/../lib/gcc/arm-elf/4.4.2/thumb/interwork/libgcc.a(_muldi3.o)
 .debug_abbrev  0x00000195      0x169 /home/adrian/lego/lego-arm/gnuarm/bin/../lib/gcc/arm-elf/4.4.2/thumb/interwork/libgcc.a(_divdi3.o)
 .debug_abbrev  0x000002fe       0x14 /home/adrian/lego/lego-arm/gnuarm/bin/../lib/gcc/arm-elf/4.4.2/thumb/interwork/libgcc.a(_clzsi2.o)
 .debug_abbrev  0x00000312       0xa0 /home/adrian/lego/lego-arm/gnuarm/bin/../lib/gcc/arm-elf/4.4.2/../../../../arm-elf/lib/thumb/interwork/libc.a(lib_a-memcpy.o)
 .debug_abbrev  0x000003b2       0xa1 /home/adrian/lego/lego-arm/gnuarm/bin/../lib/gcc/arm-elf/4.4.2/../../../../arm-elf/lib/thumb/interwork/libc.a(lib_a-memset.o)
 .debug_abbrev  0x00000453       0x76 /home/adrian/lego/lego-arm/gnuarm/bin/../lib/gcc/arm-elf/4.4.2/../../../../arm-elf/lib/thumb/interwork/libc.a(lib_a-strcmp.o)
 .debug_abbrev  0x000004c9       0x76 /home/adrian/lego/lego-arm/gnuarm/bin/../lib/gcc/arm-elf/4.4.2/../../../../arm-elf/lib/thumb/interwork/libc.a(lib_a-strcpy.o)
 .debug_abbrev  0x0000053f       0x92 /home/adrian/lego/lego-arm/gnuarm/bin/../lib/gcc/arm-elf/4.4.2/../../../../arm-elf/lib/thumb/interwork/libc.a(lib_a-strlen.o)
 .debug_abbrev  0x000005d1       0xa3 /home/adrian/lego/lego-arm/gnuarm/bin/../lib/gcc/arm-elf/4.4.2/../../../../arm-elf/lib/thumb/interwork/libc.a(lib_a-strncpy.o)

.debug_aranges  0x00000000      0x220
 .debug_aranges
                0x00000000       0x20 /home/adrian/lego/lego-arm/gnuarm/bin/../lib/gcc/arm-elf/4.4.2/thumb/interwork/libgcc.a(_udivsi3.o)
 .debug_aranges
                0x00000020       0x20 /home/adrian/lego/lego-arm/gnuarm/bin/../lib/gcc/arm-elf/4.4.2/thumb/interwork/libgcc.a(_divsi3.o)
 .debug_aranges
                0x00000040       0x20 /home/adrian/lego/lego-arm/gnuarm/bin/../lib/gcc/arm-elf/4.4.2/thumb/interwork/libgcc.a(_umodsi3.o)
 .debug_aranges
                0x00000060       0x20 /home/adrian/lego/lego-arm/gnuarm/bin/../lib/gcc/arm-elf/4.4.2/thumb/interwork/libgcc.a(_modsi3.o)
 .debug_aranges
                0x00000080       0x20 /home/adrian/lego/lego-arm/gnuarm/bin/../lib/gcc/arm-elf/4.4.2/thumb/interwork/libgcc.a(_dvmd_tls.o)
 .debug_aranges
                0x000000a0       0x20 /home/adrian/lego/lego-arm/gnuarm/bin/../lib/gcc/arm-elf/4.4.2/thumb/interwork/libgcc.a(_arm_addsubdf3.o)
 .debug_aranges
                0x000000c0       0x20 /home/adrian/lego/lego-arm/gnuarm/bin/../lib/gcc/arm-elf/4.4.2/thumb/interwork/libgcc.a(_arm_muldivdf3.o)
 .debug_aranges
                0x000000e0       0x20 /home/adrian/lego/lego-arm/gnuarm/bin/../lib/gcc/arm-elf/4.4.2/thumb/interwork/libgcc.a(_arm_cmpdf2.o)
 .debug_aranges
                0x00000100       0x20 /home/adrian/lego/lego-arm/gnuarm/bin/../lib/gcc/arm-elf/4.4.2/thumb/interwork/libgcc.a(_muldi3.o)
 .debug_aranges
                0x00000120       0x20 /home/adrian/lego/lego-arm/gnuarm/bin/../lib/gcc/arm-elf/4.4.2/thumb/interwork/libgcc.a(_divdi3.o)
 .debug_aranges
                0x00000140       0x20 /home/adrian/lego/lego-arm/gnuarm/bin/../lib/gcc/arm-elf/4.4.2/thumb/interwork/libgcc.a(_clzsi2.o)
 .debug_aranges
                0x00000160       0x20 /home/adrian/lego/lego-arm/gnuarm/bin/../lib/gcc/arm-elf/4.4.2/../../../../arm-elf/lib/thumb/interwork/libc.a(lib_a-memcpy.o)
 .debug_aranges
                0x00000180       0x20 /home/adrian/lego/lego-arm/gnuarm/bin/../lib/gcc/arm-elf/4.4.2/../../../../arm-elf/lib/thumb/interwork/libc.a(lib_a-memset.o)
 .debug_aranges
                0x000001a0       0x20 /home/adrian/lego/lego-arm/gnuarm/bin/../lib/gcc/arm-elf/4.4.2/../../../../arm-elf/lib/thumb/interwork/libc.a(lib_a-strcmp.o)
 .debug_aranges
                0x000001c0       0x20 /home/adrian/lego/lego-arm/gnuarm/bin/../lib/gcc/arm-elf/4.4.2/../../../../arm-elf/lib/thumb/interwork/libc.a(lib_a-strcpy.o)
 .debug_aranges
                0x000001e0       0x20 /home/adrian/lego/lego-arm/gnuarm/bin/../lib/gcc/arm-elf/4.4.2/../../../../arm-elf/lib/thumb/interwork/libc.a(lib_a-strlen.o)
 .debug_aranges
                0x00000200       0x20 /home/adrian/lego/lego-arm/gnuarm/bin/../lib/gcc/arm-elf/4.4.2/../../../../arm-elf/lib/thumb/interwork/libc.a(lib_a-strncpy.o)

.debug_loc      0x00000000      0xcd8
 .debug_loc     0x00000000      0x156 /home/adrian/lego/lego-arm/gnuarm/bin/../lib/gcc/arm-elf/4.4.2/thumb/interwork/libgcc.a(_muldi3.o)
 .debug_loc     0x00000156      0x800 /home/adrian/lego/lego-arm/gnuarm/bin/../lib/gcc/arm-elf/4.4.2/thumb/interwork/libgcc.a(_divdi3.o)
 .debug_loc     0x00000956      0x13b /home/adrian/lego/lego-arm/gnuarm/bin/../lib/gcc/arm-elf/4.4.2/../../../../arm-elf/lib/thumb/interwork/libc.a(lib_a-memcpy.o)
 .debug_loc     0x00000a91       0xfc /home/adrian/lego/lego-arm/gnuarm/bin/../lib/gcc/arm-elf/4.4.2/../../../../arm-elf/lib/thumb/interwork/libc.a(lib_a-memset.o)
 .debug_loc     0x00000b8d       0x13 /home/adrian/lego/lego-arm/gnuarm/bin/../lib/gcc/arm-elf/4.4.2/../../../../arm-elf/lib/thumb/interwork/libc.a(lib_a-strcmp.o)
 .debug_loc     0x00000ba0       0x13 /home/adrian/lego/lego-arm/gnuarm/bin/../lib/gcc/arm-elf/4.4.2/../../../../arm-elf/lib/thumb/interwork/libc.a(lib_a-strcpy.o)
 .debug_loc     0x00000bb3       0x26 /home/adrian/lego/lego-arm/gnuarm/bin/../lib/gcc/arm-elf/4.4.2/../../../../arm-elf/lib/thumb/interwork/libc.a(lib_a-strlen.o)
 .debug_loc     0x00000bd9       0xff /home/adrian/lego/lego-arm/gnuarm/bin/../lib/gcc/arm-elf/4.4.2/../../../../arm-elf/lib/thumb/interwork/libc.a(lib_a-strncpy.o)

.debug_pubnames
                0x00000000       0xed
 .debug_pubnames
                0x00000000       0x1f /home/adrian/lego/lego-arm/gnuarm/bin/../lib/gcc/arm-elf/4.4.2/thumb/interwork/libgcc.a(_muldi3.o)
 .debug_pubnames
                0x0000001f       0x1f /home/adrian/lego/lego-arm/gnuarm/bin/../lib/gcc/arm-elf/4.4.2/thumb/interwork/libgcc.a(_divdi3.o)
 .debug_pubnames
                0x0000003e       0x1d /home/adrian/lego/lego-arm/gnuarm/bin/../lib/gcc/arm-elf/4.4.2/../../../../arm-elf/lib/thumb/interwork/libc.a(lib_a-memcpy.o)
 .debug_pubnames
                0x0000005b       0x1d /home/adrian/lego/lego-arm/gnuarm/bin/../lib/gcc/arm-elf/4.4.2/../../../../arm-elf/lib/thumb/interwork/libc.a(lib_a-memset.o)
 .debug_pubnames
                0x00000078       0x1d /home/adrian/lego/lego-arm/gnuarm/bin/../lib/gcc/arm-elf/4.4.2/../../../../arm-elf/lib/thumb/interwork/libc.a(lib_a-strcmp.o)
 .debug_pubnames
                0x00000095       0x1d /home/adrian/lego/lego-arm/gnuarm/bin/../lib/gcc/arm-elf/4.4.2/../../../../arm-elf/lib/thumb/interwork/libc.a(lib_a-strcpy.o)
 .debug_pubnames
                0x000000b2       0x1d /home/adrian/lego/lego-arm/gnuarm/bin/../lib/gcc/arm-elf/4.4.2/../../../../arm-elf/lib/thumb/interwork/libc.a(lib_a-strlen.o)
 .debug_pubnames
                0x000000cf       0x1e /home/adrian/lego/lego-arm/gnuarm/bin/../lib/gcc/arm-elf/4.4.2/../../../../arm-elf/lib/thumb/interwork/libc.a(lib_a-strncpy.o)

.debug_ranges   0x00000000      0x120
 .debug_ranges  0x00000000       0x40 /home/adrian/lego/lego-arm/gnuarm/bin/../lib/gcc/arm-elf/4.4.2/thumb/interwork/libgcc.a(_muldi3.o)
 .debug_ranges  0x00000040       0xe0 /home/adrian/lego/lego-arm/gnuarm/bin/../lib/gcc/arm-elf/4.4.2/thumb/interwork/libgcc.a(_divdi3.o)

.debug_str      0x00000000      0x3d0
 .debug_str     0x00000000      0x153 /home/adrian/lego/lego-arm/gnuarm/bin/../lib/gcc/arm-elf/4.4.2/thumb/interwork/libgcc.a(_muldi3.o)
                                0x1a7 (size before relaxing)
 .debug_str     0x00000153       0x3c /home/adrian/lego/lego-arm/gnuarm/bin/../lib/gcc/arm-elf/4.4.2/thumb/interwork/libgcc.a(_divdi3.o)
                                0x1da (size before relaxing)
 .debug_str     0x0000018f       0x7e /home/adrian/lego/lego-arm/gnuarm/bin/../lib/gcc/arm-elf/4.4.2/../../../../arm-elf/lib/thumb/interwork/libc.a(lib_a-memcpy.o)
                                0x113 (size before relaxing)
 .debug_str     0x0000020d       0x64 /home/adrian/lego/lego-arm/gnuarm/bin/../lib/gcc/arm-elf/4.4.2/../../../../arm-elf/lib/thumb/interwork/libc.a(lib_a-memset.o)
                                0x100 (size before relaxing)
 .debug_str     0x00000271       0x55 /home/adrian/lego/lego-arm/gnuarm/bin/../lib/gcc/arm-elf/4.4.2/../../../../arm-elf/lib/thumb/interwork/libc.a(lib_a-strcmp.o)
                                 0xea (size before relaxing)
 .debug_str     0x000002c6       0x55 /home/adrian/lego/lego-arm/gnuarm/bin/../lib/gcc/arm-elf/4.4.2/../../../../arm-elf/lib/thumb/interwork/libc.a(lib_a-strcpy.o)
                                 0xea (size before relaxing)
 .debug_str     0x0000031b       0x5d /home/adrian/lego/lego-arm/gnuarm/bin/../lib/gcc/arm-elf/4.4.2/../../../../arm-elf/lib/thumb/interwork/libc.a(lib_a-strlen.o)
                                 0xf9 (size before relaxing)
 .debug_str     0x00000378       0x58 /home/adrian/lego/lego-arm/gnuarm/bin/../lib/gcc/arm-elf/4.4.2/../../../../arm-elf/lib/thumb/interwork/libc.a(lib_a-strncpy.o)
                                0x116 (size before relaxing)

Cross Reference Table

Symbol                                            File
ActivateTask                                      build/kernel/task_manage.o
CancelAlarm                                       build/kernel/alarm.o
ChainTask                                         build/kernel/task_manage.o
ClearEvent                                        build/kernel/event.o
DisableAllInterrupts                              build/kernel/interrupt.o
EnableAllInterrupts                               build/kernel/interrupt.o
ErrorHook                                         ../../ecrobot/../ecrobot/libecrobot.a(osek_hook.o)
                                                  build/kernel/osctl.o
GetActiveApplicationMode                          build/kernel/osctl.o
GetAlarm                                          build/kernel/alarm.o
GetAlarmBase                                      build/kernel/alarm.o
GetEvent                                          build/kernel/event.o
GetResource                                       build/kernel/resource.o
GetTaskID                                         build/kernel/task_manage.o
GetTaskState                                      build/kernel/task_manage.o
NXT_COLORSENSOR_PROTOCOLS                         ../../ecrobot/../ecrobot/libecrobot.a(ecrobot_interface.o)
NXT_Entry_Point                                   build/nxt_entry_point.o
                                                  build/nxt_binary_header.o
OSEK_Task_Background                              build/./kernel_cfg.o
PostTaskHook                                      ../../ecrobot/../ecrobot/libecrobot.a(osek_hook.o)
                                                  build/config/at91sam7s-gnu/cpu_support.oram
                                                  build/kernel/osctl.o
PreTaskHook                                       ../../ecrobot/../ecrobot/libecrobot.a(osek_hook.o)
                                                  build/config/at91sam7s-gnu/cpu_support.oram
                                                  build/kernel/osctl.o
ReleaseResource                                   build/kernel/resource.o
ResumeAllInterrupts                               build/kernel/interrupt.o
ResumeOSInterrupts                                build/kernel/interrupt.o
Schedule                                          build/kernel/task_manage.o
SetAbsAlarm                                       build/kernel/alarm.o
SetEvent                                          build/kernel/event.o
SetRelAlarm                                       build/kernel/alarm.o
ShutdownHook                                      ../../ecrobot/../ecrobot/libecrobot.a(osek_hook.o)
                                                  build/kernel/osctl.o
ShutdownOS                                        build/kernel/osctl.o
SignalCounter                                     build/kernel/alarm.o
StartOS                                           build/kernel/osctl.o
                                                  build/ecrobot.o
StartupHook                                       ../../ecrobot/../ecrobot/libecrobot.a(osek_hook.o)
                                                  build/kernel/osctl.o
SuspendAllInterrupts                              build/kernel/interrupt.o
SuspendOSInterrupts                               build/kernel/interrupt.o
TaskMainOSEK_Task_Background                      build/helloworld.o
                                                  build/./kernel_cfg.o
TerminateTask                                     build/kernel/task_manage.o
WaitEvent                                         build/kernel/event.o
__adddf3                                          /home/adrian/lego/lego-arm/gnuarm/bin/../lib/gcc/arm-elf/4.4.2/thumb/interwork/libgcc.a(_arm_addsubdf3.o)
__aeabi_cdcmpeq                                   /home/adrian/lego/lego-arm/gnuarm/bin/../lib/gcc/arm-elf/4.4.2/thumb/interwork/libgcc.a(_arm_cmpdf2.o)
__aeabi_cdcmple                                   /home/adrian/lego/lego-arm/gnuarm/bin/../lib/gcc/arm-elf/4.4.2/thumb/interwork/libgcc.a(_arm_cmpdf2.o)
__aeabi_cdrcmple                                  /home/adrian/lego/lego-arm/gnuarm/bin/../lib/gcc/arm-elf/4.4.2/thumb/interwork/libgcc.a(_arm_cmpdf2.o)
__aeabi_dadd                                      /home/adrian/lego/lego-arm/gnuarm/bin/../lib/gcc/arm-elf/4.4.2/thumb/interwork/libgcc.a(_arm_addsubdf3.o)
__aeabi_dcmpeq                                    /home/adrian/lego/lego-arm/gnuarm/bin/../lib/gcc/arm-elf/4.4.2/thumb/interwork/libgcc.a(_arm_cmpdf2.o)
__aeabi_dcmpge                                    /home/adrian/lego/lego-arm/gnuarm/bin/../lib/gcc/arm-elf/4.4.2/thumb/interwork/libgcc.a(_arm_cmpdf2.o)
__aeabi_dcmpgt                                    /home/adrian/lego/lego-arm/gnuarm/bin/../lib/gcc/arm-elf/4.4.2/thumb/interwork/libgcc.a(_arm_cmpdf2.o)
__aeabi_dcmple                                    /home/adrian/lego/lego-arm/gnuarm/bin/../lib/gcc/arm-elf/4.4.2/thumb/interwork/libgcc.a(_arm_cmpdf2.o)
__aeabi_dcmplt                                    /home/adrian/lego/lego-arm/gnuarm/bin/../lib/gcc/arm-elf/4.4.2/thumb/interwork/libgcc.a(_arm_cmpdf2.o)
__aeabi_ddiv                                      /home/adrian/lego/lego-arm/gnuarm/bin/../lib/gcc/arm-elf/4.4.2/thumb/interwork/libgcc.a(_arm_muldivdf3.o)
__aeabi_dmul                                      /home/adrian/lego/lego-arm/gnuarm/bin/../lib/gcc/arm-elf/4.4.2/thumb/interwork/libgcc.a(_arm_muldivdf3.o)
__aeabi_drsub                                     /home/adrian/lego/lego-arm/gnuarm/bin/../lib/gcc/arm-elf/4.4.2/thumb/interwork/libgcc.a(_arm_addsubdf3.o)
__aeabi_dsub                                      /home/adrian/lego/lego-arm/gnuarm/bin/../lib/gcc/arm-elf/4.4.2/thumb/interwork/libgcc.a(_arm_addsubdf3.o)
__aeabi_f2d                                       /home/adrian/lego/lego-arm/gnuarm/bin/../lib/gcc/arm-elf/4.4.2/thumb/interwork/libgcc.a(_arm_addsubdf3.o)
__aeabi_i2d                                       /home/adrian/lego/lego-arm/gnuarm/bin/../lib/gcc/arm-elf/4.4.2/thumb/interwork/libgcc.a(_arm_addsubdf3.o)
__aeabi_idiv                                      /home/adrian/lego/lego-arm/gnuarm/bin/../lib/gcc/arm-elf/4.4.2/thumb/interwork/libgcc.a(_divsi3.o)
__aeabi_idiv0                                     /home/adrian/lego/lego-arm/gnuarm/bin/../lib/gcc/arm-elf/4.4.2/thumb/interwork/libgcc.a(_dvmd_tls.o)
__aeabi_idivmod                                   /home/adrian/lego/lego-arm/gnuarm/bin/../lib/gcc/arm-elf/4.4.2/thumb/interwork/libgcc.a(_divsi3.o)
__aeabi_l2d                                       /home/adrian/lego/lego-arm/gnuarm/bin/../lib/gcc/arm-elf/4.4.2/thumb/interwork/libgcc.a(_arm_addsubdf3.o)
__aeabi_ldiv0                                     /home/adrian/lego/lego-arm/gnuarm/bin/../lib/gcc/arm-elf/4.4.2/thumb/interwork/libgcc.a(_dvmd_tls.o)
__aeabi_ui2d                                      /home/adrian/lego/lego-arm/gnuarm/bin/../lib/gcc/arm-elf/4.4.2/thumb/interwork/libgcc.a(_arm_addsubdf3.o)
__aeabi_uidiv                                     /home/adrian/lego/lego-arm/gnuarm/bin/../lib/gcc/arm-elf/4.4.2/thumb/interwork/libgcc.a(_udivsi3.o)
__aeabi_uidivmod                                  /home/adrian/lego/lego-arm/gnuarm/bin/../lib/gcc/arm-elf/4.4.2/thumb/interwork/libgcc.a(_udivsi3.o)
__aeabi_ul2d                                      /home/adrian/lego/lego-arm/gnuarm/bin/../lib/gcc/arm-elf/4.4.2/thumb/interwork/libgcc.a(_arm_addsubdf3.o)
__bss_end__                                       build/ecrobot_init.o
__bss_start__                                     build/ecrobot_init.o
__call_posttaskhook_from_arm                      linker stubs
__call_pretaskhook_from_arm                       linker stubs
__clzsi2                                          /home/adrian/lego/lego-arm/gnuarm/bin/../lib/gcc/arm-elf/4.4.2/thumb/interwork/libgcc.a(_clzsi2.o)
                                                  /home/adrian/lego/lego-arm/gnuarm/bin/../lib/gcc/arm-elf/4.4.2/thumb/interwork/libgcc.a(_divdi3.o)
__cmpdf2                                          /home/adrian/lego/lego-arm/gnuarm/bin/../lib/gcc/arm-elf/4.4.2/thumb/interwork/libgcc.a(_arm_cmpdf2.o)
__ctor_begin                                      build/ecrobot_base.o
__ctor_end                                        build/ecrobot_base.o
__data_load_end__                                 build/ecrobot_init.o
__data_load_start__                               build/ecrobot_init.o
__data_ram_start__                                build/ecrobot_init.o
__div0                                            /home/adrian/lego/lego-arm/gnuarm/bin/../lib/gcc/arm-elf/4.4.2/thumb/interwork/libgcc.a(_dvmd_tls.o)
                                                  /home/adrian/lego/lego-arm/gnuarm/bin/../lib/gcc/arm-elf/4.4.2/thumb/interwork/libgcc.a(_modsi3.o)
                                                  /home/adrian/lego/lego-arm/gnuarm/bin/../lib/gcc/arm-elf/4.4.2/thumb/interwork/libgcc.a(_umodsi3.o)
                                                  /home/adrian/lego/lego-arm/gnuarm/bin/../lib/gcc/arm-elf/4.4.2/thumb/interwork/libgcc.a(_divsi3.o)
                                                  /home/adrian/lego/lego-arm/gnuarm/bin/../lib/gcc/arm-elf/4.4.2/thumb/interwork/libgcc.a(_udivsi3.o)
__divdf3                                          /home/adrian/lego/lego-arm/gnuarm/bin/../lib/gcc/arm-elf/4.4.2/thumb/interwork/libgcc.a(_arm_muldivdf3.o)
__divdi3                                          /home/adrian/lego/lego-arm/gnuarm/bin/../lib/gcc/arm-elf/4.4.2/thumb/interwork/libgcc.a(_divdi3.o)
                                                  ../../ecrobot/../ecrobot/libecrobot.a(sound.oram)
__divsi3                                          /home/adrian/lego/lego-arm/gnuarm/bin/../lib/gcc/arm-elf/4.4.2/thumb/interwork/libgcc.a(_divsi3.o)
                                                  ../../ecrobot/../ecrobot/libecrobot.a(sound.oram)
                                                  ../../ecrobot/../ecrobot/libecrobot.a(uart.oram)
__dtor_begin                                      build/ecrobot_base.o
__dtor_end                                        build/ecrobot_base.o
__eqdf2                                           /home/adrian/lego/lego-arm/gnuarm/bin/../lib/gcc/arm-elf/4.4.2/thumb/interwork/libgcc.a(_arm_cmpdf2.o)
__extendsfdf2                                     /home/adrian/lego/lego-arm/gnuarm/bin/../lib/gcc/arm-elf/4.4.2/thumb/interwork/libgcc.a(_arm_addsubdf3.o)
__floatdidf                                       /home/adrian/lego/lego-arm/gnuarm/bin/../lib/gcc/arm-elf/4.4.2/thumb/interwork/libgcc.a(_arm_addsubdf3.o)
__floatsidf                                       /home/adrian/lego/lego-arm/gnuarm/bin/../lib/gcc/arm-elf/4.4.2/thumb/interwork/libgcc.a(_arm_addsubdf3.o)
                                                  ../../ecrobot/../ecrobot/libecrobot.a(colorsensor.o)
__floatundidf                                     /home/adrian/lego/lego-arm/gnuarm/bin/../lib/gcc/arm-elf/4.4.2/thumb/interwork/libgcc.a(_arm_addsubdf3.o)
__floatunsidf                                     /home/adrian/lego/lego-arm/gnuarm/bin/../lib/gcc/arm-elf/4.4.2/thumb/interwork/libgcc.a(_arm_addsubdf3.o)
__gedf2                                           /home/adrian/lego/lego-arm/gnuarm/bin/../lib/gcc/arm-elf/4.4.2/thumb/interwork/libgcc.a(_arm_cmpdf2.o)
__gtdf2                                           /home/adrian/lego/lego-arm/gnuarm/bin/../lib/gcc/arm-elf/4.4.2/thumb/interwork/libgcc.a(_arm_cmpdf2.o)
                                                  ../../ecrobot/../ecrobot/libecrobot.a(colorsensor.o)
__irq_stack__                                     build/ecrobot_init.o
__ledf2                                           /home/adrian/lego/lego-arm/gnuarm/bin/../lib/gcc/arm-elf/4.4.2/thumb/interwork/libgcc.a(_arm_cmpdf2.o)
__ltdf2                                           /home/adrian/lego/lego-arm/gnuarm/bin/../lib/gcc/arm-elf/4.4.2/thumb/interwork/libgcc.a(_arm_cmpdf2.o)
__modsi3                                          /home/adrian/lego/lego-arm/gnuarm/bin/../lib/gcc/arm-elf/4.4.2/thumb/interwork/libgcc.a(_modsi3.o)
                                                  ../../ecrobot/../ecrobot/libecrobot.a(sound.oram)
__muldf3                                          /home/adrian/lego/lego-arm/gnuarm/bin/../lib/gcc/arm-elf/4.4.2/thumb/interwork/libgcc.a(_arm_muldivdf3.o)
                                                  ../../ecrobot/../ecrobot/libecrobot.a(colorsensor.o)
__muldi3                                          /home/adrian/lego/lego-arm/gnuarm/bin/../lib/gcc/arm-elf/4.4.2/thumb/interwork/libgcc.a(_muldi3.o)
                                                  ../../ecrobot/../ecrobot/libecrobot.a(sound.oram)
__nedf2                                           /home/adrian/lego/lego-arm/gnuarm/bin/../lib/gcc/arm-elf/4.4.2/thumb/interwork/libgcc.a(_arm_cmpdf2.o)
__ramtext_load_end__                              build/ecrobot_init.o
__ramtext_load_start__                            build/ecrobot_init.o
__ramtext_ram_start__                             build/ecrobot_init.o
__stack_end__                                     build/ecrobot_init.o
__stack_start__                                   build/ecrobot_init.o
__subdf3                                          /home/adrian/lego/lego-arm/gnuarm/bin/../lib/gcc/arm-elf/4.4.2/thumb/interwork/libgcc.a(_arm_addsubdf3.o)
__system_stack__                                  build/config/at91sam7s-gnu/cpu_support.oram
                                                  build/ecrobot_init.o
__udivsi3                                         /home/adrian/lego/lego-arm/gnuarm/bin/../lib/gcc/arm-elf/4.4.2/thumb/interwork/libgcc.a(_udivsi3.o)
                                                  /home/adrian/lego/lego-arm/gnuarm/bin/../lib/gcc/arm-elf/4.4.2/thumb/interwork/libgcc.a(_divdi3.o)
                                                  ../../ecrobot/../ecrobot/libecrobot.a(sound.oram)
                                                  ../../ecrobot/../ecrobot/libecrobot.a(display.oram)
                                                  ../../ecrobot/../ecrobot/libecrobot.a(ecrobot_interface.o)
                                                  build/ecrobot_base.o
__umodsi3                                         /home/adrian/lego/lego-arm/gnuarm/bin/../lib/gcc/arm-elf/4.4.2/thumb/interwork/libgcc.a(_umodsi3.o)
                                                  /home/adrian/lego/lego-arm/gnuarm/bin/../lib/gcc/arm-elf/4.4.2/thumb/interwork/libgcc.a(_divdi3.o)
                                                  ../../ecrobot/../ecrobot/libecrobot.a(display.oram)
__vectors_load_end__                              build/ecrobot_init.o
__vectors_load_start__                            build/ecrobot_init.o
__vectors_ram_start__                             build/ecrobot_init.o
_errorhook_par1                                   build/kernel/task_manage.o
                                                  build/kernel/resource.o
                                                  build/kernel/osctl.o
                                                  build/kernel/event.o
                                                  build/kernel/alarm.o
_errorhook_par2                                   build/kernel/task_manage.o
                                                  build/kernel/osctl.o
                                                  build/kernel/event.o
                                                  build/kernel/alarm.o
_errorhook_par3                                   build/kernel/osctl.o
                                                  build/kernel/alarm.o
_errorhook_svcid                                  build/kernel/osctl.o
_interrupt                                        build/config/at91sam7s-gnu/cpu_support.oram
                                                  build/config/at91sam7s-gnu/irq.oram
_sbrk_r                                           build/syscalls.o
activate_r                                        build/config/at91sam7s-gnu/cpu_support.oram
                                                  build/kernel/task.o
add_status_info                                   build/ecrobot_base.o
                                                  build/ecrobot.o
                                                  build/ecrobot_bluetooth.o
aic_clear                                         ../../ecrobot/../ecrobot/libecrobot.a(aic.oram)
                                                  ../../ecrobot/../ecrobot/libecrobot.a(bt.oram)
                                                  ../../ecrobot/../ecrobot/libecrobot.a(sound.oram)
aic_initialise                                    ../../ecrobot/../ecrobot/libecrobot.a(aic.oram)
                                                  ../../ecrobot/../ecrobot/libecrobot.a(flash_loader.oram)
aic_mask_off                                      ../../ecrobot/../ecrobot/libecrobot.a(aic.oram)
                                                  ../../ecrobot/../ecrobot/libecrobot.a(bt.oram)
                                                  ../../ecrobot/../ecrobot/libecrobot.a(i2c.oram)
                                                  ../../ecrobot/../ecrobot/libecrobot.a(nxt_motors.oram)
                                                  ../../ecrobot/../ecrobot/libecrobot.a(nxt_spi.oram)
                                                  ../../ecrobot/../ecrobot/libecrobot.a(twi.oram)
                                                  ../../ecrobot/../ecrobot/libecrobot.a(udp.oram)
                                                  ../../ecrobot/../ecrobot/libecrobot.a(systick.oram)
                                                  ../../ecrobot/../ecrobot/libecrobot.a(uart.oram)
aic_mask_on                                       ../../ecrobot/../ecrobot/libecrobot.a(aic.oram)
                                                  ../../ecrobot/../ecrobot/libecrobot.a(sound.oram)
                                                  ../../ecrobot/../ecrobot/libecrobot.a(i2c.oram)
                                                  ../../ecrobot/../ecrobot/libecrobot.a(nxt_motors.oram)
                                                  ../../ecrobot/../ecrobot/libecrobot.a(nxt_spi.oram)
                                                  ../../ecrobot/../ecrobot/libecrobot.a(twi.oram)
                                                  ../../ecrobot/../ecrobot/libecrobot.a(udp.oram)
                                                  ../../ecrobot/../ecrobot/libecrobot.a(systick.oram)
                                                  ../../ecrobot/../ecrobot/libecrobot.a(uart.oram)
aic_set_vector                                    ../../ecrobot/../ecrobot/libecrobot.a(aic.oram)
                                                  ../../ecrobot/../ecrobot/libecrobot.a(sound.oram)
                                                  ../../ecrobot/../ecrobot/libecrobot.a(i2c.oram)
                                                  ../../ecrobot/../ecrobot/libecrobot.a(nxt_motors.oram)
                                                  ../../ecrobot/../ecrobot/libecrobot.a(nxt_spi.oram)
                                                  ../../ecrobot/../ecrobot/libecrobot.a(twi.oram)
                                                  ../../ecrobot/../ecrobot/libecrobot.a(udp.oram)
                                                  ../../ecrobot/../ecrobot/libecrobot.a(systick.oram)
                                                  ../../ecrobot/../ecrobot/libecrobot.a(uart.oram)
alarm_initialize                                  build/kernel/alarm.o
almcb_almval                                      build/./kernel_cfg.o
                                                  build/kernel/alarm.o
almcb_cycle                                       build/./kernel_cfg.o
                                                  build/kernel/alarm.o
almcb_next                                        build/./kernel_cfg.o
                                                  build/kernel/alarm.o
almcb_prev                                        build/./kernel_cfg.o
                                                  build/kernel/alarm.o
alminib_almval                                    build/./kernel_cfg.o
                                                  build/kernel/alarm.o
alminib_autosta                                   build/./kernel_cfg.o
                                                  build/kernel/alarm.o
alminib_cback                                     build/./kernel_cfg.o
                                                  build/kernel/alarm.o
alminib_cntid                                     build/./kernel_cfg.o
                                                  build/kernel/alarm.o
alminib_cycle                                     build/./kernel_cfg.o
                                                  build/kernel/alarm.o
appmode                                           build/kernel/task.o
                                                  build/kernel/osctl.o
                                                  build/kernel/alarm.o
avr_brainwash_string                              ../../ecrobot/../ecrobot/libecrobot.a(nxt_avr.oram)
battery_voltage                                   ../../ecrobot/../ecrobot/libecrobot.a(nxt_avr.oram)
                                                  ../../ecrobot/../ecrobot/libecrobot.a(ecrobot_interface.o)
bt_clear_arm7_cmd                                 ../../ecrobot/../ecrobot/libecrobot.a(bt.oram)
                                                  build/ecrobot_bluetooth.o
bt_get_mode                                       ../../ecrobot/../ecrobot/libecrobot.a(bt.oram)
bt_init                                           ../../ecrobot/../ecrobot/libecrobot.a(bt.oram)
                                                  ../../ecrobot/../ecrobot/libecrobot.a(flash_loader.oram)
bt_pending                                        ../../ecrobot/../ecrobot/libecrobot.a(bt.oram)
                                                  build/ecrobot_bluetooth.o