Archive member included because of file (symbol)

../../ecrobot/../ecrobot/libecrobot.a(ecrobot_device_hook.o)
                              build/ecrobot.o (ecrobot_device_initialize)
../../ecrobot/../ecrobot/libecrobot.a(ecrobot_interface.o)
                              build/ecrobot_base.o (ecrobot_get_battery_voltage)
../../ecrobot/../ecrobot/libecrobot.a(colorsensor.o)
                              ../../ecrobot/../ecrobot/libecrobot.a(ecrobot_interface.o) (colorsensor_rgb_get)
../../ecrobot/../ecrobot/libecrobot.a(osek_hook.o)
                              build/kernel/osctl.o (StartupHook)
../../ecrobot/../ecrobot/libecrobot.a(uart.oram)
                              build/config/at91sam7s-gnu/irq.oram (uart_isr_C_1)
../../ecrobot/../ecrobot/libecrobot.a(systick.oram)
                              build/config/at91sam7s-gnu/irq.oram (systick_isr_C)
../../ecrobot/../ecrobot/libecrobot.a(byte_fifo.oram)
                              ../../ecrobot/../ecrobot/libecrobot.a(uart.oram) (byte_fifo_init)
../../ecrobot/../ecrobot/libecrobot.a(aic.oram)
                              ../../ecrobot/../ecrobot/libecrobot.a(uart.oram) (aic_mask_off)
../../ecrobot/../ecrobot/libecrobot.a(udp.oram)
                              build/config/at91sam7s-gnu/irq.oram (udp_isr_C)
../../ecrobot/../ecrobot/libecrobot.a(twi.oram)
                              build/config/at91sam7s-gnu/irq.oram (twi_isr_C)
../../ecrobot/../ecrobot/libecrobot.a(nxt_spi.oram)
                              build/config/at91sam7s-gnu/irq.oram (spi_isr_C)
../../ecrobot/../ecrobot/libecrobot.a(nxt_motors.oram)
                              ../../ecrobot/../ecrobot/libecrobot.a(ecrobot_interface.o) (nxt_motor_get_count)
../../ecrobot/../ecrobot/libecrobot.a(data_abort.oram)
                              build/ecrobot_init.o (data_abort_C)
../../ecrobot/../ecrobot/libecrobot.a(display.oram)
                              build/ecrobot_base.o (display_goto_xy)
../../ecrobot/../ecrobot/libecrobot.a(i2c.oram)
                              build/config/at91sam7s-gnu/irq.oram (i2c_timer_isr_C)
../../ecrobot/../ecrobot/libecrobot.a(sound.oram)
                              ../../ecrobot/../ecrobot/libecrobot.a(ecrobot_interface.o) (sound_freq_vol)
../../ecrobot/../ecrobot/libecrobot.a(bt.oram)
                              build/ecrobot_bluetooth.o (bt_pending)
../../ecrobot/../ecrobot/libecrobot.a(nxt_avr.oram)
                              build/ecrobot_base.o (nxt_avr_power_down)
../../ecrobot/../ecrobot/libecrobot.a(sensors.oram)
                              ../../ecrobot/../ecrobot/libecrobot.a(ecrobot_interface.o) (set_digi0)
../../ecrobot/../ecrobot/libecrobot.a(sensors1.oram)
                              ../../ecrobot/../ecrobot/libecrobot.a(colorsensor.o) (sp_set_mode)
../../ecrobot/../ecrobot/libecrobot.a(nxt_lcd.oram)
                              ../../ecrobot/../ecrobot/libecrobot.a(display.oram) (nxt_lcd_update)
../../ecrobot/../ecrobot/libecrobot.a(flash_loader.oram)
                              build/ecrobot.o (nxt_device_init)
../../ecrobot/../ecrobot/libecrobot.a(interrupts.oram)
                              ../../ecrobot/../ecrobot/libecrobot.a(uart.oram) (interrupts_get_and_disable)
../../ecrobot/../ecrobot/libecrobot.a(nxtosek_splash.obmp)
                              build/ecrobot_base.o (nxtosek_splash_bmp_start)
../../ecrobot/../ecrobot/libecrobot.a(ecrobot_usb.o)
                              ../../ecrobot/../ecrobot/libecrobot.a(flash_loader.oram) (ecrobot_term_usb)
../../ecrobot/../ecrobot/libecrobot.a(flashprog.oram)
                              ../../ecrobot/../ecrobot/libecrobot.a(flash_loader.oram) (flash_write_page)
/home/adrian/lego/lego-arm/gnuarm/bin/../lib/gcc/arm-elf/4.4.2/thumb/interwork/libgcc.a(_udivsi3.o)
                              build/ecrobot_base.o (__udivsi3)
/home/adrian/lego/lego-arm/gnuarm/bin/../lib/gcc/arm-elf/4.4.2/thumb/interwork/libgcc.a(_divsi3.o)
                              ../../ecrobot/../ecrobot/libecrobot.a(uart.oram) (__divsi3)
/home/adrian/lego/lego-arm/gnuarm/bin/../lib/gcc/arm-elf/4.4.2/thumb/interwork/libgcc.a(_umodsi3.o)
                              ../../ecrobot/../ecrobot/libecrobot.a(display.oram) (__umodsi3)
/home/adrian/lego/lego-arm/gnuarm/bin/../lib/gcc/arm-elf/4.4.2/thumb/interwork/libgcc.a(_modsi3.o)
                              ../../ecrobot/../ecrobot/libecrobot.a(sound.oram) (__modsi3)
/home/adrian/lego/lego-arm/gnuarm/bin/../lib/gcc/arm-elf/4.4.2/thumb/interwork/libgcc.a(_dvmd_tls.o)
                              /home/adrian/lego/lego-arm/gnuarm/bin/../lib/gcc/arm-elf/4.4.2/thumb/interwork/libgcc.a(_udivsi3.o) (__div0)
/home/adrian/lego/lego-arm/gnuarm/bin/../lib/gcc/arm-elf/4.4.2/thumb/interwork/libgcc.a(_arm_addsubdf3.o)
                              ../../ecrobot/../ecrobot/libecrobot.a(colorsensor.o) (__floatsidf)
/home/adrian/lego/lego-arm/gnuarm/bin/../lib/gcc/arm-elf/4.4.2/thumb/interwork/libgcc.a(_arm_muldivdf3.o)
[...]
Memory Configuration

Name             Origin             Length             Attributes
rom              0x00108000         0x00038000
vector_ram       0x00200000         0x00000040
ram              0x00200040         0x0000ffc0
*default*        0x00000000         0xffffffff

Linker script and memory map

LOAD build/kernel/alarm.o
LOAD build/kernel/event.o
LOAD build/kernel/interrupt.o
LOAD build/kernel/osctl.o
LOAD build/kernel/resource.o
LOAD build/kernel/task.o
LOAD build/kernel/task_manage.o
LOAD build/config/at91sam7s-gnu/cpu_config.o
LOAD build/config/at91sam7s-gnu/lego_nxt/sys_config.o
LOAD build/./kernel_cfg.o
LOAD build/syscalls.o
LOAD build/ecrobot_bluetooth.o
LOAD build/ecrobot_base.o
LOAD build/ecrobot.o
LOAD build/helloworld.o
LOAD build/syslib/at91sam7s-gnu/lego_nxt/hw_sys_timer.oram
LOAD build/nxtvm/platform/nxt/vectors.o
LOAD build/config/at91sam7s-gnu/debug.o
LOAD build/config/at91sam7s-gnu/lego_nxt/sys_support.o
LOAD build/nxt_binary_header.o
LOAD build/nxt_entry_point.o
LOAD build/ecrobot_init.o
LOAD build/config/at91sam7s-gnu/cpu_support.oram
LOAD build/config/at91sam7s-gnu/irq.oram
LOAD ../../ecrobot/../c++/liblejososek.a
LOAD ../../ecrobot/../ecrobot/libecrobot.a
LOAD /home/adrian/lego/lego-arm/gnuarm/bin/../lib/gcc/arm-elf/4.4.2/../../../../arm-elf/lib/thumb/interwork/libstdc++.a
LOAD /home/adrian/lego/lego-arm/gnuarm/bin/../lib/gcc/arm-elf/4.4.2/../../../../arm-elf/lib/thumb/interwork/libm.a
START GROUP
LOAD /home/adrian/lego/lego-arm/gnuarm/bin/../lib/gcc/arm-elf/4.4.2/thumb/interwork/libgcc.a
LOAD /home/adrian/lego/lego-arm/gnuarm/bin/../lib/gcc/arm-elf/4.4.2/../../../../arm-elf/lib/thumb/interwork/libc.a
END GROUP
                0x00108000                ROM_BASE = 0x108000
                0x00038000                ROM_SIZE = 0x38000
                0x00200000                RAM_BASE = 0x200000
                0x00010000                RAM_SIZE = 0x10000

.vectors        0x00200000       0x40 load address 0x00108000
 vectors.o(*.text *.text.*)
 .text          0x00200000       0x38 build/nxtvm/platform/nxt/vectors.o
                0x00200040                . = ALIGN (0x10)
 *fill*         0x00200038        0x8 00
                0x00200000                __vectors_ram_start__ = ADDR (.vectors)
                0x00200040                __vectors_ram_end__ = (ADDR (.vectors) + SIZEOF (.vectors))
                0x00108000                __vectors_load_start__ = LOADADDR (.vectors)
                0x00108040                __vectors_load_end__ = (LOADADDR (.vectors) + SIZEOF (.vectors))

.init           0x00108040      0x280
 *ecrobot_init.o(*.text *.text.*)
 .text          0x00108040      0x280 build/ecrobot_init.o
                0x00108040                start
                0x001081ac                undef_handler
                0x001081b0                swi_handler
                0x001081b4                prefetch_abort_handler
                0x001081b8                data_abort_handler
                0x001081d4                reserved_handler
                0x001082c0                . = ALIGN (0x10)

.ram_text       0x00200040     0x2fa0 load address 0x001082c0
                0x00200040                . = ALIGN (0x10)
 *.oram(*.text *.text.* *.glue*)
 .text.systick_isr_C1
                0x00200040       0x28 build/syslib/at91sam7s-gnu/lego_nxt/hw_sys_timer.oram
                0x00200040                systick_isr_C1
 *fill*         0x00200068        0x8 00
 .text          0x00200070      0x230 build/config/at91sam7s-gnu/cpu_support.oram
                0x00200070                dispatch
                0x002000b0                activate_r
                0x002000e0                exit_and_dispatch
                0x002000f0                start_dispatch
                0x002001ac                _interrupt
                0x0020021c                int_return
                0x00200248                disable_int
                0x00200250                enable_int
                0x00200258                nop
 .text          0x002002a0      0x2c0 build/config/at91sam7s-gnu/irq.oram
                0x002002a0                default_isr
                0x002002a0                default_fiq
                0x002002a0                spurious_isr
                0x002002a4                systick_isr_entry
                0x002002ec                systick_low_priority_entry
                0x0020032c                udp_isr_entry
                0x0020036c                spi_isr_entry
                0x002003ac                twi_isr_entry
                0x002003ec                sound_isr_entry
                0x0020042c                uart_isr_entry_0
                0x0020046c                uart_isr_entry_1
                0x002004ac                nxt_motor_isr_entry
                0x002004ec                i2c_timer_isr_entry
 .text.uart_process_isr
                0x00200560       0x88 ../../ecrobot/../ecrobot/libecrobot.a(uart.oram)
 .text.uart_isr_C_1
                0x002005e8        0xc ../../ecrobot/../ecrobot/libecrobot.a(uart.oram)
                0x002005e8                uart_isr_C_1
 .text.uart_isr_C_0
                0x002005f4        0xc ../../ecrobot/../ecrobot/libecrobot.a(uart.oram)
                0x002005f4                uart_isr_C_0
 .text.systick_isr_C
                0x00200600       0x24 ../../ecrobot/../ecrobot/libecrobot.a(systick.oram)
                0x00200600                systick_isr_C
 .text.systick_get_ms
                0x00200624        0xc ../../ecrobot/../ecrobot/libecrobot.a(systick.oram)
                0x00200624                systick_get_ms
 .text.systick_wait_ms
                0x00200630       0x1c ../../ecrobot/../ecrobot/libecrobot.a(systick.oram)
                0x00200630                systick_wait_ms
 .text.systick_wait_ns
                0x0020064c       0x1c ../../ecrobot/../ecrobot/libecrobot.a(systick.oram)
                0x0020064c                systick_wait_ns
 .text.systick_resume
                0x00200668        0xc ../../ecrobot/../ecrobot/libecrobot.a(systick.oram)
                0x00200668                systick_resume
 .text.systick_suspend
                0x00200674        0xc ../../ecrobot/../ecrobot/libecrobot.a(systick.oram)
                0x00200674                systick_suspend
 .text.systick_init
                0x00200680       0x58 ../../ecrobot/../ecrobot/libecrobot.a(systick.oram)
                0x00200680                systick_init
 .text.systick_low_priority_C
                0x002006d8       0x1c ../../ecrobot/../ecrobot/libecrobot.a(systick.oram)
                0x002006d8                systick_low_priority_C
 .text.byte_fifo_put
                0x002006f4       0x50 ../../ecrobot/../ecrobot/libecrobot.a(byte_fifo.oram)
                0x002006f4                byte_fifo_put
 .text.byte_fifo_get
                0x00200744       0x2c ../../ecrobot/../ecrobot/libecrobot.a(byte_fifo.oram)
                0x00200744                byte_fifo_get
 .text.aic_initialise
                0x00200770       0x5c ../../ecrobot/../ecrobot/libecrobot.a(aic.oram)
                0x00200770                aic_initialise
 .text.aic_clear
                0x002007cc       0x24 ../../ecrobot/../ecrobot/libecrobot.a(aic.oram)
                0x002007cc                aic_clear
 .text.aic_mask_off
                0x002007f0       0x24 ../../ecrobot/../ecrobot/libecrobot.a(aic.oram)
                0x002007f0                aic_mask_off
 .text.aic_mask_on
                0x00200814       0x24 ../../ecrobot/../ecrobot/libecrobot.a(aic.oram)
                0x00200814                aic_mask_on
 .text.aic_set_vector
                0x00200838       0x30 ../../ecrobot/../ecrobot/libecrobot.a(aic.oram)
                0x00200838                aic_set_vector
 .text.udp_send_control
                0x00200868       0x5c ../../ecrobot/../ecrobot/libecrobot.a(udp.oram)
 .text.udp_isr_C
                0x002008c4      0x99c ../../ecrobot/../ecrobot/libecrobot.a(udp.oram)
                0x002008c4                udp_isr_C
 .text.twi_status
                0x00201260       0x20 ../../ecrobot/../ecrobot/libecrobot.a(twi.oram)
                0x00201260                twi_status
 .text.twi_isr_C
                0x00201280       0xbc ../../ecrobot/../ecrobot/libecrobot.a(twi.oram)
                0x00201280                twi_isr_C
 .text.twi_start_read
                0x0020133c       0x58 ../../ecrobot/../ecrobot/libecrobot.a(twi.oram)
                0x0020133c                twi_start_read
 .text.twi_start_write
                0x00201394       0x58 ../../ecrobot/../ecrobot/libecrobot.a(twi.oram)
                0x00201394                twi_start_write
 .text.twi_reset
                0x002013ec       0xb8 ../../ecrobot/../ecrobot/libecrobot.a(twi.oram)
                0x002013ec                twi_reset
 .text.twi_init
                0x002014a4       0x4c ../../ecrobot/../ecrobot/libecrobot.a(twi.oram)
                0x002014a4                twi_init
 .text.spi_isr_C
                0x002014f0       0x90 ../../ecrobot/../ecrobot/libecrobot.a(nxt_spi.oram)
                0x002014f0                spi_isr_C
 .text.nxt_spi_write
                0x00201580       0x78 ../../ecrobot/../ecrobot/libecrobot.a(nxt_spi.oram)
                0x00201580                nxt_spi_write
 .text.nxt_spi_set_display
                0x002015f8       0x10 ../../ecrobot/../ecrobot/libecrobot.a(nxt_spi.oram)
                0x002015f8                nxt_spi_set_display
 .text.nxt_spi_refresh
                0x00201608       0x24 ../../ecrobot/../ecrobot/libecrobot.a(nxt_spi.oram)
                0x00201608                nxt_spi_refresh
 .text.nxt_spi_init
                0x0020162c      0x128 ../../ecrobot/../ecrobot/libecrobot.a(nxt_spi.oram)
                0x0020162c                nxt_spi_init
 .text.nxt_motor_get_count
                0x00201754       0x14 ../../ecrobot/../ecrobot/libecrobot.a(nxt_motors.oram)
                0x00201754                nxt_motor_get_count
 .text.nxt_motor_set_count
                0x00201768       0x10 ../../ecrobot/../ecrobot/libecrobot.a(nxt_motors.oram)
                0x00201768                nxt_motor_set_count
 .text.nxt_motor_1kHz_process
                0x00201778       0x28 ../../ecrobot/../ecrobot/libecrobot.a(nxt_motors.oram)
                0x00201778                nxt_motor_1kHz_process
 .text.nxt_motor_quad_decode
                0x002017a0       0x48 ../../ecrobot/../ecrobot/libecrobot.a(nxt_motors.oram)
                0x002017a0                nxt_motor_quad_decode
 .text.nxt_motor_init
                0x002017e8       0x64 ../../ecrobot/../ecrobot/libecrobot.a(nxt_motors.oram)
                0x002017e8                nxt_motor_init
 .text.nxt_motor_isr_C
                0x0020184c       0x88 ../../ecrobot/../ecrobot/libecrobot.a(nxt_motors.oram)
                0x0020184c                nxt_motor_isr_C
 .text.data_abort_C
                0x002018d4       0x7c ../../ecrobot/../ecrobot/libecrobot.a(data_abort.oram)
                0x002018d4                data_abort_C
 .text.display_goto_xy
                0x00201950       0x14 ../../ecrobot/../ecrobot/libecrobot.a(display.oram)
                0x00201950                display_goto_xy
 .text.display_char
                0x00201964       0x54 ../../ecrobot/../ecrobot/libecrobot.a(display.oram)
                0x00201964                display_char
 .text.display_string
                0x002019b8       0x40 ../../ecrobot/../ecrobot/libecrobot.a(display.oram)
                0x002019b8                display_string
 .text.display_hex
                0x002019f8       0x50 ../../ecrobot/../ecrobot/libecrobot.a(display.oram)
                0x002019f8                display_hex
 .text.display_unsigned_worker
                0x00201a48       0x74 ../../ecrobot/../ecrobot/libecrobot.a(display.oram)
 .text.display_unsigned
                0x00201abc        0xc ../../ecrobot/../ecrobot/libecrobot.a(display.oram)
                0x00201abc                display_unsigned
 .text.display_int
                0x00201ac8       0x14 ../../ecrobot/../ecrobot/libecrobot.a(display.oram)
                0x00201ac8                display_int
 .text.display_bitmap_copy
                0x00201adc       0x60 ../../ecrobot/../ecrobot/libecrobot.a(display.oram)
                0x00201adc                display_bitmap_copy
 .text.display_force_update
                0x00201b3c        0xc ../../ecrobot/../ecrobot/libecrobot.a(display.oram)
                0x00201b3c                display_force_update
 .text.display_update
                0x00201b48       0x14 ../../ecrobot/../ecrobot/libecrobot.a(display.oram)
                0x00201b48                display_update
 .text.display_clear
                0x00201b5c       0x24 ../../ecrobot/../ecrobot/libecrobot.a(display.oram)
                0x00201b5c                display_clear
 .text.display_init
                0x00201b80       0x64 ../../ecrobot/../ecrobot/libecrobot.a(display.oram)
                0x00201b80                display_init
 .text.i2c_timer_isr_C
                0x00201be4      0x2e0 ../../ecrobot/../ecrobot/libecrobot.a(i2c.oram)
                0x00201be4                i2c_timer_isr_C
 .text.i2c_init
                0x00201ec4       0xac ../../ecrobot/../ecrobot/libecrobot.a(i2c.oram)
                0x00201ec4                i2c_init
 .text.sound_fill_sample_buffer
                0x00201f70       0xe8 ../../ecrobot/../ecrobot/libecrobot.a(sound.oram)
                0x00201f70                sound_fill_sample_buffer
 .text.sound_isr_C
                0x00202058      0x12c ../../ecrobot/../ecrobot/libecrobot.a(sound.oram)
                0x00202058                sound_isr_C
 .text.sound_init
                0x00202184       0xa0 ../../ecrobot/../ecrobot/libecrobot.a(sound.oram)
                0x00202184                sound_init
 .text.bt_init  0x00202224      0x1ac ../../ecrobot/../ecrobot/libecrobot.a(bt.oram)
                0x00202224                bt_init
 .text.nxt_avr_power_down
                0x002023d0       0x10 ../../ecrobot/../ecrobot/libecrobot.a(nxt_avr.oram)
                0x002023d0                nxt_avr_power_down
 .text.buttons_get
                0x002023e0        0xc ../../ecrobot/../ecrobot/libecrobot.a(nxt_avr.oram)
                0x002023e0                buttons_get
 .text.battery_voltage
                0x002023ec       0x24 ../../ecrobot/../ecrobot/libecrobot.a(nxt_avr.oram)
                0x002023ec                battery_voltage
 .text.sensor_adc
                0x00202410       0x20 ../../ecrobot/../ecrobot/libecrobot.a(nxt_avr.oram)
                0x00202410                sensor_adc
 .text.nxt_avr_set_input_power
                0x00202430       0x3c ../../ecrobot/../ecrobot/libecrobot.a(nxt_avr.oram)
                0x00202430                nxt_avr_set_input_power
 .text.nxt_avr_init
                0x0020246c       0x68 ../../ecrobot/../ecrobot/libecrobot.a(nxt_avr.oram)
                0x0020246c                nxt_avr_init
 .text.nxt_avr_link_init
                0x002024d4       0x20 ../../ecrobot/../ecrobot/libecrobot.a(nxt_avr.oram)
                0x002024d4                nxt_avr_link_init
 .text.nxt_avr_1kHz_update
                0x002024f4      0x1d0 ../../ecrobot/../ecrobot/libecrobot.a(nxt_avr.oram)
                0x002024f4                nxt_avr_1kHz_update
 .text.init_sensors
                0x002026c4       0xb8 ../../ecrobot/../ecrobot/libecrobot.a(sensors.oram)
                0x002026c4                init_sensors
 .text.nxt_lcd_update
                0x0020277c        0xc ../../ecrobot/../ecrobot/libecrobot.a(nxt_lcd.oram)
                0x0020277c                nxt_lcd_update
 .text.nxt_lcd_command
                0x00202788       0x18 ../../ecrobot/../ecrobot/libecrobot.a(nxt_lcd.oram)
                0x00202788                nxt_lcd_command
 .text.nxt_lcd_set_bias_ratio
                0x002027a0       0x18 ../../ecrobot/../ecrobot/libecrobot.a(nxt_lcd.oram)
                0x002027a0                nxt_lcd_set_bias_ratio
 .text.nxt_lcd_reset
                0x002027b8        0xc ../../ecrobot/../ecrobot/libecrobot.a(nxt_lcd.oram)
                0x002027b8                nxt_lcd_reset
 .text.nxt_lcd_power_down
                0x002027c4        0xc ../../ecrobot/../ecrobot/libecrobot.a(nxt_lcd.oram)
                0x002027c4                nxt_lcd_power_down
 .text.nxt_lcd_set_map_control
                0x002027d0       0x1c ../../ecrobot/../ecrobot/libecrobot.a(nxt_lcd.oram)
                0x002027d0                nxt_lcd_set_map_control
 .text.nxt_lcd_enable
                0x002027ec       0x14 ../../ecrobot/../ecrobot/libecrobot.a(nxt_lcd.oram)
                0x002027ec                nxt_lcd_enable
 .text.nxt_lcd_set_ram_address_control
                0x00202800       0x18 ../../ecrobot/../ecrobot/libecrobot.a(nxt_lcd.oram)
                0x00202800                nxt_lcd_set_ram_address_control
 .text.nxt_lcd_set_pot
                0x00202818       0x18 ../../ecrobot/../ecrobot/libecrobot.a(nxt_lcd.oram)
                0x00202818                nxt_lcd_set_pot
 .text.nxt_lcd_set_page_address
                0x00202830       0x18 ../../ecrobot/../ecrobot/libecrobot.a(nxt_lcd.oram)
                0x00202830                nxt_lcd_set_page_address
 .text.nxt_lcd_set_multiplex_rate
                0x00202848       0x18 ../../ecrobot/../ecrobot/libecrobot.a(nxt_lcd.oram)
                0x00202848                nxt_lcd_set_multiplex_rate
 .text.nxt_lcd_power_up
                0x00202860       0x48 ../../ecrobot/../ecrobot/libecrobot.a(nxt_lcd.oram)
                0x00202860                nxt_lcd_power_up
 .text.nxt_lcd_init
                0x002028a8       0x18 ../../ecrobot/../ecrobot/libecrobot.a(nxt_lcd.oram)
                0x002028a8                nxt_lcd_init
 .text.nxt_lcd_set_col
                0x002028c0       0x24 ../../ecrobot/../ecrobot/libecrobot.a(nxt_lcd.oram)
                0x002028c0                nxt_lcd_set_col
 .text.nxt_lcd_force_update
                0x002028e4       0x30 ../../ecrobot/../ecrobot/libecrobot.a(nxt_lcd.oram)
                0x002028e4                nxt_lcd_force_update
 .text.nxt_device_init
                0x00202914       0x38 ../../ecrobot/../ecrobot/libecrobot.a(flash_loader.oram)
                0x00202914                nxt_device_init
 .text.set_flash_request
                0x0020294c       0x54 ../../ecrobot/../ecrobot/libecrobot.a(flash_loader.oram)
                0x0020294c                set_flash_request
 .text          0x002029a0       0x68 ../../ecrobot/../ecrobot/libecrobot.a(interrupts.oram)
                0x002029a0                interrupts_get_and_disable
                0x002029c4                interrupts_enable
                0x002029d4                fiq_get_and_disable
                0x002029f8                fiq_enable
 .text.flash_write_page
                0x00202a08       0xbc ../../ecrobot/../ecrobot/libecrobot.a(flashprog.oram)
                0x00202a08                flash_write_page
                0x00202ad0                . = ALIGN (0x10)
 *fill*         0x00202ac4        0xc 00
 *.oram(*.rodata *.rodata.*)
 .rodata.dd     0x00202ad0       0x14 ../../ecrobot/../ecrobot/libecrobot.a(udp.oram)
 .rodata.ld     0x00202ae4        0x4 ../../ecrobot/../ecrobot/libecrobot.a(udp.oram)
 .rodata.cfd    0x00202ae8       0x20 ../../ecrobot/../ecrobot/libecrobot.a(udp.oram)
 .rodata.str1.1
                0x00202b08       0x1d ../../ecrobot/../ecrobot/libecrobot.a(data_abort.oram)
 *fill*         0x00202b25        0x3 00
 .rodata.font   0x00202b28      0x280 ../../ecrobot/../ecrobot/libecrobot.a(display.oram)
 .rodata.display_buffer
                0x00202da8        0x4 ../../ecrobot/../ecrobot/libecrobot.a(display.oram)
 .rodata.str1.1
                0x00202dac       0x67 ../../ecrobot/../ecrobot/libecrobot.a(display.oram)
 *fill*         0x00202e13        0x1 00
 .rodata.i2c_timer_isr_C
                0x00202e14       0x38 ../../ecrobot/../ecrobot/libecrobot.a(i2c.oram)
 .rodata.i2c_pin
                0x00202e4c       0x20 ../../ecrobot/../ecrobot/libecrobot.a(i2c.oram)
 .rodata        0x00202e6c        0x9 ../../ecrobot/../ecrobot/libecrobot.a(sound.oram)
 *fill*         0x00202e75        0x3 00
 .rodata.sample_pattern
                0x00202e78       0x84 ../../ecrobot/../ecrobot/libecrobot.a(sound.oram)
                0x00202e78                sample_pattern
 .rodata.silence
                0x00202efc       0x40 ../../ecrobot/../ecrobot/libecrobot.a(sound.oram)
                0x00202efc                silence
 .rodata.nxt_avr_1kHz_update
                0x00202f3c       0x14 ../../ecrobot/../ecrobot/libecrobot.a(nxt_avr.oram)
 .rodata.avr_brainwash_string
                0x00202f50       0x30 ../../ecrobot/../ecrobot/libecrobot.a(nxt_avr.oram)
                0x00202f50                avr_brainwash_string
 .rodata.C.54.1862
                0x00202f80       0x10 ../../ecrobot/../ecrobot/libecrobot.a(sensors.oram)
 .rodata.C.58.1896
                0x00202f90       0x10 ../../ecrobot/../ecrobot/libecrobot.a(sensors.oram)
 .rodata.str1.1
                0x00202fa0       0x21 ../../ecrobot/../ecrobot/libecrobot.a(flash_loader.oram)
 *fill*         0x00202fc1        0x7 00
 .rodata.str1.1.stub
                0x00202fc8       0x10 linker stubs
                0x00202fe0                . = ALIGN (0x10)
 *fill*         0x00202fd8        0x8 00
                0x00200040                __ramtext_ram_start__ = ADDR (.ram_text)
                0x00202fe0                __ramtext_ram_end__ = (ADDR (.ram_text) + SIZEOF (.ram_text))
                0x001082c0                __ramtext_load_start__ = LOADADDR (.ram_text)
                0x0010b260                __ramtext_load_end__ = (__ramtext_load_start__ + SIZEOF (.ram_text))

.wav_data       0x0010b260        0x0
 *.owav(*.data *.data.*)
                0x0010b260                . = ALIGN (0x10)

.bmp_data       0x0010b260      0x440
 *.obmp(*.data *.data.*)
 .data          0x0010b260      0x43e ../../ecrobot/../ecrobot/libecrobot.a(nxtosek_splash.obmp)
                0x0010b260                nxtosek_splash_bmp_start
                0x0010b69e                nxtosek_splash_bmp_end
                0x0010b6a0                . = ALIGN (0x10)
 *fill*         0x0010b69e        0x2 00

.spr_data       0x0010b6a0        0x0
 *.ospr(*.data *.data.*)
                0x0010b6a0                . = ALIGN (0x10)

.data           0x00202fe0       0x70 load address 0x0010b6a0
 *(*.data *.data.*)
 .data.bt_status
                0x00202fe0        0x1 build/ecrobot_bluetooth.o
 *fill*         0x00202fe1        0x3 00
 .data.distance_state
                0x00202fe4       0x10 ../../ecrobot/../ecrobot/libecrobot.a(ecrobot_interface.o)
 .data.deviceStatus
                0x00202ff4        0x1 ../../ecrobot/../ecrobot/libecrobot.a(ecrobot_interface.o)
 *fill*         0x00202ff5        0x3 00
 .data.named    0x00202ff8       0x24 ../../ecrobot/../ecrobot/libecrobot.a(udp.oram)
 .data.snd      0x0020301c       0x1c ../../ecrobot/../ecrobot/libecrobot.a(udp.oram)
 .data.configured
                0x00203038        0x4 ../../ecrobot/../ecrobot/libecrobot.a(udp.oram)
 .bss.data      0x0020303c        0x4 ../../ecrobot/../ecrobot/libecrobot.a(nxt_spi.oram)
                0x0020303c                data
 .data.mode     0x00203040        0x1 ../../ecrobot/../ecrobot/libecrobot.a(nxt_spi.oram)
                0x00203040                mode
 *fill*         0x00203041        0x3 00
 .data.display_auto_update
                0x00203044        0x4 ../../ecrobot/../ecrobot/libecrobot.a(display.oram)
                0x00203044                display_auto_update
                0x00203050                . = ALIGN (0x10)
 *fill*         0x00203048        0x8 00
                0x00202fe0                __data_ram_start__ = ADDR (.data)
                0x00203050                __data_ram_end__ = (ADDR (.data) + SIZEOF (.data))
                0x0010b6a0                __data_load_start__ = LOADADDR (.data)
                0x0010b710                __data_load_end__ = (__data_load_start__ + SIZEOF (.data))

.text           0x0010b710      0xd70
                0x0010b710                . = ALIGN (0x10)
 *(*.text *.text.* *.glue*)
 .glue_7        0x0010b710       0x18 linker stubs
                0x0010b710                __call_posttaskhook_from_arm
                0x0010b71c                __call_pretaskhook_from_arm
 .glue_7t       0x00000000        0x0 linker stubs
 .text.StartOS  0x0010b728       0x58 build/kernel/osctl.o
                0x0010b728                StartOS
 .text.call_pretaskhook
                0x0010b780       0x24 build/kernel/osctl.o
                0x0010b780                call_pretaskhook
 .text.call_posttaskhook
                0x0010b7a4       0x24 build/kernel/osctl.o
                0x0010b7a4                call_posttaskhook
 .text.make_runnable
                0x0010b7c8       0xa4 build/kernel/task.o
                0x0010b7c8                make_runnable
 .text.make_active
                0x0010b86c       0x78 build/kernel/task.o
                0x0010b86c                make_active
 .text.task_initialize
                0x0010b8e4       0x88 build/kernel/task.o
                0x0010b8e4                task_initialize
 .text.cpu_initialize
                0x0010b96c        0x4 build/config/at91sam7s-gnu/cpu_config.o
                0x0010b96c                cpu_initialize
 .text.sys_initialize
                0x0010b970        0x4 build/config/at91sam7s-gnu/lego_nxt/sys_config.o
                0x0010b970                sys_initialize
 .text.object_initialize
                0x0010b974        0xc build/./kernel_cfg.o
                0x0010b974                object_initialize
 .text.ecrobot_get_bt_status
                0x0010b980        0xc build/ecrobot_bluetooth.o
                0x0010b980                ecrobot_get_bt_status
 .text.init_OS_flag
                0x0010b98c        0xc build/ecrobot_base.o
                0x0010b98c                init_OS_flag
 .text.set_OS_flag
                0x0010b998        0xc build/ecrobot_base.o
                0x0010b998                set_OS_flag
 .text.get_OS_flag
                0x0010b9a4        0xc build/ecrobot_base.o
                0x0010b9a4                get_OS_flag
 .text.cpp_constructor
                0x0010b9b0       0x28 build/ecrobot_base.o
                0x0010b9b0                cpp_constructor
 .text.cpp_destructor
                0x0010b9d8       0x28 build/ecrobot_base.o
                0x0010b9d8                cpp_destructor
 .text.execution_mode
                0x0010ba00       0x14 build/ecrobot_base.o
                0x0010ba00                execution_mode
 .text.shutdown_NXT
                0x0010ba14       0x2c build/ecrobot_base.o
                0x0010ba14                shutdown_NXT
 .text.restart_NXT
                0x0010ba40       0x2c build/ecrobot_base.o
                0x0010ba40                restart_NXT
 .text.check_NXT_buttons
                0x0010ba6c       0x38 build/ecrobot_base.o
                0x0010ba6c                check_NXT_buttons
 .text.add_status_info
                0x0010baa4       0x68 build/ecrobot_base.o
                0x0010baa4                add_status_info
 .text.show_main_screen
                0x0010bb0c       0x48 build/ecrobot_base.o
                0x0010bb0c                show_main_screen
 .text.display_status_bar
                0x0010bb54       0x5c build/ecrobot_base.o
                0x0010bb54                display_status_bar
 .text.show_splash_screen
                0x0010bbb0       0x98 build/ecrobot_base.o
                0x0010bbb0                show_splash_screen
 .text.main     0x0010bc48      0x108 build/ecrobot.o
                0x0010bc48                main
 .text.user_1ms_isr_type2
                0x0010bd50        0x4 build/helloworld.o
                0x0010bd50                user_1ms_isr_type2
 .text.TaskMainOSEK_Task_Background
                0x0010bd54       0x18 build/helloworld.o
                0x0010bd54                TaskMainOSEK_Task_Background
 .text.ecrobot_device_initialize
                0x0010bd6c        0x4 ../../ecrobot/../ecrobot/libecrobot.a(ecrobot_device_hook.o)
                0x0010bd6c                ecrobot_device_initialize
 .text.ecrobot_device_terminate
                0x0010bd70        0x4 ../../ecrobot/../ecrobot/libecrobot.a(ecrobot_device_hook.o)
                0x0010bd70                ecrobot_device_terminate
 .text.ecrobot_get_battery_voltage
                0x0010bd74        0xc ../../ecrobot/../ecrobot/libecrobot.a(ecrobot_interface.o)
                0x0010bd74                ecrobot_get_battery_voltage
 .text.ecrobot_get_button_state
                0x0010bd80        0xc ../../ecrobot/../ecrobot/libecrobot.a(ecrobot_interface.o)
                0x0010bd80                ecrobot_get_button_state
 .text.ecrobot_setDeviceInitialized
                0x0010bd8c       0x14 ../../ecrobot/../ecrobot/libecrobot.a(ecrobot_interface.o)
                0x0010bd8c                ecrobot_setDeviceInitialized
 .text.ecrobot_initDeviceStatus
                0x0010bda0        0xc ../../ecrobot/../ecrobot/libecrobot.a(ecrobot_interface.o)
                0x0010bda0                ecrobot_initDeviceStatus
 .text.ecrobot_bmp2lcd
                0x0010bdac      0x1b4 ../../ecrobot/../ecrobot/libecrobot.a(ecrobot_interface.o)
                0x0010bdac                ecrobot_bmp2lcd
 .text.ecrobot_status_monitor
                0x0010bf60      0x148 ../../ecrobot/../ecrobot/libecrobot.a(ecrobot_interface.o)
                0x0010bf60                ecrobot_status_monitor
 .text.ecrobot_poll_nxtstate
                0x0010c0a8       0x68 ../../ecrobot/../ecrobot/libecrobot.a(ecrobot_interface.o)
                0x0010c0a8                ecrobot_poll_nxtstate
 .text.ecrobot_init_nxtstate
                0x0010c110       0x28 ../../ecrobot/../ecrobot/libecrobot.a(ecrobot_interface.o)
                0x0010c110                ecrobot_init_nxtstate
 .text.StartupHook
                0x0010c138        0x4 ../../ecrobot/../ecrobot/libecrobot.a(osek_hook.o)
                0x0010c138                StartupHook
 .text.PreTaskHook
                0x0010c13c        0x4 ../../ecrobot/../ecrobot/libecrobot.a(osek_hook.o)
                0x0010c13c                PreTaskHook
 .text.PostTaskHook
                0x0010c140        0x4 ../../ecrobot/../ecrobot/libecrobot.a(osek_hook.o)
                0x0010c140                PostTaskHook
 .text          0x0010c144       0x8c /home/adrian/lego/lego-arm/gnuarm/bin/../lib/gcc/arm-elf/4.4.2/thumb/interwork/libgcc.a(_udivsi3.o)
                0x0010c144                __udivsi3
                0x0010c144                __aeabi_uidiv
                0x0010c1c0                __aeabi_uidivmod
 .text          0x0010c1d0       0xc8 /home/adrian/lego/lego-arm/gnuarm/bin/../lib/gcc/arm-elf/4.4.2/thumb/interwork/libgcc.a(_umodsi3.o)
                0x0010c1d0                __umodsi3
 .text          0x0010c298        0x4 /home/adrian/lego/lego-arm/gnuarm/bin/../lib/gcc/arm-elf/4.4.2/thumb/interwork/libgcc.a(_dvmd_tls.o)
                0x0010c298                __aeabi_ldiv0
                0x0010c298                __div0
                0x0010c298                __aeabi_idiv0
 .text          0x0010c29c       0x94 /home/adrian/lego/lego-arm/gnuarm/bin/../lib/gcc/arm-elf/4.4.2/../../../../arm-elf/lib/thumb/interwork/libc.a(lib_a-memset.o)
                0x0010c29c                memset
 .text          0x0010c330       0x10 /home/adrian/lego/lego-arm/gnuarm/bin/../lib/gcc/arm-elf/4.4.2/../../../../arm-elf/lib/thumb/interwork/libc.a(lib_a-strcpy.o)
                0x0010c330                strcpy
 .text          0x0010c340       0x10 /home/adrian/lego/lego-arm/gnuarm/bin/../lib/gcc/arm-elf/4.4.2/../../../../arm-elf/lib/thumb/interwork/libc.a(lib_a-strlen.o)
                0x0010c340                strlen
                0x0010c350                . = ALIGN (0x10)
 *(*.rodata *.rodata.*)
 .rodata.tnum_task
                0x0010c350        0x1 build/./kernel_cfg.o
                0x0010c350                tnum_task
 *fill*         0x0010c351        0x3 00
 .rodata.tinib_stksz
                0x0010c354        0x4 build/./kernel_cfg.o
                0x0010c354                tinib_stksz
 .rodata.tinib_inipri
                0x0010c358        0x4 build/./kernel_cfg.o
                0x0010c358                tinib_inipri
 .rodata.tinib_stk
                0x0010c35c        0x4 build/./kernel_cfg.o
                0x0010c35c                tinib_stk
 .rodata.tnum_exttask
                0x0010c360        0x1 build/./kernel_cfg.o
                0x0010c360                tnum_exttask
 *fill*         0x0010c361        0x3 00
 .rodata.tinib_exepri
                0x0010c364        0x4 build/./kernel_cfg.o
                0x0010c364                tinib_exepri
 .rodata.tinib_autoact
                0x0010c368        0x4 build/./kernel_cfg.o
                0x0010c368                tinib_autoact
 .rodata.tinib_task
                0x0010c36c        0x4 build/./kernel_cfg.o
                0x0010c36c                tinib_task
 .rodata.str1.1
                0x0010c370       0x6c build/ecrobot_base.o
 .rodata.exec_addr
                0x0010c3dc        0x4 build/ecrobot_base.o
                0x0010c3dc                exec_addr
 .rodata.str1.1
                0x0010c3e0       0x11 build/helloworld.o
 .rodata.str1.1
                0x0010c3f1       0x61 ../../ecrobot/../ecrobot/libecrobot.a(ecrobot_interface.o)
                                 0x6d (size before relaxing)
 *fill*         0x0010c452        0x6 00
 .rodata.str1.1.stub
                0x0010c458       0x20 linker stubs
                0x0010c480                . = ALIGN (0x10)
 *fill*         0x0010c478        0x8 00
 *(*.gnu.linkonce.* .gcc_except_table)
                0x0010c480                . = ALIGN (0x10)

.vfp11_veneer   0x00203050        0x0
 .vfp11_veneer  0x00000000        0x0 linker stubs

.v4_bx          0x00203050        0x0
 .v4_bx         0x00000000        0x0 linker stubs

.tors           0x0010c480        0x0
                0x0010c480                . = ALIGN (0x10)
                0x0010c480                __ctor_begin = .
 *(*.ctors*)
                0x0010c480                __ctor_end = .
                0x0010c480                . = ALIGN (0x10)
                0x0010c480                __dtor_begin = .
 *(*.dtors*)
                0x0010c480                __dtor_end = .
                0x0010c480                . = ALIGN (0x10)
                0x0010c480                __rom_end__ = __dtor_end

.bss            0x00203050     0x103c
 *(*.bss *.bss.*)
 .bss.ready_queue_first
                0x00203050       0x10 build/kernel/task.o
 .bss.ready_primap
                0x00203060        0x2 build/kernel/task.o
 *fill*         0x00203062        0x2 00
 .bss.ready_queue_last
                0x00203064       0x10 build/kernel/task.o
 .bss._stack_OSEK_Task_Background
                0x00203074      0x200 build/./kernel_cfg.o
 .bss.last_act_time.2836
                0x00203274        0x4 build/ecrobot_base.o
 .bss.status_bar_position
                0x00203278        0x4 build/ecrobot_base.o
 .bss.lcd.2758  0x0020327c      0x320 build/ecrobot_base.o
 .bss.status_bar
                0x0020359c       0x10 build/ecrobot_base.o
 .bss.OS_flag   0x002035ac        0x4 build/ecrobot_base.o
 .bss.ecrobot_inputs
                0x002035b0        0x8 ../../ecrobot/../ecrobot/libecrobot.a(ecrobot_interface.o)
 .bss.buttons_states
                0x002035b8       0x14 ../../ecrobot/../ecrobot/libecrobot.a(ecrobot_interface.o)
 .bss.buttons_i
                0x002035cc        0x4 ../../ecrobot/../ecrobot/libecrobot.a(ecrobot_interface.o)
 .bss.systick_ms
                0x002035d0        0x4 ../../ecrobot/../ecrobot/libecrobot.a(systick.oram)
 .bss.newAddress
                0x002035d4        0x4 ../../ecrobot/../ecrobot/libecrobot.a(udp.oram)
 .bss.outCnt    0x002035d8        0x4 ../../ecrobot/../ecrobot/libecrobot.a(udp.oram)
 .bss.currentConfig
                0x002035dc        0x1 ../../ecrobot/../ecrobot/libecrobot.a(udp.oram)
 *fill*         0x002035dd        0x3 00
 .bss.outPtr    0x002035e0        0x4 ../../ecrobot/../ecrobot/libecrobot.a(udp.oram)
 .bss.currentFeatures
                0x002035e4        0x4 ../../ecrobot/../ecrobot/libecrobot.a(udp.oram)
 .bss.delayedEnable
                0x002035e8        0x1 ../../ecrobot/../ecrobot/libecrobot.a(udp.oram)
 *fill*         0x002035e9        0x3 00
 .bss.currentRxBank
                0x002035ec        0x4 ../../ecrobot/../ecrobot/libecrobot.a(udp.oram)
 .bss.twi_state
                0x002035f0        0x4 ../../ecrobot/../ecrobot/libecrobot.a(twi.oram)
 .bss.twi_ptr   0x002035f4        0x4 ../../ecrobot/../ecrobot/libecrobot.a(twi.oram)
 .bss.twi_pending
                0x002035f8        0x4 ../../ecrobot/../ecrobot/libecrobot.a(twi.oram)
 .bss.twi_mask  0x002035fc        0x4 ../../ecrobot/../ecrobot/libecrobot.a(twi.oram)
 .bss.dirty     0x00203600        0x1 ../../ecrobot/../ecrobot/libecrobot.a(nxt_spi.oram)
                0x00203600                dirty
 .bss.page      0x00203601        0x1 ../../ecrobot/../ecrobot/libecrobot.a(nxt_spi.oram)
                0x00203601                page
 *fill*         0x00203602        0x2 00
 .bss.display   0x00203604        0x4 ../../ecrobot/../ecrobot/libecrobot.a(nxt_spi.oram)
                0x00203604                display
 .bss.motor     0x00203608       0x30 ../../ecrobot/../ecrobot/libecrobot.a(nxt_motors.oram)
 .bss.nxt_motor_initialised
                0x00203638        0x4 ../../ecrobot/../ecrobot/libecrobot.a(nxt_motors.oram)
 .bss.interrupts_this_period
                0x0020363c        0x4 ../../ecrobot/../ecrobot/libecrobot.a(nxt_motors.oram)
 .bss.display_array
                0x00203640      0x388 ../../ecrobot/../ecrobot/libecrobot.a(display.oram)
 .bss.display_tick
                0x002039c8        0x4 ../../ecrobot/../ecrobot/libecrobot.a(display.oram)
                0x002039c8                display_tick
 .bss.i2c_port  0x002039cc      0x170 ../../ecrobot/../ecrobot/libecrobot.a(i2c.oram)
 .bss.i2c_int_count
                0x00203b3c        0x4 ../../ecrobot/../ecrobot/libecrobot.a(i2c.oram)
 .bss.sound_mode
                0x00203b40        0x1 ../../ecrobot/../ecrobot/libecrobot.a(sound.oram)
                0x00203b40                sound_mode
 *fill*         0x00203b41        0x3 00
 .bss.in_buf    0x00203b44      0x100 ../../ecrobot/../ecrobot/libecrobot.a(bt.oram)
 .bss.out_buf_ptr
                0x00203c44        0x1 ../../ecrobot/../ecrobot/libecrobot.a(bt.oram)
 *fill*         0x00203c45        0x3 00
 .bss.buf_ptr   0x00203c48        0x4 ../../ecrobot/../ecrobot/libecrobot.a(bt.oram)
 .bss.in_buf_in_ptr
                0x00203c4c        0x1 ../../ecrobot/../ecrobot/libecrobot.a(bt.oram)
 *fill*         0x00203c4d        0x3 00
 .bss.in_buf_idx
                0x00203c50        0x4 ../../ecrobot/../ecrobot/libecrobot.a(bt.oram)
 .bss.update_count
                0x00203c54        0x4 ../../ecrobot/../ecrobot/libecrobot.a(nxt_avr.oram)
 .bss.debounce_state
                0x00203c58        0x2 ../../ecrobot/../ecrobot/libecrobot.a(nxt_avr.oram)
 .bss.button_state
                0x00203c5a        0x2 ../../ecrobot/../ecrobot/libecrobot.a(nxt_avr.oram)
 .bss.from_buf  0x00203c5c        0x4 ../../ecrobot/../ecrobot/libecrobot.a(nxt_avr.oram)
 .bss.io_from_avr
                0x00203c60        0x4 ../../ecrobot/../ecrobot/libecrobot.a(nxt_avr.oram)
 .bss.data_from_avr
                0x00203c64       0x1c ../../ecrobot/../ecrobot/libecrobot.a(nxt_avr.oram)
 .bss.debounce_cnt
                0x00203c80        0x2 ../../ecrobot/../ecrobot/libecrobot.a(nxt_avr.oram)
 *fill*         0x00203c82        0x2 00
 .bss.nxt_avr_stats
                0x00203c84       0x14 ../../ecrobot/../ecrobot/libecrobot.a(nxt_avr.oram)
 .bss.link_state
                0x00203c98        0x4 ../../ecrobot/../ecrobot/libecrobot.a(nxt_avr.oram)
 .bss.io_to_avr
                0x00203c9c        0x8 ../../ecrobot/../ecrobot/libecrobot.a(nxt_avr.oram)
 .bss.prev_buttons
                0x00203ca4        0x2 ../../ecrobot/../ecrobot/libecrobot.a(nxt_avr.oram)
 *fill*         0x00203ca6        0x2 00
 .bss.data_to_avr
                0x00203ca8        0xc ../../ecrobot/../ecrobot/libecrobot.a(nxt_avr.oram)
 .bss.display   0x00203cb4        0x4 ../../ecrobot/../ecrobot/libecrobot.a(nxt_lcd.oram)
                0x00203cc0                . = ALIGN (0x10)
 *fill*         0x00203cb8        0x8 00
                0x00203cc0                __bss_end__ = .
 COMMON         0x00203cc0        0x2 build/kernel/interrupt.o
                0x00203cc0                runisr
                0x00203cc1                sus_all_cnt
 *fill*         0x00203cc2        0x2 00
 COMMON         0x00203cc4       0x10 build/kernel/osctl.o
                0x00203cc4                callevel
                0x00203cc5                _errorhook_svcid
                0x00203cc6                appmode
                0x00203cc8                _errorhook_par1
                0x00203ccc                _errorhook_par3
                0x00203cd0                _errorhook_par2
 COMMON         0x00203cd4        0x3 build/kernel/task.o
                0x00203cd4                runtsk
                0x00203cd5                schedtsk
                0x00203cd6                nextpri
 *fill*         0x00203cd7        0x1 00
 COMMON         0x00203cd8       0x48 build/./kernel_cfg.o
                0x00203cd8                tcb_waievt
                0x00203cdc                rescb_prevpri
                0x00203ce0                almcb_prev
                0x00203ce4                tcb_lastres
                0x00203ce8                almcb_almval
                0x00203cec                tcxb_pc
                0x00203cf0                tcb_next
                0x00203cf4                tcb_curpri
                0x00203cf8                tcb_tstat
                0x00203cfc                isrcb_lastres
                0x00203d00                cntcb_almque
                0x00203d04                rescb_prevres
                0x00203d08                tcb_actcnt
                0x00203d0c                tcb_curevt
                0x00203d10                almcb_cycle
                0x00203d14                tcxb_sp
                0x00203d18                almcb_next
                0x00203d1c                cntcb_curval
 COMMON         0x00203d20       0x44 ../../ecrobot/../ecrobot/libecrobot.a(uart.oram)
                0x00203d20                uart
 COMMON         0x00203d64        0x4 ../../ecrobot/../ecrobot/libecrobot.a(data_abort.oram)
                0x00203d64                data_abort_pc
 COMMON         0x00203d68        0x8 ../../ecrobot/../ecrobot/libecrobot.a(display.oram)
                0x00203d68                display_x
                0x00203d6c                display_y
 COMMON         0x00203d70      0x31c ../../ecrobot/../ecrobot/libecrobot.a(sound.oram)
                0x00203d70                sample
                0x00203050                __bss_start__ = ADDR (.bss)
                0x0020408c                __bss_end__ = (ADDR (.bss) + SIZEOF (.bss))
                0x0020408c                PROVIDE (end, .)

.heap_area      0x0020408c     0xbaec
                0x0020fb78                . = (. + (0x20fb78 - end))
 *fill*         0x0020408c     0xbaec 00

.stack          0x0020fb78      0x488
                0x0020fbf8                . = (. + 0x80)
 *fill*         0x0020fb78       0x80 00
                0x0020fc00                . = ALIGN (0x10)
 *fill*         0x0020fbf8        0x8 00
                0x0020fc00                __irq_stack__ = .
                0x0020fc00                __system_stack_bottom__ = .
                0x00210000                . = (. + 0x400)
 *fill*         0x0020fc00      0x400 00
                0x00210000                . = ALIGN (0x10)
                0x00210000                __system_stack__ = .
                0x00210000                __system_stack_top__ = .
                0x0020fb78                __stack_start__ = ADDR (.stack)
                0x00210000                __stack_end__ = (ADDR (.stack) + SIZEOF (.stack))
OUTPUT(helloworld_OSEK_rom.elf elf32-littlearm)

.comment        0x00000000       0x11
 .comment       0x00000000       0x11 build/kernel/alarm.o
                                 0x12 (size before relaxing)
 .comment       0x00000000       0x12 build/kernel/event.o
 .comment       0x00000000       0x12 build/kernel/interrupt.o
 .comment       0x00000000       0x12 build/kernel/osctl.o
 .comment       0x00000000       0x12 build/kernel/resource.o
 .comment       0x00000000       0x12 build/kernel/task.o
 .comment       0x00000000       0x12 build/kernel/task_manage.o
 .comment       0x00000000       0x12 build/config/at91sam7s-gnu/cpu_config.o
 .comment       0x00000000       0x12 build/config/at91sam7s-gnu/lego_nxt/sys_config.o
 .comment       0x00000000       0x12 build/./kernel_cfg.o
 .comment       0x00000000       0x12 build/syscalls.o
 .comment       0x00000000       0x12 build/ecrobot_bluetooth.o
 .comment       0x00000000       0x12 build/ecrobot_base.o
 .comment       0x00000000       0x12 build/ecrobot.o
 .comment       0x00000000       0x12 build/helloworld.o
 .comment       0x00000000       0x12 build/syslib/at91sam7s-gnu/lego_nxt/hw_sys_timer.oram
 .comment       0x00000000       0x12 ../../ecrobot/../ecrobot/libecrobot.a(ecrobot_device_hook.o)
 .comment       0x00000000       0x12 ../../ecrobot/../ecrobot/libecrobot.a(ecrobot_interface.o)
 .comment       0x00000000       0x12 ../../ecrobot/../ecrobot/libecrobot.a(colorsensor.o)
 .comment       0x00000000       0x12 ../../ecrobot/../ecrobot/libecrobot.a(osek_hook.o)
 .comment       0x00000000       0x12 ../../ecrobot/../ecrobot/libecrobot.a(uart.oram)
 .comment       0x00000000       0x12 ../../ecrobot/../ecrobot/libecrobot.a(systick.oram)
 .comment       0x00000000       0x12 ../../ecrobot/../ecrobot/libecrobot.a(byte_fifo.oram)
 .comment       0x00000000       0x12 ../../ecrobot/../ecrobot/libecrobot.a(aic.oram)
 .comment       0x00000000       0x12 ../../ecrobot/../ecrobot/libecrobot.a(udp.oram)
 .comment       0x00000000       0x12 ../../ecrobot/../ecrobot/libecrobot.a(twi.oram)
 .comment       0x00000000       0x12 ../../ecrobot/../ecrobot/libecrobot.a(nxt_spi.oram)
 .comment       0x00000000       0x12 ../../ecrobot/../ecrobot/libecrobot.a(nxt_motors.oram)
 .comment       0x00000000       0x12 ../../ecrobot/../ecrobot/libecrobot.a(data_abort.oram)
 .comment       0x00000000       0x12 ../../ecrobot/../ecrobot/libecrobot.a(display.oram)
 .comment       0x00000000       0x12 ../../ecrobot/../ecrobot/libecrobot.a(i2c.oram)
 .comment       0x00000000       0x12 ../../ecrobot/../ecrobot/libecrobot.a(sound.oram)
 .comment       0x00000000       0x12 ../../ecrobot/../ecrobot/libecrobot.a(bt.oram)
 .comment       0x00000000       0x12 ../../ecrobot/../ecrobot/libecrobot.a(nxt_avr.oram)
 .comment       0x00000000       0x12 ../../ecrobot/../ecrobot/libecrobot.a(sensors.oram)
 .comment       0x00000000       0x12 ../../ecrobot/../ecrobot/libecrobot.a(sensors1.oram)
 .comment       0x00000000       0x12 ../../ecrobot/../ecrobot/libecrobot.a(nxt_lcd.oram)
 .comment       0x00000000       0x12 ../../ecrobot/../ecrobot/libecrobot.a(flash_loader.oram)
 .comment       0x00000000       0x12 ../../ecrobot/../ecrobot/libecrobot.a(ecrobot_usb.o)
 .comment       0x00000000       0x12 ../../ecrobot/../ecrobot/libecrobot.a(flashprog.oram)
 .comment       0x00000000       0x12 /home/adrian/lego/lego-arm/gnuarm/bin/../lib/gcc/arm-elf/4.4.2/thumb/interwork/libgcc.a(_muldi3.o)
 .comment       0x00000000       0x12 /home/adrian/lego/lego-arm/gnuarm/bin/../lib/gcc/arm-elf/4.4.2/thumb/interwork/libgcc.a(_divdi3.o)
 .comment       0x00000000       0x12 /home/adrian/lego/lego-arm/gnuarm/bin/../lib/gcc/arm-elf/4.4.2/../../../../arm-elf/lib/thumb/interwork/libc.a(lib_a-memcpy.o)
 .comment       0x00000000       0x12 /home/adrian/lego/lego-arm/gnuarm/bin/../lib/gcc/arm-elf/4.4.2/../../../../arm-elf/lib/thumb/interwork/libc.a(lib_a-memset.o)
 .comment       0x00000000       0x12 /home/adrian/lego/lego-arm/gnuarm/bin/../lib/gcc/arm-elf/4.4.2/../../../../arm-elf/lib/thumb/interwork/libc.a(lib_a-strcmp.o)
 .comment       0x00000000       0x12 /home/adrian/lego/lego-arm/gnuarm/bin/../lib/gcc/arm-elf/4.4.2/../../../../arm-elf/lib/thumb/interwork/libc.a(lib_a-strcpy.o)
 .comment       0x00000000       0x12 /home/adrian/lego/lego-arm/gnuarm/bin/../lib/gcc/arm-elf/4.4.2/../../../../arm-elf/lib/thumb/interwork/libc.a(lib_a-strlen.o)
 .comment       0x00000000       0x12 /home/adrian/lego/lego-arm/gnuarm/bin/../lib/gcc/arm-elf/4.4.2/../../../../arm-elf/lib/thumb/interwork/libc.a(lib_a-strncpy.o)

.ARM.attributes
                0x00000000       0x10
 .ARM.attributes
                0x00000000       0x10 build/kernel/alarm.o
 .ARM.attributes
                0x00000010       0x10 build/kernel/event.o
 .ARM.attributes
                0x00000020       0x10 build/kernel/interrupt.o
 .ARM.attributes
                0x00000030       0x10 build/kernel/osctl.o
 .ARM.attributes
                0x00000040       0x10 build/kernel/resource.o
 .ARM.attributes
                0x00000050       0x10 build/kernel/task.o
 .ARM.attributes
                0x00000060       0x10 build/kernel/task_manage.o
 .ARM.attributes
                0x00000070       0x10 build/config/at91sam7s-gnu/cpu_config.o
 .ARM.attributes
                0x00000080       0x10 build/config/at91sam7s-gnu/lego_nxt/sys_config.o
 .ARM.attributes
                0x00000090       0x10 build/./kernel_cfg.o
 .ARM.attributes
                0x000000a0       0x10 build/syscalls.o
 .ARM.attributes
                0x000000b0       0x10 build/ecrobot_bluetooth.o
 .ARM.attributes
                0x000000c0       0x10 build/ecrobot_base.o
 .ARM.attributes
                0x000000d0       0x10 build/ecrobot.o
 .ARM.attributes
                0x000000e0       0x10 build/helloworld.o
 .ARM.attributes
                0x000000f0       0x10 build/syslib/at91sam7s-gnu/lego_nxt/hw_sys_timer.oram
 .ARM.attributes
                0x00000100       0x10 build/nxtvm/platform/nxt/vectors.o
 .ARM.attributes
                0x00000110       0x10 build/config/at91sam7s-gnu/debug.o
 .ARM.attributes
                0x00000120       0x10 build/config/at91sam7s-gnu/lego_nxt/sys_support.o
 .ARM.attributes
                0x00000130       0x10 build/nxt_binary_header.o
 .ARM.attributes
                0x00000140       0x10 build/nxt_entry_point.o
 .ARM.attributes
                0x00000150       0x10 build/ecrobot_init.o
 .ARM.attributes
                0x00000160       0x10 build/config/at91sam7s-gnu/cpu_support.oram
 .ARM.attributes
                0x00000170       0x10 build/config/at91sam7s-gnu/irq.oram
 .ARM.attributes
                0x00000180       0x10 ../../ecrobot/../ecrobot/libecrobot.a(ecrobot_device_hook.o)
 .ARM.attributes
                0x00000190       0x10 ../../ecrobot/../ecrobot/libecrobot.a(ecrobot_interface.o)
 .ARM.attributes
                0x000001a0       0x10 ../../ecrobot/../ecrobot/libecrobot.a(colorsensor.o)
 .ARM.attributes
                0x000001b0       0x10 ../../ecrobot/../ecrobot/libecrobot.a(osek_hook.o)
 .ARM.attributes
                0x000001c0       0x10 ../../ecrobot/../ecrobot/libecrobot.a(uart.oram)
 .ARM.attributes
                0x000001d0       0x10 ../../ecrobot/../ecrobot/libecrobot.a(systick.oram)
 .ARM.attributes
                0x000001e0       0x10 ../../ecrobot/../ecrobot/libecrobot.a(byte_fifo.oram)
 .ARM.attributes
                0x000001f0       0x10 ../../ecrobot/../ecrobot/libecrobot.a(aic.oram)
 .ARM.attributes
                0x00000200       0x10 ../../ecrobot/../ecrobot/libecrobot.a(udp.oram)
 .ARM.attributes
                0x00000210       0x10 ../../ecrobot/../ecrobot/libecrobot.a(twi.oram)
 .ARM.attributes
                0x00000220       0x10 ../../ecrobot/../ecrobot/libecrobot.a(nxt_spi.oram)
 .ARM.attributes
                0x00000230       0x10 ../../ecrobot/../ecrobot/libecrobot.a(nxt_motors.oram)
 .ARM.attributes
                0x00000240       0x10 ../../ecrobot/../ecrobot/libecrobot.a(data_abort.oram)
 .ARM.attributes
                0x00000250       0x10 ../../ecrobot/../ecrobot/libecrobot.a(display.oram)
 .ARM.attributes
                0x00000260       0x10 ../../ecrobot/../ecrobot/libecrobot.a(i2c.oram)
 .ARM.attributes
                0x00000270       0x10 ../../ecrobot/../ecrobot/libecrobot.a(sound.oram)
 .ARM.attributes
                0x00000280       0x10 ../../ecrobot/../ecrobot/libecrobot.a(bt.oram)
 .ARM.attributes
                0x00000290       0x10 ../../ecrobot/../ecrobot/libecrobot.a(nxt_avr.oram)
 .ARM.attributes
                0x000002a0       0x10 ../../ecrobot/../ecrobot/libecrobot.a(sensors.oram)
 .ARM.attributes
                0x000002b0       0x10 ../../ecrobot/../ecrobot/libecrobot.a(sensors1.oram)
 .ARM.attributes
                0x000002c0       0x10 ../../ecrobot/../ecrobot/libecrobot.a(nxt_lcd.oram)
 .ARM.attributes
                0x000002d0       0x10 ../../ecrobot/../ecrobot/libecrobot.a(flash_loader.oram)
 .ARM.attributes
                0x000002e0       0x10 ../../ecrobot/../ecrobot/libecrobot.a(interrupts.oram)
 .ARM.attributes
                0x000002f0       0x10 ../../ecrobot/../ecrobot/libecrobot.a(ecrobot_usb.o)
 .ARM.attributes
                0x00000300       0x10 ../../ecrobot/../ecrobot/libecrobot.a(flashprog.oram)
 .ARM.attributes
                0x00000310       0x10 /home/adrian/lego/lego-arm/gnuarm/bin/../lib/gcc/arm-elf/4.4.2/thumb/interwork/libgcc.a(_udivsi3.o)
 .ARM.attributes
                0x00000320       0x10 /home/adrian/lego/lego-arm/gnuarm/bin/../lib/gcc/arm-elf/4.4.2/thumb/interwork/libgcc.a(_divsi3.o)
 .ARM.attributes
                0x00000330       0x10 /home/adrian/lego/lego-arm/gnuarm/bin/../lib/gcc/arm-elf/4.4.2/thumb/interwork/libgcc.a(_umodsi3.o)
 .ARM.attributes
                0x00000340       0x10 /home/adrian/lego/lego-arm/gnuarm/bin/../lib/gcc/arm-elf/4.4.2/thumb/interwork/libgcc.a(_modsi3.o)
 .ARM.attributes
                0x00000350       0x10 /home/adrian/lego/lego-arm/gnuarm/bin/../lib/gcc/arm-elf/4.4.2/thumb/interwork/libgcc.a(_dvmd_tls.o)
 .ARM.attributes
                0x00000360       0x10 /home/adrian/lego/lego-arm/gnuarm/bin/../lib/gcc/arm-elf/4.4.2/thumb/interwork/libgcc.a(_arm_addsubdf3.o)
 .ARM.attributes
                0x00000370       0x10 /home/adrian/lego/lego-arm/gnuarm/bin/../lib/gcc/arm-elf/4.4.2/thumb/interwork/libgcc.a(_arm_muldivdf3.o)
 .ARM.attributes
                0x00000380       0x10 /home/adrian/lego/lego-arm/gnuarm/bin/../lib/gcc/arm-elf/4.4.2/thumb/interwork/libgcc.a(_arm_cmpdf2.o)
 .ARM.attributes
                0x00000390       0x10 /home/adrian/lego/lego-arm/gnuarm/bin/../lib/gcc/arm-elf/4.4.2/thumb/interwork/libgcc.a(_muldi3.o)
 .ARM.attributes
                0x000003a0       0x10 /home/adrian/lego/lego-arm/gnuarm/bin/../lib/gcc/arm-elf/4.4.2/thumb/interwork/libgcc.a(_divdi3.o)
 .ARM.attributes
                0x000003b0       0x10 /home/adrian/lego/lego-arm/gnuarm/bin/../lib/gcc/arm-elf/4.4.2/thumb/interwork/libgcc.a(_clzsi2.o)
 .ARM.attributes
                0x000003c0       0x10 /home/adrian/lego/lego-arm/gnuarm/bin/../lib/gcc/arm-elf/4.4.2/../../../../arm-elf/lib/thumb/interwork/libc.a(lib_a-memcpy.o)
 .ARM.attributes
                0x000003d0       0x10 /home/adrian/lego/lego-arm/gnuarm/bin/../lib/gcc/arm-elf/4.4.2/../../../../arm-elf/lib/thumb/interwork/libc.a(lib_a-memset.o)
 .ARM.attributes
                0x000003e0       0x10 /home/adrian/lego/lego-arm/gnuarm/bin/../lib/gcc/arm-elf/4.4.2/../../../../arm-elf/lib/thumb/interwork/libc.a(lib_a-strcmp.o)
 .ARM.attributes
                0x000003f0       0x10 /home/adrian/lego/lego-arm/gnuarm/bin/../lib/gcc/arm-elf/4.4.2/../../../../arm-elf/lib/thumb/interwork/libc.a(lib_a-strcpy.o)
 .ARM.attributes
                0x00000400       0x10 /home/adrian/lego/lego-arm/gnuarm/bin/../lib/gcc/arm-elf/4.4.2/../../../../arm-elf/lib/thumb/interwork/libc.a(lib_a-strlen.o)
 .ARM.attributes
                0x00000410       0x10 /home/adrian/lego/lego-arm/gnuarm/bin/../lib/gcc/arm-elf/4.4.2/../../../../arm-elf/lib/thumb/interwork/libc.a(lib_a-strncpy.o)
 .ARM.attributes
                0x00000420       0x10 build/nxtvm/platform/nxt/vectors.o

.debug_frame    0x00000000       0xa0
 .debug_frame   0x00000000       0x28 /home/adrian/lego/lego-arm/gnuarm/bin/../lib/gcc/arm-elf/4.4.2/thumb/interwork/libgcc.a(_udivsi3.o)
 .debug_frame   0x00000028       0x28 /home/adrian/lego/lego-arm/gnuarm/bin/../lib/gcc/arm-elf/4.4.2/thumb/interwork/libgcc.a(_divsi3.o)
 .debug_frame   0x00000050       0x28 /home/adrian/lego/lego-arm/gnuarm/bin/../lib/gcc/arm-elf/4.4.2/thumb/interwork/libgcc.a(_umodsi3.o)
 .debug_frame   0x00000078       0x28 /home/adrian/lego/lego-arm/gnuarm/bin/../lib/gcc/arm-elf/4.4.2/thumb/interwork/libgcc.a(_modsi3.o)

.debug_line     0x00000000      0xf5b
 .debug_line    0x00000000       0x96 /home/adrian/lego/lego-arm/gnuarm/bin/../lib/gcc/arm-elf/4.4.2/thumb/interwork/libgcc.a(_udivsi3.o)
 .debug_line    0x00000096       0xa2 /home/adrian/lego/lego-arm/gnuarm/bin/../lib/gcc/arm-elf/4.4.2/thumb/interwork/libgcc.a(_divsi3.o)
 .debug_line    0x00000138       0x8e /home/adrian/lego/lego-arm/gnuarm/bin/../lib/gcc/arm-elf/4.4.2/thumb/interwork/libgcc.a(_umodsi3.o)
 .debug_line    0x000001c6       0x97 /home/adrian/lego/lego-arm/gnuarm/bin/../lib/gcc/arm-elf/4.4.2/thumb/interwork/libgcc.a(_modsi3.o)
 .debug_line    0x0000025d       0x80 /home/adrian/lego/lego-arm/gnuarm/bin/../lib/gcc/arm-elf/4.4.2/thumb/interwork/libgcc.a(_dvmd_tls.o)
 .debug_line    0x000002dd      0x188 /home/adrian/lego/lego-arm/gnuarm/bin/../lib/gcc/arm-elf/4.4.2/thumb/interwork/libgcc.a(_arm_addsubdf3.o)
 .debug_line    0x00000465      0x19d /home/adrian/lego/lego-arm/gnuarm/bin/../lib/gcc/arm-elf/4.4.2/thumb/interwork/libgcc.a(_arm_muldivdf3.o)
 .debug_line    0x00000602       0xca /home/adrian/lego/lego-arm/gnuarm/bin/../lib/gcc/arm-elf/4.4.2/thumb/interwork/libgcc.a(_arm_cmpdf2.o)
 .debug_line    0x000006cc       0x8b /home/adrian/lego/lego-arm/gnuarm/bin/../lib/gcc/arm-elf/4.4.2/thumb/interwork/libgcc.a(_muldi3.o)
 .debug_line    0x00000757       0xec /home/adrian/lego/lego-arm/gnuarm/bin/../lib/gcc/arm-elf/4.4.2/thumb/interwork/libgcc.a(_divdi3.o)
 .debug_line    0x00000843       0x8d /home/adrian/lego/lego-arm/gnuarm/bin/../lib/gcc/arm-elf/4.4.2/thumb/interwork/libgcc.a(_clzsi2.o)
 .debug_line    0x000008d0      0x159 /home/adrian/lego/lego-arm/gnuarm/bin/../lib/gcc/arm-elf/4.4.2/../../../../arm-elf/lib/thumb/interwork/libc.a(lib_a-memcpy.o)
 .debug_line    0x00000a29      0x154 /home/adrian/lego/lego-arm/gnuarm/bin/../lib/gcc/arm-elf/4.4.2/../../../../arm-elf/lib/thumb/interwork/libc.a(lib_a-memset.o)
 .debug_line    0x00000b7d       0xcb /home/adrian/lego/lego-arm/gnuarm/bin/../lib/gcc/arm-elf/4.4.2/../../../../arm-elf/lib/thumb/interwork/libc.a(lib_a-strcmp.o)
 .debug_line    0x00000c48       0xcb /home/adrian/lego/lego-arm/gnuarm/bin/../lib/gcc/arm-elf/4.4.2/../../../../arm-elf/lib/thumb/interwork/libc.a(lib_a-strcpy.o)
 .debug_line    0x00000d13      0x11a /home/adrian/lego/lego-arm/gnuarm/bin/../lib/gcc/arm-elf/4.4.2/../../../../arm-elf/lib/thumb/interwork/libc.a(lib_a-strlen.o)
 .debug_line    0x00000e2d      0x12e /home/adrian/lego/lego-arm/gnuarm/bin/../lib/gcc/arm-elf/4.4.2/../../../../arm-elf/lib/thumb/interwork/libc.a(lib_a-strncpy.o)

.debug_info     0x00000000     0x14ea
 .debug_info    0x00000000       0xc2 /home/adrian/lego/lego-arm/gnuarm/bin/../lib/gcc/arm-elf/4.4.2/thumb/interwork/libgcc.a(_udivsi3.o)
 .debug_info    0x000000c2       0xc2 /home/adrian/lego/lego-arm/gnuarm/bin/../lib/gcc/arm-elf/4.4.2/thumb/interwork/libgcc.a(_divsi3.o)
 .debug_info    0x00000184       0xc2 /home/adrian/lego/lego-arm/gnuarm/bin/../lib/gcc/arm-elf/4.4.2/thumb/interwork/libgcc.a(_umodsi3.o)
 .debug_info    0x00000246       0xc2 /home/adrian/lego/lego-arm/gnuarm/bin/../lib/gcc/arm-elf/4.4.2/thumb/interwork/libgcc.a(_modsi3.o)
 .debug_info    0x00000308       0xc2 /home/adrian/lego/lego-arm/gnuarm/bin/../lib/gcc/arm-elf/4.4.2/thumb/interwork/libgcc.a(_dvmd_tls.o)
 .debug_info    0x000003ca       0xc1 /home/adrian/lego/lego-arm/gnuarm/bin/../lib/gcc/arm-elf/4.4.2/thumb/interwork/libgcc.a(_arm_addsubdf3.o)
 .debug_info    0x0000048b       0xc1 /home/adrian/lego/lego-arm/gnuarm/bin/../lib/gcc/arm-elf/4.4.2/thumb/interwork/libgcc.a(_arm_muldivdf3.o)
 .debug_info    0x0000054c       0xc1 /home/adrian/lego/lego-arm/gnuarm/bin/../lib/gcc/arm-elf/4.4.2/thumb/interwork/libgcc.a(_arm_cmpdf2.o)
 .debug_info    0x0000060d      0x20e /home/adrian/lego/lego-arm/gnuarm/bin/../lib/gcc/arm-elf/4.4.2/thumb/interwork/libgcc.a(_muldi3.o)
 .debug_info    0x0000081b      0x669 /home/adrian/lego/lego-arm/gnuarm/bin/../lib/gcc/arm-elf/4.4.2/thumb/interwork/libgcc.a(_divdi3.o)
 .debug_info    0x00000e84       0xc2 /home/adrian/lego/lego-arm/gnuarm/bin/../lib/gcc/arm-elf/4.4.2/thumb/interwork/libgcc.a(_clzsi2.o)
 .debug_info    0x00000f46      0x13e /home/adrian/lego/lego-arm/gnuarm/bin/../lib/gcc/arm-elf/4.4.2/../../../../arm-elf/lib/thumb/interwork/libc.a(lib_a-memcpy.o)
 .debug_info    0x00001084      0x111 /home/adrian/lego/lego-arm/gnuarm/bin/../lib/gcc/arm-elf/4.4.2/../../../../arm-elf/lib/thumb/interwork/libc.a(lib_a-memset.o)
 .debug_info    0x00001195       0xaf /home/adrian/lego/lego-arm/gnuarm/bin/../lib/gcc/arm-elf/4.4.2/../../../../arm-elf/lib/thumb/interwork/libc.a(lib_a-strcmp.o)
 .debug_info    0x00001244       0xb7 /home/adrian/lego/lego-arm/gnuarm/bin/../lib/gcc/arm-elf/4.4.2/../../../../arm-elf/lib/thumb/interwork/libc.a(lib_a-strcpy.o)
 .debug_info    0x000012fb       0xcb /home/adrian/lego/lego-arm/gnuarm/bin/../lib/gcc/arm-elf/4.4.2/../../../../arm-elf/lib/thumb/interwork/libc.a(lib_a-strlen.o)
 .debug_info    0x000013c6      0x124 /home/adrian/lego/lego-arm/gnuarm/bin/../lib/gcc/arm-elf/4.4.2/../../../../arm-elf/lib/thumb/interwork/libc.a(lib_a-strncpy.o)

.debug_abbrev   0x00000000      0x674
 .debug_abbrev  0x00000000       0x14 /home/adrian/lego/lego-arm/gnuarm/bin/../lib/gcc/arm-elf/4.4.2/thumb/interwork/libgcc.a(_udivsi3.o)
 .debug_abbrev  0x00000014       0x14 /home/adrian/lego/lego-arm/gnuarm/bin/../lib/gcc/arm-elf/4.4.2/thumb/interwork/libgcc.a(_divsi3.o)
 .debug_abbrev  0x00000028       0x14 /home/adrian/lego/lego-arm/gnuarm/bin/../lib/gcc/arm-elf/4.4.2/thumb/interwork/libgcc.a(_umodsi3.o)
 .debug_abbrev  0x0000003c       0x14 /home/adrian/lego/lego-arm/gnuarm/bin/../lib/gcc/arm-elf/4.4.2/thumb/interwork/libgcc.a(_modsi3.o)
 .debug_abbrev  0x00000050       0x14 /home/adrian/lego/lego-arm/gnuarm/bin/../lib/gcc/arm-elf/4.4.2/thumb/interwork/libgcc.a(_dvmd_tls.o)
 .debug_abbrev  0x00000064       0x14 /home/adrian/lego/lego-arm/gnuarm/bin/../lib/gcc/arm-elf/4.4.2/thumb/interwork/libgcc.a(_arm_addsubdf3.o)
 .debug_abbrev  0x00000078       0x14 /home/adrian/lego/lego-arm/gnuarm/bin/../lib/gcc/arm-elf/4.4.2/thumb/interwork/libgcc.a(_arm_muldivdf3.o)
 .debug_abbrev  0x0000008c       0x14 /home/adrian/lego/lego-arm/gnuarm/bin/../lib/gcc/arm-elf/4.4.2/thumb/interwork/libgcc.a(_arm_cmpdf2.o)
 .debug_abbrev  0x000000a0       0xf5 /home/adrian/lego/lego-arm/gnuarm/bin/../lib/gcc/arm-elf/4.4.2/thumb/interwork/libgcc.a(_muldi3.o)
 .debug_abbrev  0x00000195      0x169 /home/adrian/lego/lego-arm/gnuarm/bin/../lib/gcc/arm-elf/4.4.2/thumb/interwork/libgcc.a(_divdi3.o)
 .debug_abbrev  0x000002fe       0x14 /home/adrian/lego/lego-arm/gnuarm/bin/../lib/gcc/arm-elf/4.4.2/thumb/interwork/libgcc.a(_clzsi2.o)
 .debug_abbrev  0x00000312       0xa0 /home/adrian/lego/lego-arm/gnuarm/bin/../lib/gcc/arm-elf/4.4.2/../../../../arm-elf/lib/thumb/interwork/libc.a(lib_a-memcpy.o)
 .debug_abbrev  0x000003b2       0xa1 /home/adrian/lego/lego-arm/gnuarm/bin/../lib/gcc/arm-elf/4.4.2/../../../../arm-elf/lib/thumb/interwork/libc.a(lib_a-memset.o)
 .debug_abbrev  0x00000453       0x76 /home/adrian/lego/lego-arm/gnuarm/bin/../lib/gcc/arm-elf/4.4.2/../../../../arm-elf/lib/thumb/interwork/libc.a(lib_a-strcmp.o)
 .debug_abbrev  0x000004c9       0x76 /home/adrian/lego/lego-arm/gnuarm/bin/../lib/gcc/arm-elf/4.4.2/../../../../arm-elf/lib/thumb/interwork/libc.a(lib_a-strcpy.o)
 .debug_abbrev  0x0000053f       0x92 /home/adrian/lego/lego-arm/gnuarm/bin/../lib/gcc/arm-elf/4.4.2/../../../../arm-elf/lib/thumb/interwork/libc.a(lib_a-strlen.o)
 .debug_abbrev  0x000005d1       0xa3 /home/adrian/lego/lego-arm/gnuarm/bin/../lib/gcc/arm-elf/4.4.2/../../../../arm-elf/lib/thumb/interwork/libc.a(lib_a-strncpy.o)

.debug_aranges  0x00000000      0x220
 .debug_aranges
                0x00000000       0x20 /home/adrian/lego/lego-arm/gnuarm/bin/../lib/gcc/arm-elf/4.4.2/thumb/interwork/libgcc.a(_udivsi3.o)
 .debug_aranges
                0x00000020       0x20 /home/adrian/lego/lego-arm/gnuarm/bin/../lib/gcc/arm-elf/4.4.2/thumb/interwork/libgcc.a(_divsi3.o)
 .debug_aranges
                0x00000040       0x20 /home/adrian/lego/lego-arm/gnuarm/bin/../lib/gcc/arm-elf/4.4.2/thumb/interwork/libgcc.a(_umodsi3.o)
 .debug_aranges
                0x00000060       0x20 /home/adrian/lego/lego-arm/gnuarm/bin/../lib/gcc/arm-elf/4.4.2/thumb/interwork/libgcc.a(_modsi3.o)
 .debug_aranges
                0x00000080       0x20 /home/adrian/lego/lego-arm/gnuarm/bin/../lib/gcc/arm-elf/4.4.2/thumb/interwork/libgcc.a(_dvmd_tls.o)
 .debug_aranges
                0x000000a0       0x20 /home/adrian/lego/lego-arm/gnuarm/bin/../lib/gcc/arm-elf/4.4.2/thumb/interwork/libgcc.a(_arm_addsubdf3.o)
 .debug_aranges
                0x000000c0       0x20 /home/adrian/lego/lego-arm/gnuarm/bin/../lib/gcc/arm-elf/4.4.2/thumb/interwork/libgcc.a(_arm_muldivdf3.o)
 .debug_aranges
                0x000000e0       0x20 /home/adrian/lego/lego-arm/gnuarm/bin/../lib/gcc/arm-elf/4.4.2/thumb/interwork/libgcc.a(_arm_cmpdf2.o)
 .debug_aranges
                0x00000100       0x20 /home/adrian/lego/lego-arm/gnuarm/bin/../lib/gcc/arm-elf/4.4.2/thumb/interwork/libgcc.a(_muldi3.o)
 .debug_aranges
                0x00000120       0x20 /home/adrian/lego/lego-arm/gnuarm/bin/../lib/gcc/arm-elf/4.4.2/thumb/interwork/libgcc.a(_divdi3.o)
 .debug_aranges
                0x00000140       0x20 /home/adrian/lego/lego-arm/gnuarm/bin/../lib/gcc/arm-elf/4.4.2/thumb/interwork/libgcc.a(_clzsi2.o)
 .debug_aranges
                0x00000160       0x20 /home/adrian/lego/lego-arm/gnuarm/bin/../lib/gcc/arm-elf/4.4.2/../../../../arm-elf/lib/thumb/interwork/libc.a(lib_a-memcpy.o)
 .debug_aranges
                0x00000180       0x20 /home/adrian/lego/lego-arm/gnuarm/bin/../lib/gcc/arm-elf/4.4.2/../../../../arm-elf/lib/thumb/interwork/libc.a(lib_a-memset.o)
 .debug_aranges
                0x000001a0       0x20 /home/adrian/lego/lego-arm/gnuarm/bin/../lib/gcc/arm-elf/4.4.2/../../../../arm-elf/lib/thumb/interwork/libc.a(lib_a-strcmp.o)
 .debug_aranges
                0x000001c0       0x20 /home/adrian/lego/lego-arm/gnuarm/bin/../lib/gcc/arm-elf/4.4.2/../../../../arm-elf/lib/thumb/interwork/libc.a(lib_a-strcpy.o)
 .debug_aranges
                0x000001e0       0x20 /home/adrian/lego/lego-arm/gnuarm/bin/../lib/gcc/arm-elf/4.4.2/../../../../arm-elf/lib/thumb/interwork/libc.a(lib_a-strlen.o)
 .debug_aranges
                0x00000200       0x20 /home/adrian/lego/lego-arm/gnuarm/bin/../lib/gcc/arm-elf/4.4.2/../../../../arm-elf/lib/thumb/interwork/libc.a(lib_a-strncpy.o)

.debug_loc      0x00000000      0xcd8
 .debug_loc     0x00000000      0x156 /home/adrian/lego/lego-arm/gnuarm/bin/../lib/gcc/arm-elf/4.4.2/thumb/interwork/libgcc.a(_muldi3.o)
 .debug_loc     0x00000156      0x800 /home/adrian/lego/lego-arm/gnuarm/bin/../lib/gcc/arm-elf/4.4.2/thumb/interwork/libgcc.a(_divdi3.o)
 .debug_loc     0x00000956      0x13b /home/adrian/lego/lego-arm/gnuarm/bin/../lib/gcc/arm-elf/4.4.2/../../../../arm-elf/lib/thumb/interwork/libc.a(lib_a-memcpy.o)
 .debug_loc     0x00000a91       0xfc /home/adrian/lego/lego-arm/gnuarm/bin/../lib/gcc/arm-elf/4.4.2/../../../../arm-elf/lib/thumb/interwork/libc.a(lib_a-memset.o)
 .debug_loc     0x00000b8d       0x13 /home/adrian/lego/lego-arm/gnuarm/bin/../lib/gcc/arm-elf/4.4.2/../../../../arm-elf/lib/thumb/interwork/libc.a(lib_a-strcmp.o)
 .debug_loc     0x00000ba0       0x13 /home/adrian/lego/lego-arm/gnuarm/bin/../lib/gcc/arm-elf/4.4.2/../../../../arm-elf/lib/thumb/interwork/libc.a(lib_a-strcpy.o)
 .debug_loc     0x00000bb3       0x26 /home/adrian/lego/lego-arm/gnuarm/bin/../lib/gcc/arm-elf/4.4.2/../../../../arm-elf/lib/thumb/interwork/libc.a(lib_a-strlen.o)
 .debug_loc     0x00000bd9       0xff /home/adrian/lego/lego-arm/gnuarm/bin/../lib/gcc/arm-elf/4.4.2/../../../../arm-elf/lib/thumb/interwork/libc.a(lib_a-strncpy.o)

.debug_pubnames
                0x00000000       0xed
 .debug_pubnames
                0x00000000       0x1f /home/adrian/lego/lego-arm/gnuarm/bin/../lib/gcc/arm-elf/4.4.2/thumb/interwork/libgcc.a(_muldi3.o)
 .debug_pubnames
                0x0000001f       0x1f /home/adrian/lego/lego-arm/gnuarm/bin/../lib/gcc/arm-elf/4.4.2/thumb/interwork/libgcc.a(_divdi3.o)
 .debug_pubnames
                0x0000003e       0x1d /home/adrian/lego/lego-arm/gnuarm/bin/../lib/gcc/arm-elf/4.4.2/../../../../arm-elf/lib/thumb/interwork/libc.a(lib_a-memcpy.o)
 .debug_pubnames
                0x0000005b       0x1d /home/adrian/lego/lego-arm/gnuarm/bin/../lib/gcc/arm-elf/4.4.2/../../../../arm-elf/lib/thumb/interwork/libc.a(lib_a-memset.o)
 .debug_pubnames
                0x00000078       0x1d /home/adrian/lego/lego-arm/gnuarm/bin/../lib/gcc/arm-elf/4.4.2/../../../../arm-elf/lib/thumb/interwork/libc.a(lib_a-strcmp.o)
 .debug_pubnames
                0x00000095       0x1d /home/adrian/lego/lego-arm/gnuarm/bin/../lib/gcc/arm-elf/4.4.2/../../../../arm-elf/lib/thumb/interwork/libc.a(lib_a-strcpy.o)
 .debug_pubnames
                0x000000b2       0x1d /home/adrian/lego/lego-arm/gnuarm/bin/../lib/gcc/arm-elf/4.4.2/../../../../arm-elf/lib/thumb/interwork/libc.a(lib_a-strlen.o)
 .debug_pubnames
                0x000000cf       0x1e /home/adrian/lego/lego-arm/gnuarm/bin/../lib/gcc/arm-elf/4.4.2/../../../../arm-elf/lib/thumb/interwork/libc.a(lib_a-strncpy.o)

.debug_ranges   0x00000000      0x120
 .debug_ranges  0x00000000       0x40 /home/adrian/lego/lego-arm/gnuarm/bin/../lib/gcc/arm-elf/4.4.2/thumb/interwork/libgcc.a(_muldi3.o)
 .debug_ranges  0x00000040       0xe0 /home/adrian/lego/lego-arm/gnuarm/bin/../lib/gcc/arm-elf/4.4.2/thumb/interwork/libgcc.a(_divdi3.o)

.debug_str      0x00000000      0x3d0
 .debug_str     0x00000000      0x153 /home/adrian/lego/lego-arm/gnuarm/bin/../lib/gcc/arm-elf/4.4.2/thumb/interwork/libgcc.a(_muldi3.o)
                                0x1a7 (size before relaxing)
 .debug_str     0x00000153       0x3c /home/adrian/lego/lego-arm/gnuarm/bin/../lib/gcc/arm-elf/4.4.2/thumb/interwork/libgcc.a(_divdi3.o)
                                0x1da (size before relaxing)
 .debug_str     0x0000018f       0x7e /home/adrian/lego/lego-arm/gnuarm/bin/../lib/gcc/arm-elf/4.4.2/../../../../arm-elf/lib/thumb/interwork/libc.a(lib_a-memcpy.o)
                                0x113 (size before relaxing)
 .debug_str     0x0000020d       0x64 /home/adrian/lego/lego-arm/gnuarm/bin/../lib/gcc/arm-elf/4.4.2/../../../../arm-elf/lib/thumb/interwork/libc.a(lib_a-memset.o)
                                0x100 (size before relaxing)
 .debug_str     0x00000271       0x55 /home/adrian/lego/lego-arm/gnuarm/bin/../lib/gcc/arm-elf/4.4.2/../../../../arm-elf/lib/thumb/interwork/libc.a(lib_a-strcmp.o)
                                 0xea (size before relaxing)
 .debug_str     0x000002c6       0x55 /home/adrian/lego/lego-arm/gnuarm/bin/../lib/gcc/arm-elf/4.4.2/../../../../arm-elf/lib/thumb/interwork/libc.a(lib_a-strcpy.o)
                                 0xea (size before relaxing)
 .debug_str     0x0000031b       0x5d /home/adrian/lego/lego-arm/gnuarm/bin/../lib/gcc/arm-elf/4.4.2/../../../../arm-elf/lib/thumb/interwork/libc.a(lib_a-strlen.o)
                                 0xf9 (size before relaxing)
 .debug_str     0x00000378       0x58 /home/adrian/lego/lego-arm/gnuarm/bin/../lib/gcc/arm-elf/4.4.2/../../../../arm-elf/lib/thumb/interwork/libc.a(lib_a-strncpy.o)
                                0x116 (size before relaxing)

Cross Reference Table

Symbol                                            File
ActivateTask                                      build/kernel/task_manage.o
CancelAlarm                                       build/kernel/alarm.o
ChainTask                                         build/kernel/task_manage.o
ClearEvent                                        build/kernel/event.o
DisableAllInterrupts                              build/kernel/interrupt.o
EnableAllInterrupts                               build/kernel/interrupt.o
ErrorHook                                         ../../ecrobot/../ecrobot/libecrobot.a(osek_hook.o)
                                                  build/kernel/osctl.o
GetActiveApplicationMode                          build/kernel/osctl.o
GetAlarm                                          build/kernel/alarm.o
GetAlarmBase                                      build/kernel/alarm.o
GetEvent                                          build/kernel/event.o
GetResource                                       build/kernel/resource.o
GetTaskID                                         build/kernel/task_manage.o
GetTaskState                                      build/kernel/task_manage.o
NXT_COLORSENSOR_PROTOCOLS                         ../../ecrobot/../ecrobot/libecrobot.a(ecrobot_interface.o)
NXT_Entry_Point                                   build/nxt_entry_point.o
                                                  build/nxt_binary_header.o
OSEK_Task_Background                              build/./kernel_cfg.o
PostTaskHook                                      ../../ecrobot/../ecrobot/libecrobot.a(osek_hook.o)
                                                  build/config/at91sam7s-gnu/cpu_support.oram
                                                  build/kernel/osctl.o
PreTaskHook                                       ../../ecrobot/../ecrobot/libecrobot.a(osek_hook.o)
                                                  build/config/at91sam7s-gnu/cpu_support.oram
                                                  build/kernel/osctl.o
ReleaseResource                                   build/kernel/resource.o
ResumeAllInterrupts                               build/kernel/interrupt.o
ResumeOSInterrupts                                build/kernel/interrupt.o
Schedule                                          build/kernel/task_manage.o
SetAbsAlarm                                       build/kernel/alarm.o
SetEvent                                          build/kernel/event.o
SetRelAlarm                                       build/kernel/alarm.o
ShutdownHook                                      ../../ecrobot/../ecrobot/libecrobot.a(osek_hook.o)
                                                  build/kernel/osctl.o
ShutdownOS                                        build/kernel/osctl.o
SignalCounter                                     build/kernel/alarm.o
StartOS                                           build/kernel/osctl.o
                                                  build/ecrobot.o
StartupHook                                       ../../ecrobot/../ecrobot/libecrobot.a(osek_hook.o)
                                                  build/kernel/osctl.o
SuspendAllInterrupts                              build/kernel/interrupt.o
SuspendOSInterrupts                               build/kernel/interrupt.o
TaskMainOSEK_Task_Background                      build/helloworld.o
                                                  build/./kernel_cfg.o
TerminateTask                                     build/kernel/task_manage.o
WaitEvent                                         build/kernel/event.o
__adddf3                                          /home/adrian/lego/lego-arm/gnuarm/bin/../lib/gcc/arm-elf/4.4.2/thumb/interwork/libgcc.a(_arm_addsubdf3.o)
__aeabi_cdcmpeq                                   /home/adrian/lego/lego-arm/gnuarm/bin/../lib/gcc/arm-elf/4.4.2/thumb/interwork/libgcc.a(_arm_cmpdf2.o)
__aeabi_cdcmple                                   /home/adrian/lego/lego-arm/gnuarm/bin/../lib/gcc/arm-elf/4.4.2/thumb/interwork/libgcc.a(_arm_cmpdf2.o)
__aeabi_cdrcmple                                  /home/adrian/lego/lego-arm/gnuarm/bin/../lib/gcc/arm-elf/4.4.2/thumb/interwork/libgcc.a(_arm_cmpdf2.o)
__aeabi_dadd                                      /home/adrian/lego/lego-arm/gnuarm/bin/../lib/gcc/arm-elf/4.4.2/thumb/interwork/libgcc.a(_arm_addsubdf3.o)
__aeabi_dcmpeq                                    /home/adrian/lego/lego-arm/gnuarm/bin/../lib/gcc/arm-elf/4.4.2/thumb/interwork/libgcc.a(_arm_cmpdf2.o)
__aeabi_dcmpge                                    /home/adrian/lego/lego-arm/gnuarm/bin/../lib/gcc/arm-elf/4.4.2/thumb/interwork/libgcc.a(_arm_cmpdf2.o)
__aeabi_dcmpgt                                    /home/adrian/lego/lego-arm/gnuarm/bin/../lib/gcc/arm-elf/4.4.2/thumb/interwork/libgcc.a(_arm_cmpdf2.o)
__aeabi_dcmple                                    /home/adrian/lego/lego-arm/gnuarm/bin/../lib/gcc/arm-elf/4.4.2/thumb/interwork/libgcc.a(_arm_cmpdf2.o)
__aeabi_dcmplt                                    /home/adrian/lego/lego-arm/gnuarm/bin/../lib/gcc/arm-elf/4.4.2/thumb/interwork/libgcc.a(_arm_cmpdf2.o)
__aeabi_ddiv                                      /home/adrian/lego/lego-arm/gnuarm/bin/../lib/gcc/arm-elf/4.4.2/thumb/interwork/libgcc.a(_arm_muldivdf3.o)
__aeabi_dmul                                      /home/adrian/lego/lego-arm/gnuarm/bin/../lib/gcc/arm-elf/4.4.2/thumb/interwork/libgcc.a(_arm_muldivdf3.o)
__aeabi_drsub                                     /home/adrian/lego/lego-arm/gnuarm/bin/../lib/gcc/arm-elf/4.4.2/thumb/interwork/libgcc.a(_arm_addsubdf3.o)
__aeabi_dsub                                      /home/adrian/lego/lego-arm/gnuarm/bin/../lib/gcc/arm-elf/4.4.2/thumb/interwork/libgcc.a(_arm_addsubdf3.o)
__aeabi_f2d                                       /home/adrian/lego/lego-arm/gnuarm/bin/../lib/gcc/arm-elf/4.4.2/thumb/interwork/libgcc.a(_arm_addsubdf3.o)
__aeabi_i2d                                       /home/adrian/lego/lego-arm/gnuarm/bin/../lib/gcc/arm-elf/4.4.2/thumb/interwork/libgcc.a(_arm_addsubdf3.o)
__aeabi_idiv                                      /home/adrian/lego/lego-arm/gnuarm/bin/../lib/gcc/arm-elf/4.4.2/thumb/interwork/libgcc.a(_divsi3.o)
__aeabi_idiv0                                     /home/adrian/lego/lego-arm/gnuarm/bin/../lib/gcc/arm-elf/4.4.2/thumb/interwork/libgcc.a(_dvmd_tls.o)
__aeabi_idivmod                                   /home/adrian/lego/lego-arm/gnuarm/bin/../lib/gcc/arm-elf/4.4.2/thumb/interwork/libgcc.a(_divsi3.o)
__aeabi_l2d                                       /home/adrian/lego/lego-arm/gnuarm/bin/../lib/gcc/arm-elf/4.4.2/thumb/interwork/libgcc.a(_arm_addsubdf3.o)
__aeabi_ldiv0                                     /home/adrian/lego/lego-arm/gnuarm/bin/../lib/gcc/arm-elf/4.4.2/thumb/interwork/libgcc.a(_dvmd_tls.o)
__aeabi_ui2d                                      /home/adrian/lego/lego-arm/gnuarm/bin/../lib/gcc/arm-elf/4.4.2/thumb/interwork/libgcc.a(_arm_addsubdf3.o)
__aeabi_uidiv                                     /home/adrian/lego/lego-arm/gnuarm/bin/../lib/gcc/arm-elf/4.4.2/thumb/interwork/libgcc.a(_udivsi3.o)
__aeabi_uidivmod                                  /home/adrian/lego/lego-arm/gnuarm/bin/../lib/gcc/arm-elf/4.4.2/thumb/interwork/libgcc.a(_udivsi3.o)
__aeabi_ul2d                                      /home/adrian/lego/lego-arm/gnuarm/bin/../lib/gcc/arm-elf/4.4.2/thumb/interwork/libgcc.a(_arm_addsubdf3.o)
__bss_end__                                       build/ecrobot_init.o
__bss_start__                                     build/ecrobot_init.o
__call_posttaskhook_from_arm                      linker stubs
__call_pretaskhook_from_arm                       linker stubs
__clzsi2                                          /home/adrian/lego/lego-arm/gnuarm/bin/../lib/gcc/arm-elf/4.4.2/thumb/interwork/libgcc.a(_clzsi2.o)
                                                  /home/adrian/lego/lego-arm/gnuarm/bin/../lib/gcc/arm-elf/4.4.2/thumb/interwork/libgcc.a(_divdi3.o)
__cmpdf2                                          /home/adrian/lego/lego-arm/gnuarm/bin/../lib/gcc/arm-elf/4.4.2/thumb/interwork/libgcc.a(_arm_cmpdf2.o)
__ctor_begin                                      build/ecrobot_base.o
__ctor_end                                        build/ecrobot_base.o
__data_load_end__                                 build/ecrobot_init.o
__data_load_start__                               build/ecrobot_init.o
__data_ram_start__                                build/ecrobot_init.o
__div0                                            /home/adrian/lego/lego-arm/gnuarm/bin/../lib/gcc/arm-elf/4.4.2/thumb/interwork/libgcc.a(_dvmd_tls.o)
                                                  /home/adrian/lego/lego-arm/gnuarm/bin/../lib/gcc/arm-elf/4.4.2/thumb/interwork/libgcc.a(_modsi3.o)
                                                  /home/adrian/lego/lego-arm/gnuarm/bin/../lib/gcc/arm-elf/4.4.2/thumb/interwork/libgcc.a(_umodsi3.o)
                                                  /home/adrian/lego/lego-arm/gnuarm/bin/../lib/gcc/arm-elf/4.4.2/thumb/interwork/libgcc.a(_divsi3.o)
                                                  /home/adrian/lego/lego-arm/gnuarm/bin/../lib/gcc/arm-elf/4.4.2/thumb/interwork/libgcc.a(_udivsi3.o)
__divdf3                                          /home/adrian/lego/lego-arm/gnuarm/bin/../lib/gcc/arm-elf/4.4.2/thumb/interwork/libgcc.a(_arm_muldivdf3.o)
__divdi3                                          /home/adrian/lego/lego-arm/gnuarm/bin/../lib/gcc/arm-elf/4.4.2/thumb/interwork/libgcc.a(_divdi3.o)
                                                  ../../ecrobot/../ecrobot/libecrobot.a(sound.oram)
__divsi3                                          /home/adrian/lego/lego-arm/gnuarm/bin/../lib/gcc/arm-elf/4.4.2/thumb/interwork/libgcc.a(_divsi3.o)
                                                  ../../ecrobot/../ecrobot/libecrobot.a(sound.oram)
                                                  ../../ecrobot/../ecrobot/libecrobot.a(uart.oram)
__dtor_begin                                      build/ecrobot_base.o
__dtor_end                                        build/ecrobot_base.o
__eqdf2                                           /home/adrian/lego/lego-arm/gnuarm/bin/../lib/gcc/arm-elf/4.4.2/thumb/interwork/libgcc.a(_arm_cmpdf2.o)
__extendsfdf2                                     /home/adrian/lego/lego-arm/gnuarm/bin/../lib/gcc/arm-elf/4.4.2/thumb/interwork/libgcc.a(_arm_addsubdf3.o)
__floatdidf                                       /home/adrian/lego/lego-arm/gnuarm/bin/../lib/gcc/arm-elf/4.4.2/thumb/interwork/libgcc.a(_arm_addsubdf3.o)
__floatsidf                                       /home/adrian/lego/lego-arm/gnuarm/bin/../lib/gcc/arm-elf/4.4.2/thumb/interwork/libgcc.a(_arm_addsubdf3.o)
                                                  ../../ecrobot/../ecrobot/libecrobot.a(colorsensor.o)
__floatundidf                                     /home/adrian/lego/lego-arm/gnuarm/bin/../lib/gcc/arm-elf/4.4.2/thumb/interwork/libgcc.a(_arm_addsubdf3.o)
__floatunsidf                                     /home/adrian/lego/lego-arm/gnuarm/bin/../lib/gcc/arm-elf/4.4.2/thumb/interwork/libgcc.a(_arm_addsubdf3.o)
__gedf2                                           /home/adrian/lego/lego-arm/gnuarm/bin/../lib/gcc/arm-elf/4.4.2/thumb/interwork/libgcc.a(_arm_cmpdf2.o)
__gtdf2                                           /home/adrian/lego/lego-arm/gnuarm/bin/../lib/gcc/arm-elf/4.4.2/thumb/interwork/libgcc.a(_arm_cmpdf2.o)
                                                  ../../ecrobot/../ecrobot/libecrobot.a(colorsensor.o)
__irq_stack__                                     build/ecrobot_init.o
__ledf2                                           /home/adrian/lego/lego-arm/gnuarm/bin/../lib/gcc/arm-elf/4.4.2/thumb/interwork/libgcc.a(_arm_cmpdf2.o)
__ltdf2                                           /home/adrian/lego/lego-arm/gnuarm/bin/../lib/gcc/arm-elf/4.4.2/thumb/interwork/libgcc.a(_arm_cmpdf2.o)
__modsi3                                          /home/adrian/lego/lego-arm/gnuarm/bin/../lib/gcc/arm-elf/4.4.2/thumb/interwork/libgcc.a(_modsi3.o)
                                                  ../../ecrobot/../ecrobot/libecrobot.a(sound.oram)
__muldf3                                          /home/adrian/lego/lego-arm/gnuarm/bin/../lib/gcc/arm-elf/4.4.2/thumb/interwork/libgcc.a(_arm_muldivdf3.o)
                                                  ../../ecrobot/../ecrobot/libecrobot.a(colorsensor.o)
__muldi3                                          /home/adrian/lego/lego-arm/gnuarm/bin/../lib/gcc/arm-elf/4.4.2/thumb/interwork/libgcc.a(_muldi3.o)
                                                  ../../ecrobot/../ecrobot/libecrobot.a(sound.oram)
__nedf2                                           /home/adrian/lego/lego-arm/gnuarm/bin/../lib/gcc/arm-elf/4.4.2/thumb/interwork/libgcc.a(_arm_cmpdf2.o)
__ramtext_load_end__                              build/ecrobot_init.o
__ramtext_load_start__                            build/ecrobot_init.o
__ramtext_ram_start__                             build/ecrobot_init.o
__stack_end__                                     build/ecrobot_init.o
__stack_start__                                   build/ecrobot_init.o
__subdf3                                          /home/adrian/lego/lego-arm/gnuarm/bin/../lib/gcc/arm-elf/4.4.2/thumb/interwork/libgcc.a(_arm_addsubdf3.o)
__system_stack__                                  build/config/at91sam7s-gnu/cpu_support.oram
                                                  build/ecrobot_init.o
__udivsi3                                         /home/adrian/lego/lego-arm/gnuarm/bin/../lib/gcc/arm-elf/4.4.2/thumb/interwork/libgcc.a(_udivsi3.o)
                                                  /home/adrian/lego/lego-arm/gnuarm/bin/../lib/gcc/arm-elf/4.4.2/thumb/interwork/libgcc.a(_divdi3.o)
                                                  ../../ecrobot/../ecrobot/libecrobot.a(sound.oram)
                                                  ../../ecrobot/../ecrobot/libecrobot.a(display.oram)
                                                  ../../ecrobot/../ecrobot/libecrobot.a(ecrobot_interface.o)
                                                  build/ecrobot_base.o
__umodsi3                                         /home/adrian/lego/lego-arm/gnuarm/bin/../lib/gcc/arm-elf/4.4.2/thumb/interwork/libgcc.a(_umodsi3.o)
                                                  /home/adrian/lego/lego-arm/gnuarm/bin/../lib/gcc/arm-elf/4.4.2/thumb/interwork/libgcc.a(_divdi3.o)
                                                  ../../ecrobot/../ecrobot/libecrobot.a(display.oram)
__vectors_load_end__                              build/ecrobot_init.o
__vectors_load_start__                            build/ecrobot_init.o
__vectors_ram_start__                             build/ecrobot_init.o
_errorhook_par1                                   build/kernel/task_manage.o
                                                  build/kernel/resource.o
                                                  build/kernel/osctl.o
                                                  build/kernel/event.o
                                                  build/kernel/alarm.o
_errorhook_par2                                   build/kernel/task_manage.o
                                                  build/kernel/osctl.o
                                                  build/kernel/event.o
                                                  build/kernel/alarm.o
_errorhook_par3                                   build/kernel/osctl.o
                                                  build/kernel/alarm.o
_errorhook_svcid                                  build/kernel/osctl.o
_interrupt                                        build/config/at91sam7s-gnu/cpu_support.oram
                                                  build/config/at91sam7s-gnu/irq.oram
_sbrk_r                                           build/syscalls.o
activate_r                                        build/config/at91sam7s-gnu/cpu_support.oram
                                                  build/kernel/task.o
add_status_info                                   build/ecrobot_base.o
                                                  build/ecrobot.o
                                                  build/ecrobot_bluetooth.o
aic_clear                                         ../../ecrobot/../ecrobot/libecrobot.a(aic.oram)
                                                  ../../ecrobot/../ecrobot/libecrobot.a(bt.oram)
                                                  ../../ecrobot/../ecrobot/libecrobot.a(sound.oram)
aic_initialise                                    ../../ecrobot/../ecrobot/libecrobot.a(aic.oram)
                                                  ../../ecrobot/../ecrobot/libecrobot.a(flash_loader.oram)
aic_mask_off                                      ../../ecrobot/../ecrobot/libecrobot.a(aic.oram)
                                                  ../../ecrobot/../ecrobot/libecrobot.a(bt.oram)
                                                  ../../ecrobot/../ecrobot/libecrobot.a(i2c.oram)
                                                  ../../ecrobot/../ecrobot/libecrobot.a(nxt_motors.oram)
                                                  ../../ecrobot/../ecrobot/libecrobot.a(nxt_spi.oram)
                                                  ../../ecrobot/../ecrobot/libecrobot.a(twi.oram)
                                                  ../../ecrobot/../ecrobot/libecrobot.a(udp.oram)
                                                  ../../ecrobot/../ecrobot/libecrobot.a(systick.oram)
                                                  ../../ecrobot/../ecrobot/libecrobot.a(uart.oram)
aic_mask_on                                       ../../ecrobot/../ecrobot/libecrobot.a(aic.oram)
                                                  ../../ecrobot/../ecrobot/libecrobot.a(sound.oram)
                                                  ../../ecrobot/../ecrobot/libecrobot.a(i2c.oram)
                                                  ../../ecrobot/../ecrobot/libecrobot.a(nxt_motors.oram)
                                                  ../../ecrobot/../ecrobot/libecrobot.a(nxt_spi.oram)
                                                  ../../ecrobot/../ecrobot/libecrobot.a(twi.oram)
                                                  ../../ecrobot/../ecrobot/libecrobot.a(udp.oram)
                                                  ../../ecrobot/../ecrobot/libecrobot.a(systick.oram)
                                                  ../../ecrobot/../ecrobot/libecrobot.a(uart.oram)
aic_set_vector                                    ../../ecrobot/../ecrobot/libecrobot.a(aic.oram)
                                                  ../../ecrobot/../ecrobot/libecrobot.a(sound.oram)
                                                  ../../ecrobot/../ecrobot/libecrobot.a(i2c.oram)
                                                  ../../ecrobot/../ecrobot/libecrobot.a(nxt_motors.oram)
                                                  ../../ecrobot/../ecrobot/libecrobot.a(nxt_spi.oram)
                                                  ../../ecrobot/../ecrobot/libecrobot.a(twi.oram)
                                                  ../../ecrobot/../ecrobot/libecrobot.a(udp.oram)
                                                  ../../ecrobot/../ecrobot/libecrobot.a(systick.oram)
                                                  ../../ecrobot/../ecrobot/libecrobot.a(uart.oram)
alarm_initialize                                  build/kernel/alarm.o
almcb_almval                                      build/./kernel_cfg.o
                                                  build/kernel/alarm.o
almcb_cycle                                       build/./kernel_cfg.o
                                                  build/kernel/alarm.o
almcb_next                                        build/./kernel_cfg.o
                                                  build/kernel/alarm.o
almcb_prev                                        build/./kernel_cfg.o
                                                  build/kernel/alarm.o
alminib_almval                                    build/./kernel_cfg.o
                                                  build/kernel/alarm.o
alminib_autosta                                   build/./kernel_cfg.o
                                                  build/kernel/alarm.o
alminib_cback                                     build/./kernel_cfg.o
                                                  build/kernel/alarm.o
alminib_cntid                                     build/./kernel_cfg.o
                                                  build/kernel/alarm.o
alminib_cycle                                     build/./kernel_cfg.o
                                                  build/kernel/alarm.o
appmode                                           build/kernel/task.o
                                                  build/kernel/osctl.o
                                                  build/kernel/alarm.o
avr_brainwash_string                              ../../ecrobot/../ecrobot/libecrobot.a(nxt_avr.oram)
battery_voltage                                   ../../ecrobot/../ecrobot/libecrobot.a(nxt_avr.oram)
                                                  ../../ecrobot/../ecrobot/libecrobot.a(ecrobot_interface.o)
bt_clear_arm7_cmd                                 ../../ecrobot/../ecrobot/libecrobot.a(bt.oram)
                                                  build/ecrobot_bluetooth.o
bt_get_mode                                       ../../ecrobot/../ecrobot/libecrobot.a(bt.oram)
bt_init                                           ../../ecrobot/../ecrobot/libecrobot.a(bt.oram)
                                                  ../../ecrobot/../ecrobot/libecrobot.a(flash_loader.oram)
bt_pending                                        ../../ecrobot/../ecrobot/libecrobot.a(bt.oram)
                                                  build/ecrobot_bluetooth.o
bt_read                                           ../../ecrobot/../ecrobot/libecrobot.a(bt.oram)